Component: Arm Compiler for Embedded 6.18 Tool: armlink [5e4cc100]

==============================================================================

Section Cross References

    main.o(.text.main) refers to gpio.o(.text.PinOutputSet) for PinOutputSet
    main.o(.text.main) refers to adc.o(.text.PinADCSet) for PinADCSet
    main.o(.text.main) refers to adc.o(.text.ADC_IRQ_ON) for ADC_IRQ_ON
    main.o(.text.main) refers to adc.o(.text.ADC_Pin_Set) for ADC_Pin_Set
    main.o(.text.main) refers to gpio.o(.text.PinW) for PinW
    main.o(.text.main) refers to main.o(.bss.adc_check) for adc_check
    main.o(.text.main) refers to adc.o(.text.ADC_Rx) for ADC_Rx
    main.o(.text.main) refers to main.o(.bss.ADC_data1) for ADC_data1
    main.o(.text.main) refers to adc.o(.text.PinADCRx) for PinADCRx
    main.o(.text.main) refers to main.o(.bss.ADC_data2) for ADC_data2
    main.o(.ARM.exidx.text.main) refers to main.o(.text.main) for [Anonymous Symbol]
    main.o(.text.ADC_IRQHandler) refers to adc.o(.text.ADC_IRQ_Check) for ADC_IRQ_Check
    main.o(.text.ADC_IRQHandler) refers to main.o(.bss.adc_check) for adc_check
    main.o(.ARM.exidx.text.ADC_IRQHandler) refers to main.o(.text.ADC_IRQHandler) for [Anonymous Symbol]
    gpio.o(.ARM.exidx.text.GPIOPortInit) refers to gpio.o(.text.GPIOPortInit) for [Anonymous Symbol]
    gpio.o(.ARM.exidx.text.get_GPIO) refers to gpio.o(.text.get_GPIO) for [Anonymous Symbol]
    gpio.o(.text.PinModeSet) refers to gpio.o(.text.get_GPIO) for get_GPIO
    gpio.o(.ARM.exidx.text.PinModeSet) refers to gpio.o(.text.PinModeSet) for [Anonymous Symbol]
    gpio.o(.text.PinModeOut) refers to gpio.o(.text.PinModeSet) for PinModeSet
    gpio.o(.ARM.exidx.text.PinModeOut) refers to gpio.o(.text.PinModeOut) for [Anonymous Symbol]
    gpio.o(.text.PinModeIn) refers to gpio.o(.text.PinModeSet) for PinModeSet
    gpio.o(.ARM.exidx.text.PinModeIn) refers to gpio.o(.text.PinModeIn) for [Anonymous Symbol]
    gpio.o(.text.PinModeAF) refers to gpio.o(.text.PinModeSet) for PinModeSet
    gpio.o(.ARM.exidx.text.PinModeAF) refers to gpio.o(.text.PinModeAF) for [Anonymous Symbol]
    gpio.o(.text.PinModeADC) refers to gpio.o(.text.PinModeSet) for PinModeSet
    gpio.o(.ARM.exidx.text.PinModeADC) refers to gpio.o(.text.PinModeADC) for [Anonymous Symbol]
    gpio.o(.text.PinOutputSet) refers to gpio.o(.text.get_GPIO) for get_GPIO
    gpio.o(.text.PinOutputSet) refers to gpio.o(.text.GPIOPortInit) for GPIOPortInit
    gpio.o(.text.PinOutputSet) refers to gpio.o(.text.PinModeOut) for PinModeOut
    gpio.o(.ARM.exidx.text.PinOutputSet) refers to gpio.o(.text.PinOutputSet) for [Anonymous Symbol]
    gpio.o(.text.PinInputSet) refers to gpio.o(.text.get_GPIO) for get_GPIO
    gpio.o(.text.PinInputSet) refers to gpio.o(.text.GPIOPortInit) for GPIOPortInit
    gpio.o(.text.PinInputSet) refers to gpio.o(.text.PinModeIn) for PinModeIn
    gpio.o(.ARM.exidx.text.PinInputSet) refers to gpio.o(.text.PinInputSet) for [Anonymous Symbol]
    gpio.o(.text.PinW) refers to gpio.o(.text.get_GPIO) for get_GPIO
    gpio.o(.ARM.exidx.text.PinW) refers to gpio.o(.text.PinW) for [Anonymous Symbol]
    gpio.o(.text.PinR) refers to gpio.o(.text.get_GPIO) for get_GPIO
    gpio.o(.ARM.exidx.text.PinR) refers to gpio.o(.text.PinR) for [Anonymous Symbol]
    gpio.o(.text.PinToggle) refers to gpio.o(.text.get_GPIO) for get_GPIO
    gpio.o(.text.PinToggle) refers to gpio.o(.text.PinR) for PinR
    gpio.o(.text.PinToggle) refers to gpio.o(.text.PinW) for PinW
    gpio.o(.ARM.exidx.text.PinToggle) refers to gpio.o(.text.PinToggle) for [Anonymous Symbol]
    gpio.o(.text.PinsSet) refers to gpio.o(.text.PinInputSet) for PinInputSet
    gpio.o(.text.PinsSet) refers to gpio.o(.text.PinOutputSet) for PinOutputSet
    gpio.o(.ARM.exidx.text.PinsSet) refers to gpio.o(.text.PinsSet) for [Anonymous Symbol]
    gpio.o(.text.PinsInputSet) refers to gpio.o(.text.PinsSet) for PinsSet
    gpio.o(.ARM.exidx.text.PinsInputSet) refers to gpio.o(.text.PinsInputSet) for [Anonymous Symbol]
    gpio.o(.text.PinsOutputSet) refers to gpio.o(.text.PinsSet) for PinsSet
    gpio.o(.ARM.exidx.text.PinsOutputSet) refers to gpio.o(.text.PinsOutputSet) for [Anonymous Symbol]
    gpio.o(.text.PinIrqStart) refers to gpio.o(.text.PinInputSet) for PinInputSet
    gpio.o(.text.PinIrqStart) refers to gpio.o(.text.__NVIC_EnableIRQ) for __NVIC_EnableIRQ
    gpio.o(.ARM.exidx.text.PinIrqStart) refers to gpio.o(.text.PinIrqStart) for [Anonymous Symbol]
    gpio.o(.ARM.exidx.text.__NVIC_EnableIRQ) refers to gpio.o(.text.__NVIC_EnableIRQ) for [Anonymous Symbol]
    gpio.o(.text.IrqEStart) refers to gpio.o(.text.PinIrqStart) for PinIrqStart
    gpio.o(.ARM.exidx.text.IrqEStart) refers to gpio.o(.text.IrqEStart) for [Anonymous Symbol]
    gpio.o(.text.PinIrqRE) refers to gpio.o(.text.IrqEStart) for IrqEStart
    gpio.o(.ARM.exidx.text.PinIrqRE) refers to gpio.o(.text.PinIrqRE) for [Anonymous Symbol]
    gpio.o(.text.PinIrqFE) refers to gpio.o(.text.IrqEStart) for IrqEStart
    gpio.o(.ARM.exidx.text.PinIrqFE) refers to gpio.o(.text.PinIrqFE) for [Anonymous Symbol]
    gpio.o(.text.PinIrqRFE) refers to gpio.o(.text.IrqEStart) for IrqEStart
    gpio.o(.ARM.exidx.text.PinIrqRFE) refers to gpio.o(.text.PinIrqRFE) for [Anonymous Symbol]
    gpio.o(.ARM.exidx.text.IrqEStop) refers to gpio.o(.text.IrqEStop) for [Anonymous Symbol]
    gpio.o(.text.PinIrqFeStop) refers to gpio.o(.text.IrqEStop) for IrqEStop
    gpio.o(.ARM.exidx.text.PinIrqFeStop) refers to gpio.o(.text.PinIrqFeStop) for [Anonymous Symbol]
    gpio.o(.text.PinIrqReStop) refers to gpio.o(.text.IrqEStop) for IrqEStop
    gpio.o(.ARM.exidx.text.PinIrqReStop) refers to gpio.o(.text.PinIrqReStop) for [Anonymous Symbol]
    gpio.o(.text.PinIrqFReStop) refers to gpio.o(.text.IrqEStop) for IrqEStop
    gpio.o(.ARM.exidx.text.PinIrqFReStop) refers to gpio.o(.text.PinIrqFReStop) for [Anonymous Symbol]
    gpio.o(.text.PinIrqStop) refers to gpio.o(.text.PinIrqFReStop) for PinIrqFReStop
    gpio.o(.text.PinIrqStop) refers to gpio.o(.text.__NVIC_DisableIRQ) for __NVIC_DisableIRQ
    gpio.o(.ARM.exidx.text.PinIrqStop) refers to gpio.o(.text.PinIrqStop) for [Anonymous Symbol]
    gpio.o(.ARM.exidx.text.__NVIC_DisableIRQ) refers to gpio.o(.text.__NVIC_DisableIRQ) for [Anonymous Symbol]
    clock.o(.ARM.exidx.text.ClockHseOn) refers to clock.o(.text.ClockHseOn) for [Anonymous Symbol]
    clock.o(.ARM.exidx.text.ClockHseOff) refers to clock.o(.text.ClockHseOff) for [Anonymous Symbol]
    clock.o(.ARM.exidx.text.ClockPllOn) refers to clock.o(.text.ClockPllOn) for [Anonymous Symbol]
    clock.o(.ARM.exidx.text.ClockPllOff) refers to clock.o(.text.ClockPllOff) for [Anonymous Symbol]
    clock.o(.text.ClockMCO1) refers to gpio.o(.text.PinOutputSet) for PinOutputSet
    clock.o(.text.ClockMCO1) refers to gpio.o(.text.PinModeAF) for PinModeAF
    clock.o(.ARM.exidx.text.ClockMCO1) refers to clock.o(.text.ClockMCO1) for [Anonymous Symbol]
    clock.o(.text.ClockMCO2) refers to gpio.o(.text.PinOutputSet) for PinOutputSet
    clock.o(.text.ClockMCO2) refers to gpio.o(.text.PinModeAF) for PinModeAF
    clock.o(.ARM.exidx.text.ClockMCO2) refers to clock.o(.text.ClockMCO2) for [Anonymous Symbol]
    clock.o(.ARM.exidx.text.ClockPll) refers to clock.o(.text.ClockPll) for [Anonymous Symbol]
    clock.o(.text.ClockSysSpeed) refers to clock.o(.text.ClockPll) for ClockPll
    clock.o(.ARM.exidx.text.ClockSysSpeed) refers to clock.o(.text.ClockSysSpeed) for [Anonymous Symbol]
    clock.o(.text.AHBClokSpeed) refers to clock.o(.text.ClockSysSpeed) for ClockSysSpeed
    clock.o(.ARM.exidx.text.AHBClokSpeed) refers to clock.o(.text.AHBClokSpeed) for [Anonymous Symbol]
    clock.o(.text.APB1ClockSpeed) refers to clock.o(.text.ClockSysSpeed) for ClockSysSpeed
    clock.o(.ARM.exidx.text.APB1ClockSpeed) refers to clock.o(.text.APB1ClockSpeed) for [Anonymous Symbol]
    clock.o(.text.APB2ClockSpeed) refers to clock.o(.text.ClockSysSpeed) for ClockSysSpeed
    clock.o(.ARM.exidx.text.APB2ClockSpeed) refers to clock.o(.text.APB2ClockSpeed) for [Anonymous Symbol]
    clock.o(.text.ClockSpeedSetHSE) refers to clock.o(.text.ClockHseOn) for ClockHseOn
    clock.o(.text.ClockSpeedSetHSE) refers to clock.o(.text.ClockPllOn) for ClockPllOn
    clock.o(.ARM.exidx.text.ClockSpeedSetHSE) refers to clock.o(.text.ClockSpeedSetHSE) for [Anonymous Symbol]
    clock.o(.text.Clk_STM32F407_168Mhz) refers to clock.o(.text.ClockSpeedSetHSE) for ClockSpeedSetHSE
    clock.o(.ARM.exidx.text.Clk_STM32F407_168Mhz) refers to clock.o(.text.Clk_STM32F407_168Mhz) for [Anonymous Symbol]
    clock.o(.text.Clk_STM32F411_100Mhz) refers to clock.o(.text.ClockSpeedSetHSE) for ClockSpeedSetHSE
    clock.o(.ARM.exidx.text.Clk_STM32F411_100Mhz) refers to clock.o(.text.Clk_STM32F411_100Mhz) for [Anonymous Symbol]
    adc.o(.ARM.exidx.text.ADCRccInit) refers to adc.o(.text.ADCRccInit) for [Anonymous Symbol]
    adc.o(.ARM.exidx.text.get_ADC) refers to adc.o(.text.get_ADC) for [Anonymous Symbol]
    adc.o(.text.AdcInit) refers to adc.o(.text.ADCRccInit) for ADCRccInit
    adc.o(.text.AdcInit) refers to adc.o(.text.get_ADC) for get_ADC
    adc.o(.ARM.exidx.text.AdcInit) refers to adc.o(.text.AdcInit) for [Anonymous Symbol]
    adc.o(.text.AdcPinChannelMapper) refers to adc.o(.data.ADC_PIN_CH_MAP_rows) for ADC_PIN_CH_MAP_rows
    adc.o(.text.AdcPinChannelMapper) refers to adc.o(.data.ADC_PIN_CH_MAP) for ADC_PIN_CH_MAP
    adc.o(.ARM.exidx.text.AdcPinChannelMapper) refers to adc.o(.text.AdcPinChannelMapper) for [Anonymous Symbol]
    adc.o(.text.PinAnalogSet) refers to gpio.o(.text.PinOutputSet) for PinOutputSet
    adc.o(.text.PinAnalogSet) refers to gpio.o(.text.PinModeADC) for PinModeADC
    adc.o(.text.PinAnalogSet) refers to adc.o(.bss.ADC1Set) for ADC1Set
    adc.o(.text.PinAnalogSet) refers to adc.o(.text.AdcInit) for AdcInit
    adc.o(.text.PinAnalogSet) refers to adc.o(.bss.ADC2Set) for ADC2Set
    adc.o(.text.PinAnalogSet) refers to adc.o(.bss.ADC3Set) for ADC3Set
    adc.o(.text.PinAnalogSet) refers to adc.o(.text.AdcPinChannelMapper) for AdcPinChannelMapper
    adc.o(.ARM.exidx.text.PinAnalogSet) refers to adc.o(.text.PinAnalogSet) for [Anonymous Symbol]
    adc.o(.text.PinADCSet) refers to adc.o(.text.PinAnalogSet) for PinAnalogSet
    adc.o(.ARM.exidx.text.PinADCSet) refers to adc.o(.text.PinADCSet) for [Anonymous Symbol]
    adc.o(.text.PinADC2Set) refers to adc.o(.text.PinAnalogSet) for PinAnalogSet
    adc.o(.ARM.exidx.text.PinADC2Set) refers to adc.o(.text.PinADC2Set) for [Anonymous Symbol]
    adc.o(.text.PinADC3Set) refers to adc.o(.text.PinAnalogSet) for PinAnalogSet
    adc.o(.ARM.exidx.text.PinADC3Set) refers to adc.o(.text.PinADC3Set) for [Anonymous Symbol]
    adc.o(.text.PinAnalogRead) refers to adc.o(.text.get_ADC) for get_ADC
    adc.o(.text.PinAnalogRead) refers to adc.o(.text.AdcPinChannelMapper) for AdcPinChannelMapper
    adc.o(.ARM.exidx.text.PinAnalogRead) refers to adc.o(.text.PinAnalogRead) for [Anonymous Symbol]
    adc.o(.text.PinADCRx) refers to adc.o(.text.PinAnalogRead) for PinAnalogRead
    adc.o(.ARM.exidx.text.PinADCRx) refers to adc.o(.text.PinADCRx) for [Anonymous Symbol]
    adc.o(.text.PinADC2Rx) refers to adc.o(.text.PinAnalogRead) for PinAnalogRead
    adc.o(.ARM.exidx.text.PinADC2Rx) refers to adc.o(.text.PinADC2Rx) for [Anonymous Symbol]
    adc.o(.text.PinADC3Rx) refers to adc.o(.text.PinAnalogRead) for PinAnalogRead
    adc.o(.ARM.exidx.text.PinADC3Rx) refers to adc.o(.text.PinADC3Rx) for [Anonymous Symbol]
    adc.o(.text.PinAnalogCycleSet) refers to adc.o(.text.AdcPinChannelMapper) for AdcPinChannelMapper
    adc.o(.text.PinAnalogCycleSet) refers to adc.o(.text.get_ADC) for get_ADC
    adc.o(.ARM.exidx.text.PinAnalogCycleSet) refers to adc.o(.text.PinAnalogCycleSet) for [Anonymous Symbol]
    adc.o(.text.PinADCycle) refers to adc.o(.text.PinAnalogCycleSet) for PinAnalogCycleSet
    adc.o(.ARM.exidx.text.PinADCycle) refers to adc.o(.text.PinADCycle) for [Anonymous Symbol]
    adc.o(.text.PinAD2Cycle) refers to adc.o(.text.PinAnalogCycleSet) for PinAnalogCycleSet
    adc.o(.ARM.exidx.text.PinAD2Cycle) refers to adc.o(.text.PinAD2Cycle) for [Anonymous Symbol]
    adc.o(.text.PinAD3Cycle) refers to adc.o(.text.PinAnalogCycleSet) for PinAnalogCycleSet
    adc.o(.ARM.exidx.text.PinAD3Cycle) refers to adc.o(.text.PinAD3Cycle) for [Anonymous Symbol]
    adc.o(.text.PinAnalagRxDix) refers to adc.o(.text.PinAnalogRead) for PinAnalogRead
    adc.o(.ARM.exidx.text.PinAnalagRxDix) refers to adc.o(.text.PinAnalagRxDix) for [Anonymous Symbol]
    adc.o(.text.PinADRXDiv) refers to adc.o(.text.PinAnalagRxDix) for PinAnalagRxDix
    adc.o(.ARM.exidx.text.PinADRXDiv) refers to adc.o(.text.PinADRXDiv) for [Anonymous Symbol]
    adc.o(.text.PinAD2RXDiv) refers to adc.o(.text.PinAnalagRxDix) for PinAnalagRxDix
    adc.o(.ARM.exidx.text.PinAD2RXDiv) refers to adc.o(.text.PinAD2RXDiv) for [Anonymous Symbol]
    adc.o(.text.PinAD3RXDiv) refers to adc.o(.text.PinAnalagRxDix) for PinAnalagRxDix
    adc.o(.ARM.exidx.text.PinAD3RXDiv) refers to adc.o(.text.PinAD3RXDiv) for [Anonymous Symbol]
    adc.o(.text.ADC_IRQ_ON) refers to adc.o(.text.get_ADC) for get_ADC
    adc.o(.text.ADC_IRQ_ON) refers to adc.o(.bss.ADC1Set) for ADC1Set
    adc.o(.text.ADC_IRQ_ON) refers to adc.o(.text.AdcInit) for AdcInit
    adc.o(.text.ADC_IRQ_ON) refers to adc.o(.bss.ADC2Set) for ADC2Set
    adc.o(.text.ADC_IRQ_ON) refers to adc.o(.bss.ADC3Set) for ADC3Set
    adc.o(.text.ADC_IRQ_ON) refers to adc.o(.bss.ADC_IRQ) for ADC_IRQ
    adc.o(.text.ADC_IRQ_ON) refers to adc.o(.text.__NVIC_EnableIRQ) for __NVIC_EnableIRQ
    adc.o(.ARM.exidx.text.ADC_IRQ_ON) refers to adc.o(.text.ADC_IRQ_ON) for [Anonymous Symbol]
    adc.o(.ARM.exidx.text.__NVIC_EnableIRQ) refers to adc.o(.text.__NVIC_EnableIRQ) for [Anonymous Symbol]
    adc.o(.text.ADC_Pin_Set) refers to gpio.o(.text.PinOutputSet) for PinOutputSet
    adc.o(.text.ADC_Pin_Set) refers to gpio.o(.text.PinModeADC) for PinModeADC
    adc.o(.text.ADC_Pin_Set) refers to adc.o(.text.get_ADC) for get_ADC
    adc.o(.text.ADC_Pin_Set) refers to adc.o(.text.AdcPinChannelMapper) for AdcPinChannelMapper
    adc.o(.ARM.exidx.text.ADC_Pin_Set) refers to adc.o(.text.ADC_Pin_Set) for [Anonymous Symbol]
    adc.o(.text.ADC_IRQ_Check) refers to adc.o(.text.get_ADC) for get_ADC
    adc.o(.ARM.exidx.text.ADC_IRQ_Check) refers to adc.o(.text.ADC_IRQ_Check) for [Anonymous Symbol]
    adc.o(.text.ADC_Rx) refers to adc.o(.text.get_ADC) for get_ADC
    adc.o(.ARM.exidx.text.ADC_Rx) refers to adc.o(.text.ADC_Rx) for [Anonymous Symbol]
    adc.o(.text.ADC_IRQ_OFF) refers to adc.o(.text.get_ADC) for get_ADC
    adc.o(.text.ADC_IRQ_OFF) refers to adc.o(.text.__NVIC_DisableIRQ) for __NVIC_DisableIRQ
    adc.o(.text.ADC_IRQ_OFF) refers to adc.o(.bss.ADC_IRQ) for ADC_IRQ
    adc.o(.ARM.exidx.text.ADC_IRQ_OFF) refers to adc.o(.text.ADC_IRQ_OFF) for [Anonymous Symbol]
    adc.o(.ARM.exidx.text.__NVIC_DisableIRQ) refers to adc.o(.text.__NVIC_DisableIRQ) for [Anonymous Symbol]
    startup_stm32f407xx.o(STACK) refers (Special) to heapauxi.o(.text) for __use_two_region_memory
    startup_stm32f407xx.o(HEAP) refers (Special) to heapauxi.o(.text) for __use_two_region_memory
    startup_stm32f407xx.o(RESET) refers (Special) to heapauxi.o(.text) for __use_two_region_memory
    startup_stm32f407xx.o(RESET) refers to startup_stm32f407xx.o(STACK) for __initial_sp
    startup_stm32f407xx.o(RESET) refers to startup_stm32f407xx.o(.text) for Reset_Handler
    startup_stm32f407xx.o(RESET) refers to main.o(.text.ADC_IRQHandler) for ADC_IRQHandler
    startup_stm32f407xx.o(.text) refers (Special) to heapauxi.o(.text) for __use_two_region_memory
    startup_stm32f407xx.o(.text) refers to system_stm32f4xx.o(.text.SystemInit) for SystemInit
    startup_stm32f407xx.o(.text) refers to __main.o(!!!main) for __main
    startup_stm32f407xx.o(.text) refers to startup_stm32f407xx.o(HEAP) for Heap_Mem
    startup_stm32f407xx.o(.text) refers to startup_stm32f407xx.o(STACK) for Stack_Mem
    system_stm32f4xx.o(.ARM.exidx.text.SystemInit) refers to system_stm32f4xx.o(.text.SystemInit) for [Anonymous Symbol]
    system_stm32f4xx.o(.text.SystemCoreClockUpdate) refers to system_stm32f4xx.o(.data.SystemCoreClock) for SystemCoreClock
    system_stm32f4xx.o(.text.SystemCoreClockUpdate) refers to system_stm32f4xx.o(.rodata.AHBPrescTable) for AHBPrescTable
    system_stm32f4xx.o(.ARM.exidx.text.SystemCoreClockUpdate) refers to system_stm32f4xx.o(.text.SystemCoreClockUpdate) for [Anonymous Symbol]
    __main.o(!!!main) refers to __rtentry.o(.ARM.Collect$$rtentry$$00000000) for __rt_entry
    __rtentry.o(.ARM.Collect$$rtentry$$00000000) refers (Special) to __rtentry2.o(.ARM.Collect$$rtentry$$0000000A) for __rt_entry_li
    __rtentry.o(.ARM.Collect$$rtentry$$00000000) refers (Special) to __rtentry2.o(.ARM.Collect$$rtentry$$0000000D) for __rt_entry_main
    __rtentry.o(.ARM.Collect$$rtentry$$00000000) refers (Special) to __rtentry2.o(.ARM.Collect$$rtentry$$0000000C) for __rt_entry_postli_1
    __rtentry.o(.ARM.Collect$$rtentry$$00000000) refers (Special) to __rtentry2.o(.ARM.Collect$$rtentry$$00000009) for __rt_entry_postsh_1
    __rtentry.o(.ARM.Collect$$rtentry$$00000000) refers (Special) to __rtentry2.o(.ARM.Collect$$rtentry$$00000002) for __rt_entry_presh_1
    __rtentry.o(.ARM.Collect$$rtentry$$00000000) refers (Special) to __rtentry4.o(.ARM.Collect$$rtentry$$00000004) for __rt_entry_sh
    __rtentry2.o(.ARM.Collect$$rtentry$$00000008) refers to boardinit2.o(.text) for _platform_post_stackheap_init
    __rtentry2.o(.ARM.Collect$$rtentry$$0000000A) refers to libinit.o(.ARM.Collect$$libinit$$00000000) for __rt_lib_init
    __rtentry2.o(.ARM.Collect$$rtentry$$0000000B) refers to boardinit3.o(.text) for _platform_post_lib_init
    __rtentry2.o(.ARM.Collect$$rtentry$$0000000D) refers to main.o(.text.main) for main
    __rtentry2.o(.ARM.Collect$$rtentry$$0000000D) refers to exit.o(.text) for exit
    __rtentry2.o(.ARM.exidx) refers to __rtentry2.o(.ARM.Collect$$rtentry$$00000001) for .ARM.Collect$$rtentry$$00000001
    __rtentry2.o(.ARM.exidx) refers to __rtentry2.o(.ARM.Collect$$rtentry$$00000008) for .ARM.Collect$$rtentry$$00000008
    __rtentry2.o(.ARM.exidx) refers to __rtentry2.o(.ARM.Collect$$rtentry$$0000000A) for .ARM.Collect$$rtentry$$0000000A
    __rtentry2.o(.ARM.exidx) refers to __rtentry2.o(.ARM.Collect$$rtentry$$0000000B) for .ARM.Collect$$rtentry$$0000000B
    __rtentry2.o(.ARM.exidx) refers to __rtentry2.o(.ARM.Collect$$rtentry$$0000000D) for .ARM.Collect$$rtentry$$0000000D
    __rtentry4.o(.ARM.Collect$$rtentry$$00000004) refers to sys_stackheap_outer.o(.text) for __user_setup_stackheap
    __rtentry4.o(.ARM.exidx) refers to __rtentry4.o(.ARM.Collect$$rtentry$$00000004) for .ARM.Collect$$rtentry$$00000004
    sys_stackheap_outer.o(.text) refers to libspace.o(.text) for __user_perproc_libspace
    sys_stackheap_outer.o(.text) refers to startup_stm32f407xx.o(.text) for __user_initial_stackheap
    exit.o(.text) refers to rtexit.o(.ARM.Collect$$rtexit$$00000000) for __rt_exit
    libinit.o(.ARM.Collect$$libinit$$00000000) refers (Special) to libinit2.o(.ARM.Collect$$libinit$$00000030) for __rt_lib_init_alloca_1
    libinit.o(.ARM.Collect$$libinit$$00000000) refers (Special) to libinit2.o(.ARM.Collect$$libinit$$0000002E) for __rt_lib_init_argv_1
    libinit.o(.ARM.Collect$$libinit$$00000000) refers (Special) to libinit2.o(.ARM.Collect$$libinit$$0000001D) for __rt_lib_init_atexit_1
    libinit.o(.ARM.Collect$$libinit$$00000000) refers (Special) to libinit2.o(.ARM.Collect$$libinit$$00000023) for __rt_lib_init_clock_1
    libinit.o(.ARM.Collect$$libinit$$00000000) refers (Special) to libinit2.o(.ARM.Collect$$libinit$$00000034) for __rt_lib_init_cpp_1
    libinit.o(.ARM.Collect$$libinit$$00000000) refers (Special) to libinit2.o(.ARM.Collect$$libinit$$00000032) for __rt_lib_init_exceptions_1
    libinit.o(.ARM.Collect$$libinit$$00000000) refers (Special) to libinit2.o(.ARM.Collect$$libinit$$00000001) for __rt_lib_init_fp_1
    libinit.o(.ARM.Collect$$libinit$$00000000) refers (Special) to libinit2.o(.ARM.Collect$$libinit$$00000021) for __rt_lib_init_fp_trap_1
    libinit.o(.ARM.Collect$$libinit$$00000000) refers (Special) to libinit2.o(.ARM.Collect$$libinit$$00000025) for __rt_lib_init_getenv_1
    libinit.o(.ARM.Collect$$libinit$$00000000) refers (Special) to libinit2.o(.ARM.Collect$$libinit$$0000000C) for __rt_lib_init_heap_1
    libinit.o(.ARM.Collect$$libinit$$00000000) refers (Special) to libinit2.o(.ARM.Collect$$libinit$$00000013) for __rt_lib_init_lc_collate_1
    libinit.o(.ARM.Collect$$libinit$$00000000) refers (Special) to libinit2.o(.ARM.Collect$$libinit$$00000015) for __rt_lib_init_lc_ctype_1
    libinit.o(.ARM.Collect$$libinit$$00000000) refers (Special) to libinit2.o(.ARM.Collect$$libinit$$00000017) for __rt_lib_init_lc_monetary_1
    libinit.o(.ARM.Collect$$libinit$$00000000) refers (Special) to libinit2.o(.ARM.Collect$$libinit$$00000019) for __rt_lib_init_lc_numeric_1
    libinit.o(.ARM.Collect$$libinit$$00000000) refers (Special) to libinit2.o(.ARM.Collect$$libinit$$0000001B) for __rt_lib_init_lc_time_1
    libinit.o(.ARM.Collect$$libinit$$00000000) refers (Special) to libinit2.o(.ARM.Collect$$libinit$$00000006) for __rt_lib_init_preinit_1
    libinit.o(.ARM.Collect$$libinit$$00000000) refers (Special) to libinit2.o(.ARM.Collect$$libinit$$00000010) for __rt_lib_init_rand_1
    libinit.o(.ARM.Collect$$libinit$$00000000) refers (Special) to libinit2.o(.ARM.Collect$$libinit$$00000004) for __rt_lib_init_relocate_pie_1
    libinit.o(.ARM.Collect$$libinit$$00000000) refers (Special) to libinit2.o(.ARM.Collect$$libinit$$00000035) for __rt_lib_init_return
    libinit.o(.ARM.Collect$$libinit$$00000000) refers (Special) to libinit2.o(.ARM.Collect$$libinit$$0000001F) for __rt_lib_init_signal_1
    libinit.o(.ARM.Collect$$libinit$$00000000) refers (Special) to libinit2.o(.ARM.Collect$$libinit$$00000027) for __rt_lib_init_stdio_1
    libinit.o(.ARM.Collect$$libinit$$00000000) refers (Special) to libinit2.o(.ARM.Collect$$libinit$$0000000E) for __rt_lib_init_user_alloc_1
    libspace.o(.text) refers to libspace.o(.bss) for __libspace_start
    rtexit.o(.ARM.Collect$$rtexit$$00000000) refers (Special) to rtexit2.o(.ARM.Collect$$rtexit$$00000004) for __rt_exit_exit
    rtexit.o(.ARM.Collect$$rtexit$$00000000) refers (Special) to rtexit2.o(.ARM.Collect$$rtexit$$00000003) for __rt_exit_ls
    rtexit.o(.ARM.Collect$$rtexit$$00000000) refers (Special) to rtexit2.o(.ARM.Collect$$rtexit$$00000002) for __rt_exit_prels_1
    rtexit.o(.ARM.exidx) refers (Special) to rtexit2.o(.ARM.Collect$$rtexit$$00000004) for __rt_exit_exit
    rtexit.o(.ARM.exidx) refers (Special) to rtexit2.o(.ARM.Collect$$rtexit$$00000003) for __rt_exit_ls
    rtexit.o(.ARM.exidx) refers (Special) to rtexit2.o(.ARM.Collect$$rtexit$$00000002) for __rt_exit_prels_1
    rtexit.o(.ARM.exidx) refers to rtexit.o(.ARM.Collect$$rtexit$$00000000) for .ARM.Collect$$rtexit$$00000000
    libinit2.o(.ARM.Collect$$libinit$$00000001) refers to fpinit.o(x$fpl$fpinit) for _fp_init
    libinit2.o(.ARM.Collect$$libinit$$00000012) refers to libinit2.o(.ARM.Collect$$libinit$$00000011) for .ARM.Collect$$libinit$$00000011
    libinit2.o(.ARM.Collect$$libinit$$00000014) refers to libinit2.o(.ARM.Collect$$libinit$$00000011) for .ARM.Collect$$libinit$$00000011
    libinit2.o(.ARM.Collect$$libinit$$00000016) refers to libinit2.o(.ARM.Collect$$libinit$$00000011) for .ARM.Collect$$libinit$$00000011
    libinit2.o(.ARM.Collect$$libinit$$00000018) refers to libinit2.o(.ARM.Collect$$libinit$$00000011) for .ARM.Collect$$libinit$$00000011
    libinit2.o(.ARM.Collect$$libinit$$0000001A) refers to libinit2.o(.ARM.Collect$$libinit$$00000011) for .ARM.Collect$$libinit$$00000011
    libinit2.o(.ARM.Collect$$libinit$$00000028) refers to argv_veneer.o(.emb_text) for __ARM_argv_veneer
    libinit2.o(.ARM.Collect$$libinit$$00000029) refers to argv_veneer.o(.emb_text) for __ARM_argv_veneer
    rtexit2.o(.ARM.Collect$$rtexit$$00000003) refers to libshutdown.o(.ARM.Collect$$libshutdown$$00000000) for __rt_lib_shutdown
    rtexit2.o(.ARM.Collect$$rtexit$$00000004) refers to sys_exit.o(.text) for _sys_exit
    rtexit2.o(.ARM.exidx) refers to rtexit2.o(.ARM.Collect$$rtexit$$00000001) for .ARM.Collect$$rtexit$$00000001
    rtexit2.o(.ARM.exidx) refers to rtexit2.o(.ARM.Collect$$rtexit$$00000003) for .ARM.Collect$$rtexit$$00000003
    rtexit2.o(.ARM.exidx) refers to rtexit2.o(.ARM.Collect$$rtexit$$00000004) for .ARM.Collect$$rtexit$$00000004
    argv_veneer.o(.emb_text) refers to no_argv.o(.text) for __ARM_get_argv
    sys_exit.o(.text) refers (Special) to use_no_semi.o(.text) for __I$use$semihosting
    sys_exit.o(.text) refers (Special) to indicate_semi.o(.text) for __semihosting_library_function
    sys_exit_hlt.o(.text) refers (Special) to use_no_semi.o(.text) for __I$use$semihosting
    sys_exit_hlt.o(.text) refers (Special) to indicate_semi.o(.text) for __semihosting_library_function
    _get_argv_nomalloc.o(.text) refers (Special) to hrguard.o(.text) for __heap_region$guard
    _get_argv_nomalloc.o(.text) refers to defsig_rtmem_outer.o(.text) for __rt_SIGRTMEM
    _get_argv_nomalloc.o(.text) refers to sys_command.o(.text) for _sys_command_string
    libshutdown.o(.ARM.Collect$$libshutdown$$00000000) refers (Special) to libshutdown2.o(.ARM.Collect$$libshutdown$$00000002) for __rt_lib_shutdown_cpp_1
    libshutdown.o(.ARM.Collect$$libshutdown$$00000000) refers (Special) to libshutdown2.o(.ARM.Collect$$libshutdown$$00000007) for __rt_lib_shutdown_fp_trap_1
    libshutdown.o(.ARM.Collect$$libshutdown$$00000000) refers (Special) to libshutdown2.o(.ARM.Collect$$libshutdown$$0000000F) for __rt_lib_shutdown_heap_1
    libshutdown.o(.ARM.Collect$$libshutdown$$00000000) refers (Special) to libshutdown2.o(.ARM.Collect$$libshutdown$$00000010) for __rt_lib_shutdown_return
    libshutdown.o(.ARM.Collect$$libshutdown$$00000000) refers (Special) to libshutdown2.o(.ARM.Collect$$libshutdown$$0000000A) for __rt_lib_shutdown_signal_1
    libshutdown.o(.ARM.Collect$$libshutdown$$00000000) refers (Special) to libshutdown2.o(.ARM.Collect$$libshutdown$$00000004) for __rt_lib_shutdown_stdio_1
    libshutdown.o(.ARM.Collect$$libshutdown$$00000000) refers (Special) to libshutdown2.o(.ARM.Collect$$libshutdown$$0000000C) for __rt_lib_shutdown_user_alloc_1
    sys_command.o(.text) refers (Special) to use_no_semi.o(.text) for __I$use$semihosting
    sys_command.o(.text) refers (Special) to indicate_semi.o(.text) for __semihosting_library_function
    sys_command_hlt.o(.text) refers (Special) to use_no_semi.o(.text) for __I$use$semihosting
    sys_command_hlt.o(.text) refers (Special) to indicate_semi.o(.text) for __semihosting_library_function
    defsig_rtmem_outer.o(.text) refers to defsig_rtmem_inner.o(.text) for __rt_SIGRTMEM_inner
    defsig_rtmem_outer.o(.text) refers to defsig_exit.o(.text) for __sig_exit
    defsig_rtmem_formal.o(.text) refers to rt_raise.o(.text) for __rt_raise
    rt_raise.o(.text) refers to __raise.o(.text) for __raise
    rt_raise.o(.text) refers to sys_exit.o(.text) for _sys_exit
    defsig_exit.o(.text) refers to sys_exit.o(.text) for _sys_exit
    defsig_rtmem_inner.o(.text) refers to defsig_general.o(.text) for __default_signal_display
    __raise.o(.text) refers to defsig.o(CL$$defsig) for __default_signal_handler
    defsig_general.o(.text) refers to sys_wrch.o(.text) for _ttywrch
    sys_wrch.o(.text) refers (Special) to use_no_semi.o(.text) for __I$use$semihosting
    sys_wrch.o(.text) refers (Special) to indicate_semi.o(.text) for __semihosting_library_function
    sys_wrch_hlt.o(.text) refers (Special) to use_no_semi.o(.text) for __I$use$semihosting
    sys_wrch_hlt.o(.text) refers (Special) to indicate_semi.o(.text) for __semihosting_library_function
    defsig.o(CL$$defsig) refers to defsig_rtmem_inner.o(.text) for __rt_SIGRTMEM_inner
    defsig_abrt_inner.o(.text) refers to defsig_general.o(.text) for __default_signal_display
    defsig_fpe_inner.o(.text) refers to defsig_general.o(.text) for __default_signal_display
    defsig_rtred_inner.o(.text) refers to defsig_general.o(.text) for __default_signal_display
    defsig_stak_inner.o(.text) refers to defsig_general.o(.text) for __default_signal_display
    defsig_pvfn_inner.o(.text) refers to defsig_general.o(.text) for __default_signal_display
    defsig_cppl_inner.o(.text) refers to defsig_general.o(.text) for __default_signal_display
    defsig_segv_inner.o(.text) refers to defsig_general.o(.text) for __default_signal_display
    defsig_other.o(.text) refers to defsig_general.o(.text) for __default_signal_display


==============================================================================

Removing Unused input sections from the image.

    Removing main.o(.text), (0 bytes).
    Removing main.o(.ARM.exidx.text.main), (8 bytes).
    Removing main.o(.ARM.exidx.text.ADC_IRQHandler), (8 bytes).
    Removing main.o(.ARM.use_no_argv), (4 bytes).
    Removing gpio.o(.text), (0 bytes).
    Removing gpio.o(.ARM.exidx.text.GPIOPortInit), (8 bytes).
    Removing gpio.o(.ARM.exidx.text.get_GPIO), (8 bytes).
    Removing gpio.o(.ARM.exidx.text.PinModeSet), (8 bytes).
    Removing gpio.o(.ARM.exidx.text.PinModeOut), (8 bytes).
    Removing gpio.o(.text.PinModeIn), (18 bytes).
    Removing gpio.o(.ARM.exidx.text.PinModeIn), (8 bytes).
    Removing gpio.o(.text.PinModeAF), (18 bytes).
    Removing gpio.o(.ARM.exidx.text.PinModeAF), (8 bytes).
    Removing gpio.o(.ARM.exidx.text.PinModeADC), (8 bytes).
    Removing gpio.o(.ARM.exidx.text.PinOutputSet), (8 bytes).
    Removing gpio.o(.text.PinInputSet), (124 bytes).
    Removing gpio.o(.ARM.exidx.text.PinInputSet), (8 bytes).
    Removing gpio.o(.ARM.exidx.text.PinW), (8 bytes).
    Removing gpio.o(.text.PinR), (88 bytes).
    Removing gpio.o(.ARM.exidx.text.PinR), (8 bytes).
    Removing gpio.o(.text.PinToggle), (82 bytes).
    Removing gpio.o(.ARM.exidx.text.PinToggle), (8 bytes).
    Removing gpio.o(.text.PinsSet), (94 bytes).
    Removing gpio.o(.ARM.exidx.text.PinsSet), (8 bytes).
    Removing gpio.o(.text.PinsInputSet), (26 bytes).
    Removing gpio.o(.ARM.exidx.text.PinsInputSet), (8 bytes).
    Removing gpio.o(.text.PinsOutputSet), (26 bytes).
    Removing gpio.o(.ARM.exidx.text.PinsOutputSet), (8 bytes).
    Removing gpio.o(.text.PinIrqStart), (300 bytes).
    Removing gpio.o(.ARM.exidx.text.PinIrqStart), (8 bytes).
    Removing gpio.o(.text.__NVIC_EnableIRQ), (48 bytes).
    Removing gpio.o(.ARM.exidx.text.__NVIC_EnableIRQ), (8 bytes).
    Removing gpio.o(.text.IrqEStart), (98 bytes).
    Removing gpio.o(.ARM.exidx.text.IrqEStart), (8 bytes).
    Removing gpio.o(.text.PinIrqRE), (18 bytes).
    Removing gpio.o(.ARM.exidx.text.PinIrqRE), (8 bytes).
    Removing gpio.o(.text.PinIrqFE), (18 bytes).
    Removing gpio.o(.ARM.exidx.text.PinIrqFE), (8 bytes).
    Removing gpio.o(.text.PinIrqRFE), (26 bytes).
    Removing gpio.o(.ARM.exidx.text.PinIrqRFE), (8 bytes).
    Removing gpio.o(.text.IrqEStop), (90 bytes).
    Removing gpio.o(.ARM.exidx.text.IrqEStop), (8 bytes).
    Removing gpio.o(.text.PinIrqFeStop), (18 bytes).
    Removing gpio.o(.ARM.exidx.text.PinIrqFeStop), (8 bytes).
    Removing gpio.o(.text.PinIrqReStop), (18 bytes).
    Removing gpio.o(.ARM.exidx.text.PinIrqReStop), (8 bytes).
    Removing gpio.o(.text.PinIrqFReStop), (26 bytes).
    Removing gpio.o(.ARM.exidx.text.PinIrqFReStop), (8 bytes).
    Removing gpio.o(.text.PinIrqStop), (256 bytes).
    Removing gpio.o(.ARM.exidx.text.PinIrqStop), (8 bytes).
    Removing gpio.o(.text.__NVIC_DisableIRQ), (56 bytes).
    Removing gpio.o(.ARM.exidx.text.__NVIC_DisableIRQ), (8 bytes).
    Removing clock.o(.text), (0 bytes).
    Removing clock.o(.text.ClockHseOn), (40 bytes).
    Removing clock.o(.ARM.exidx.text.ClockHseOn), (8 bytes).
    Removing clock.o(.text.ClockHseOff), (18 bytes).
    Removing clock.o(.ARM.exidx.text.ClockHseOff), (8 bytes).
    Removing clock.o(.text.ClockPllOn), (40 bytes).
    Removing clock.o(.ARM.exidx.text.ClockPllOn), (8 bytes).
    Removing clock.o(.text.ClockPllOff), (18 bytes).
    Removing clock.o(.ARM.exidx.text.ClockPllOff), (8 bytes).
    Removing clock.o(.text.ClockMCO1), (78 bytes).
    Removing clock.o(.ARM.exidx.text.ClockMCO1), (8 bytes).
    Removing clock.o(.text.ClockMCO2), (78 bytes).
    Removing clock.o(.ARM.exidx.text.ClockMCO2), (8 bytes).
    Removing clock.o(.text.ClockPll), (146 bytes).
    Removing clock.o(.ARM.exidx.text.ClockPll), (8 bytes).
    Removing clock.o(.text.ClockSysSpeed), (84 bytes).
    Removing clock.o(.ARM.exidx.text.ClockSysSpeed), (8 bytes).
    Removing clock.o(.text.AHBClokSpeed), (92 bytes).
    Removing clock.o(.ARM.exidx.text.AHBClokSpeed), (8 bytes).
    Removing clock.o(.text.APB1ClockSpeed), (92 bytes).
    Removing clock.o(.ARM.exidx.text.APB1ClockSpeed), (8 bytes).
    Removing clock.o(.text.APB2ClockSpeed), (92 bytes).
    Removing clock.o(.ARM.exidx.text.APB2ClockSpeed), (8 bytes).
    Removing clock.o(.text.ClockSpeedSetHSE), (466 bytes).
    Removing clock.o(.ARM.exidx.text.ClockSpeedSetHSE), (8 bytes).
    Removing clock.o(.text.Clk_STM32F407_168Mhz), (64 bytes).
    Removing clock.o(.ARM.exidx.text.Clk_STM32F407_168Mhz), (8 bytes).
    Removing clock.o(.text.Clk_STM32F411_100Mhz), (66 bytes).
    Removing clock.o(.ARM.exidx.text.Clk_STM32F411_100Mhz), (8 bytes).
    Removing adc.o(.text), (0 bytes).
    Removing adc.o(.ARM.exidx.text.ADCRccInit), (8 bytes).
    Removing adc.o(.ARM.exidx.text.get_ADC), (8 bytes).
    Removing adc.o(.ARM.exidx.text.AdcInit), (8 bytes).
    Removing adc.o(.ARM.exidx.text.AdcPinChannelMapper), (8 bytes).
    Removing adc.o(.ARM.exidx.text.PinAnalogSet), (8 bytes).
    Removing adc.o(.ARM.exidx.text.PinADCSet), (8 bytes).
    Removing adc.o(.text.PinADC2Set), (18 bytes).
    Removing adc.o(.ARM.exidx.text.PinADC2Set), (8 bytes).
    Removing adc.o(.text.PinADC3Set), (18 bytes).
    Removing adc.o(.ARM.exidx.text.PinADC3Set), (8 bytes).
    Removing adc.o(.ARM.exidx.text.PinAnalogRead), (8 bytes).
    Removing adc.o(.ARM.exidx.text.PinADCRx), (8 bytes).
    Removing adc.o(.text.PinADC2Rx), (18 bytes).
    Removing adc.o(.ARM.exidx.text.PinADC2Rx), (8 bytes).
    Removing adc.o(.text.PinADC3Rx), (18 bytes).
    Removing adc.o(.ARM.exidx.text.PinADC3Rx), (8 bytes).
    Removing adc.o(.text.PinAnalogCycleSet), (194 bytes).
    Removing adc.o(.ARM.exidx.text.PinAnalogCycleSet), (8 bytes).
    Removing adc.o(.text.PinADCycle), (26 bytes).
    Removing adc.o(.ARM.exidx.text.PinADCycle), (8 bytes).
    Removing adc.o(.text.PinAD2Cycle), (26 bytes).
    Removing adc.o(.ARM.exidx.text.PinAD2Cycle), (8 bytes).
    Removing adc.o(.text.PinAD3Cycle), (26 bytes).
    Removing adc.o(.ARM.exidx.text.PinAD3Cycle), (8 bytes).
    Removing adc.o(.text.PinAnalagRxDix), (104 bytes).
    Removing adc.o(.ARM.exidx.text.PinAnalagRxDix), (8 bytes).
    Removing adc.o(.text.PinADRXDiv), (22 bytes).
    Removing adc.o(.ARM.exidx.text.PinADRXDiv), (8 bytes).
    Removing adc.o(.text.PinAD2RXDiv), (22 bytes).
    Removing adc.o(.ARM.exidx.text.PinAD2RXDiv), (8 bytes).
    Removing adc.o(.text.PinAD3RXDiv), (22 bytes).
    Removing adc.o(.ARM.exidx.text.PinAD3RXDiv), (8 bytes).
    Removing adc.o(.ARM.exidx.text.ADC_IRQ_ON), (8 bytes).
    Removing adc.o(.ARM.exidx.text.__NVIC_EnableIRQ), (8 bytes).
    Removing adc.o(.ARM.exidx.text.ADC_Pin_Set), (8 bytes).
    Removing adc.o(.ARM.exidx.text.ADC_IRQ_Check), (8 bytes).
    Removing adc.o(.ARM.exidx.text.ADC_Rx), (8 bytes).
    Removing adc.o(.text.ADC_IRQ_OFF), (64 bytes).
    Removing adc.o(.ARM.exidx.text.ADC_IRQ_OFF), (8 bytes).
    Removing adc.o(.text.__NVIC_DisableIRQ), (56 bytes).
    Removing adc.o(.ARM.exidx.text.__NVIC_DisableIRQ), (8 bytes).
    Removing system_stm32f4xx.o(.text), (0 bytes).
    Removing system_stm32f4xx.o(.ARM.exidx.text.SystemInit), (8 bytes).
    Removing system_stm32f4xx.o(.text.SystemCoreClockUpdate), (302 bytes).
    Removing system_stm32f4xx.o(.ARM.exidx.text.SystemCoreClockUpdate), (8 bytes).
    Removing system_stm32f4xx.o(.data.SystemCoreClock), (4 bytes).
    Removing system_stm32f4xx.o(.rodata.AHBPrescTable), (16 bytes).
    Removing system_stm32f4xx.o(.rodata.APBPrescTable), (8 bytes).

130 unused section(s) (total 4366 bytes) removed from the image.

==============================================================================

Image Symbol Table

    Local Symbols

    Symbol Name                              Value     Ov Type        Size  Object(Section)

    ../clib/angel/boardlib.s                 0x00000000   Number         0  boardinit1.o ABSOLUTE
    ../clib/angel/boardlib.s                 0x00000000   Number         0  boardinit2.o ABSOLUTE
    ../clib/angel/boardlib.s                 0x00000000   Number         0  boardinit3.o ABSOLUTE
    ../clib/angel/boardlib.s                 0x00000000   Number         0  boardshut.o ABSOLUTE
    ../clib/angel/handlers.s                 0x00000000   Number         0  __scatter_copy.o ABSOLUTE
    ../clib/angel/handlers.s                 0x00000000   Number         0  __scatter_zi.o ABSOLUTE
    ../clib/angel/kernel.s                   0x00000000   Number         0  __rtentry.o ABSOLUTE
    ../clib/angel/kernel.s                   0x00000000   Number         0  __rtentry2.o ABSOLUTE
    ../clib/angel/kernel.s                   0x00000000   Number         0  __rtentry4.o ABSOLUTE
    ../clib/angel/kernel.s                   0x00000000   Number         0  rtexit.o ABSOLUTE
    ../clib/angel/kernel.s                   0x00000000   Number         0  rtexit2.o ABSOLUTE
    ../clib/angel/rt.s                       0x00000000   Number         0  rt_raise.o ABSOLUTE
    ../clib/angel/scatter.s                  0x00000000   Number         0  __scatter.o ABSOLUTE
    ../clib/angel/startup.s                  0x00000000   Number         0  __main.o ABSOLUTE
    ../clib/angel/sys.s                      0x00000000   Number         0  sys_stackheap_outer.o ABSOLUTE
    ../clib/angel/sys.s                      0x00000000   Number         0  libspace.o ABSOLUTE
    ../clib/angel/sys.s                      0x00000000   Number         0  use_no_semi.o ABSOLUTE
    ../clib/angel/sys.s                      0x00000000   Number         0  indicate_semi.o ABSOLUTE
    ../clib/angel/sysapp.c                   0x00000000   Number         0  sys_exit.o ABSOLUTE
    ../clib/angel/sysapp.c                   0x00000000   Number         0  sys_exit_hlt.o ABSOLUTE
    ../clib/angel/sysapp.c                   0x00000000   Number         0  sys_command.o ABSOLUTE
    ../clib/angel/sysapp.c                   0x00000000   Number         0  sys_command_hlt.o ABSOLUTE
    ../clib/angel/sysapp.c                   0x00000000   Number         0  sys_wrch.o ABSOLUTE
    ../clib/angel/sysapp.c                   0x00000000   Number         0  sys_wrch_hlt.o ABSOLUTE
    ../clib/armsys.c                         0x00000000   Number         0  argv_veneer.o ABSOLUTE
    ../clib/armsys.c                         0x00000000   Number         0  argv_veneer.o ABSOLUTE
    ../clib/armsys.c                         0x00000000   Number         0  _get_argv_nomalloc.o ABSOLUTE
    ../clib/armsys.c                         0x00000000   Number         0  no_argv.o ABSOLUTE
    ../clib/heapalloc.c                      0x00000000   Number         0  hrguard.o ABSOLUTE
    ../clib/heapaux.c                        0x00000000   Number         0  heapauxi.o ABSOLUTE
    ../clib/libinit.s                        0x00000000   Number         0  libinit.o ABSOLUTE
    ../clib/libinit.s                        0x00000000   Number         0  libinit2.o ABSOLUTE
    ../clib/libinit.s                        0x00000000   Number         0  libshutdown.o ABSOLUTE
    ../clib/libinit.s                        0x00000000   Number         0  libshutdown2.o ABSOLUTE
    ../clib/signal.c                         0x00000000   Number         0  defsig_rtmem_outer.o ABSOLUTE
    ../clib/signal.c                         0x00000000   Number         0  defsig_rtmem_formal.o ABSOLUTE
    ../clib/signal.c                         0x00000000   Number         0  defsig_exit.o ABSOLUTE
    ../clib/signal.c                         0x00000000   Number         0  defsig_rtmem_inner.o ABSOLUTE
    ../clib/signal.c                         0x00000000   Number         0  __raise.o ABSOLUTE
    ../clib/signal.c                         0x00000000   Number         0  defsig_general.o ABSOLUTE
    ../clib/signal.c                         0x00000000   Number         0  defsig_abrt_inner.o ABSOLUTE
    ../clib/signal.c                         0x00000000   Number         0  defsig_fpe_inner.o ABSOLUTE
    ../clib/signal.c                         0x00000000   Number         0  defsig_rtred_inner.o ABSOLUTE
    ../clib/signal.c                         0x00000000   Number         0  defsig_stak_inner.o ABSOLUTE
    ../clib/signal.c                         0x00000000   Number         0  defsig_pvfn_inner.o ABSOLUTE
    ../clib/signal.c                         0x00000000   Number         0  defsig_cppl_inner.o ABSOLUTE
    ../clib/signal.c                         0x00000000   Number         0  defsig_segv_inner.o ABSOLUTE
    ../clib/signal.c                         0x00000000   Number         0  defsig_other.o ABSOLUTE
    ../clib/signal.s                         0x00000000   Number         0  defsig.o ABSOLUTE
    ../clib/stdlib.c                         0x00000000   Number         0  exit.o ABSOLUTE
    ../fplib/fpinit.s                        0x00000000   Number         0  fpinit.o ABSOLUTE
    RTE/Device/STM32F407VETx/startup_stm32f407xx.s 0x00000000   Number         0  startup_stm32f407xx.o ABSOLUTE
    adc.c                                    0x00000000   Number         0  adc.o ABSOLUTE
    clock.c                                  0x00000000   Number         0  clock.o ABSOLUTE
    dc.s                                     0x00000000   Number         0  dc.o ABSOLUTE
    gpio.c                                   0x00000000   Number         0  gpio.o ABSOLUTE
    main.c                                   0x00000000   Number         0  main.o ABSOLUTE
    system_stm32f4xx.c                       0x00000000   Number         0  system_stm32f4xx.o ABSOLUTE
    RESET                                    0x08000000   Section      392  startup_stm32f407xx.o(RESET)
    !!!main                                  0x08000188   Section        8  __main.o(!!!main)
    !!!scatter                               0x08000190   Section       52  __scatter.o(!!!scatter)
    !!handler_copy                           0x080001c4   Section       26  __scatter_copy.o(!!handler_copy)
    !!handler_zi                             0x080001e0   Section       28  __scatter_zi.o(!!handler_zi)
    .ARM.Collect$$libinit$$00000000          0x080001fc   Section        2  libinit.o(.ARM.Collect$$libinit$$00000000)
    .ARM.Collect$$libinit$$00000001          0x080001fe   Section        4  libinit2.o(.ARM.Collect$$libinit$$00000001)
    .ARM.Collect$$libinit$$00000004          0x08000202   Section        0  libinit2.o(.ARM.Collect$$libinit$$00000004)
    .ARM.Collect$$libinit$$00000006          0x08000202   Section        0  libinit2.o(.ARM.Collect$$libinit$$00000006)
    .ARM.Collect$$libinit$$0000000C          0x08000202   Section        0  libinit2.o(.ARM.Collect$$libinit$$0000000C)
    .ARM.Collect$$libinit$$0000000E          0x08000202   Section        0  libinit2.o(.ARM.Collect$$libinit$$0000000E)
    .ARM.Collect$$libinit$$00000010          0x08000202   Section        0  libinit2.o(.ARM.Collect$$libinit$$00000010)
    .ARM.Collect$$libinit$$00000013          0x08000202   Section        0  libinit2.o(.ARM.Collect$$libinit$$00000013)
    .ARM.Collect$$libinit$$00000015          0x08000202   Section        0  libinit2.o(.ARM.Collect$$libinit$$00000015)
    .ARM.Collect$$libinit$$00000017          0x08000202   Section        0  libinit2.o(.ARM.Collect$$libinit$$00000017)
    .ARM.Collect$$libinit$$00000019          0x08000202   Section        0  libinit2.o(.ARM.Collect$$libinit$$00000019)
    .ARM.Collect$$libinit$$0000001B          0x08000202   Section        0  libinit2.o(.ARM.Collect$$libinit$$0000001B)
    .ARM.Collect$$libinit$$0000001D          0x08000202   Section        0  libinit2.o(.ARM.Collect$$libinit$$0000001D)
    .ARM.Collect$$libinit$$0000001F          0x08000202   Section        0  libinit2.o(.ARM.Collect$$libinit$$0000001F)
    .ARM.Collect$$libinit$$00000021          0x08000202   Section        0  libinit2.o(.ARM.Collect$$libinit$$00000021)
    .ARM.Collect$$libinit$$00000023          0x08000202   Section        0  libinit2.o(.ARM.Collect$$libinit$$00000023)
    .ARM.Collect$$libinit$$00000025          0x08000202   Section        0  libinit2.o(.ARM.Collect$$libinit$$00000025)
    .ARM.Collect$$libinit$$00000027          0x08000202   Section        0  libinit2.o(.ARM.Collect$$libinit$$00000027)
    .ARM.Collect$$libinit$$0000002E          0x08000202   Section        0  libinit2.o(.ARM.Collect$$libinit$$0000002E)
    .ARM.Collect$$libinit$$00000030          0x08000202   Section        0  libinit2.o(.ARM.Collect$$libinit$$00000030)
    .ARM.Collect$$libinit$$00000032          0x08000202   Section        0  libinit2.o(.ARM.Collect$$libinit$$00000032)
    .ARM.Collect$$libinit$$00000034          0x08000202   Section        0  libinit2.o(.ARM.Collect$$libinit$$00000034)
    .ARM.Collect$$libinit$$00000035          0x08000202   Section        2  libinit2.o(.ARM.Collect$$libinit$$00000035)
    .ARM.Collect$$libshutdown$$00000000      0x08000204   Section        2  libshutdown.o(.ARM.Collect$$libshutdown$$00000000)
    .ARM.Collect$$libshutdown$$00000002      0x08000206   Section        0  libshutdown2.o(.ARM.Collect$$libshutdown$$00000002)
    .ARM.Collect$$libshutdown$$00000004      0x08000206   Section        0  libshutdown2.o(.ARM.Collect$$libshutdown$$00000004)
    .ARM.Collect$$libshutdown$$00000007      0x08000206   Section        0  libshutdown2.o(.ARM.Collect$$libshutdown$$00000007)
    .ARM.Collect$$libshutdown$$0000000A      0x08000206   Section        0  libshutdown2.o(.ARM.Collect$$libshutdown$$0000000A)
    .ARM.Collect$$libshutdown$$0000000C      0x08000206   Section        0  libshutdown2.o(.ARM.Collect$$libshutdown$$0000000C)
    .ARM.Collect$$libshutdown$$0000000F      0x08000206   Section        0  libshutdown2.o(.ARM.Collect$$libshutdown$$0000000F)
    .ARM.Collect$$libshutdown$$00000010      0x08000206   Section        2  libshutdown2.o(.ARM.Collect$$libshutdown$$00000010)
    .ARM.Collect$$rtentry$$00000000          0x08000208   Section        0  __rtentry.o(.ARM.Collect$$rtentry$$00000000)
    .ARM.Collect$$rtentry$$00000002          0x08000208   Section        0  __rtentry2.o(.ARM.Collect$$rtentry$$00000002)
    .ARM.Collect$$rtentry$$00000004          0x08000208   Section        6  __rtentry4.o(.ARM.Collect$$rtentry$$00000004)
    .ARM.Collect$$rtentry$$00000009          0x0800020e   Section        0  __rtentry2.o(.ARM.Collect$$rtentry$$00000009)
    .ARM.Collect$$rtentry$$0000000A          0x0800020e   Section        4  __rtentry2.o(.ARM.Collect$$rtentry$$0000000A)
    .ARM.Collect$$rtentry$$0000000C          0x08000212   Section        0  __rtentry2.o(.ARM.Collect$$rtentry$$0000000C)
    .ARM.Collect$$rtentry$$0000000D          0x08000212   Section        8  __rtentry2.o(.ARM.Collect$$rtentry$$0000000D)
    .ARM.Collect$$rtexit$$00000000           0x0800021a   Section        2  rtexit.o(.ARM.Collect$$rtexit$$00000000)
    .ARM.Collect$$rtexit$$00000002           0x0800021c   Section        0  rtexit2.o(.ARM.Collect$$rtexit$$00000002)
    .ARM.Collect$$rtexit$$00000003           0x0800021c   Section        4  rtexit2.o(.ARM.Collect$$rtexit$$00000003)
    .ARM.Collect$$rtexit$$00000004           0x08000220   Section        6  rtexit2.o(.ARM.Collect$$rtexit$$00000004)
    $v0                                      0x08000228   Number         0  startup_stm32f407xx.o(.text)
    .text                                    0x08000228   Section       64  startup_stm32f407xx.o(.text)
    .text                                    0x08000268   Section        0  heapauxi.o(.text)
    .text                                    0x0800026e   Section       74  sys_stackheap_outer.o(.text)
    .text                                    0x080002b8   Section        0  exit.o(.text)
    .text                                    0x080002cc   Section        8  libspace.o(.text)
    .text                                    0x080002d4   Section        0  sys_exit.o(.text)
    .text                                    0x080002e0   Section        2  use_no_semi.o(.text)
    .text                                    0x080002e2   Section        0  indicate_semi.o(.text)
    [Anonymous Symbol]                       0x080002e4   Section        0  adc.o(.text.ADCRccInit)
    [Anonymous Symbol]                       0x0800030c   Section        0  main.o(.text.ADC_IRQHandler)
    [Anonymous Symbol]                       0x08000334   Section        0  adc.o(.text.ADC_IRQ_Check)
    [Anonymous Symbol]                       0x08000374   Section        0  adc.o(.text.ADC_IRQ_ON)
    [Anonymous Symbol]                       0x08000454   Section        0  adc.o(.text.ADC_Pin_Set)
    [Anonymous Symbol]                       0x080004c4   Section        0  adc.o(.text.ADC_Rx)
    [Anonymous Symbol]                       0x080004ec   Section        0  adc.o(.text.AdcInit)
    [Anonymous Symbol]                       0x0800052c   Section        0  adc.o(.text.AdcPinChannelMapper)
    [Anonymous Symbol]                       0x080005c0   Section        0  gpio.o(.text.GPIOPortInit)
    [Anonymous Symbol]                       0x080005e4   Section        0  adc.o(.text.PinADCRx)
    [Anonymous Symbol]                       0x080005f8   Section        0  adc.o(.text.PinADCSet)
    [Anonymous Symbol]                       0x0800060c   Section        0  adc.o(.text.PinAnalogRead)
    [Anonymous Symbol]                       0x08000694   Section        0  adc.o(.text.PinAnalogSet)
    [Anonymous Symbol]                       0x08000768   Section        0  gpio.o(.text.PinModeADC)
    [Anonymous Symbol]                       0x0800077c   Section        0  gpio.o(.text.PinModeOut)
    [Anonymous Symbol]                       0x08000790   Section        0  gpio.o(.text.PinModeSet)
    [Anonymous Symbol]                       0x080007f4   Section        0  gpio.o(.text.PinOutputSet)
    [Anonymous Symbol]                       0x08000870   Section        0  gpio.o(.text.PinW)
    [Anonymous Symbol]                       0x080008d8   Section        0  system_stm32f4xx.o(.text.SystemInit)
    __NVIC_EnableIRQ                         0x08000949   Thumb Code    48  adc.o(.text.__NVIC_EnableIRQ)
    [Anonymous Symbol]                       0x08000948   Section        0  adc.o(.text.__NVIC_EnableIRQ)
    [Anonymous Symbol]                       0x08000978   Section        0  adc.o(.text.get_ADC)
    [Anonymous Symbol]                       0x080009c4   Section        0  gpio.o(.text.get_GPIO)
    [Anonymous Symbol]                       0x08000a58   Section        0  main.o(.text.main)
    $v0                                      0x08000ae4   Number         0  fpinit.o(x$fpl$fpinit)
    x$fpl$fpinit                             0x08000ae4   Section       26  fpinit.o(x$fpl$fpinit)
    ADC_PIN_CH_MAP                           0x20000000   Data         144  adc.o(.data.ADC_PIN_CH_MAP)
    [Anonymous Symbol]                       0x20000000   Section        0  adc.o(.data.ADC_PIN_CH_MAP)
    ADC_PIN_CH_MAP_rows                      0x20000090   Data           2  adc.o(.data.ADC_PIN_CH_MAP_rows)
    [Anonymous Symbol]                       0x20000090   Section        0  adc.o(.data.ADC_PIN_CH_MAP_rows)
    .bss                                     0x20000098   Section       96  libspace.o(.bss)
    ADC1Set                                  0x200000f8   Data           1  adc.o(.bss.ADC1Set)
    [Anonymous Symbol]                       0x200000f8   Section        0  adc.o(.bss.ADC1Set)
    ADC2Set                                  0x200000f9   Data           1  adc.o(.bss.ADC2Set)
    [Anonymous Symbol]                       0x200000f9   Section        0  adc.o(.bss.ADC2Set)
    ADC3Set                                  0x200000fa   Data           1  adc.o(.bss.ADC3Set)
    [Anonymous Symbol]                       0x200000fa   Section        0  adc.o(.bss.ADC3Set)
    ADC_IRQ                                  0x200000fb   Data           1  adc.o(.bss.ADC_IRQ)
    [Anonymous Symbol]                       0x200000fb   Section        0  adc.o(.bss.ADC_IRQ)
    Heap_Mem                                 0x20000108   Data         512  startup_stm32f407xx.o(HEAP)
    HEAP                                     0x20000108   Section      512  startup_stm32f407xx.o(HEAP)
    Stack_Mem                                0x20000308   Data        1024  startup_stm32f407xx.o(STACK)
    STACK                                    0x20000308   Section     1024  startup_stm32f407xx.o(STACK)
    __initial_sp                             0x20000708   Data           0  startup_stm32f407xx.o(STACK)

    Global Symbols

    Symbol Name                              Value     Ov Type        Size  Object(Section)

    BuildAttributes$$THM_ISAv4$E$P$D$K$B$S$7EM$VFPi3$EXTD16$VFPS$VFMA$PE$A:L22UL41UL21$X:L11$S22US41US21$IEEE1$IW$~IW$USESV6$~STKCKD$USESV7$~SHL$OSPACE$ROPI$EBA8$UX$STANDARDLIB$REQ8$PRES8$EABIv2 0x00000000   Number         0  anon$$obj.o ABSOLUTE
    __ARM_exceptions_init                     - Undefined Weak Reference
    __alloca_initialize                       - Undefined Weak Reference
    __arm_preinit_                            - Undefined Weak Reference
    __arm_relocate_pie_                       - Undefined Weak Reference
    __cpp_initialize__aeabi_                  - Undefined Weak Reference
    __cxa_finalize                            - Undefined Weak Reference
    __rt_locale                               - Undefined Weak Reference
    __sigvec_lookup                           - Undefined Weak Reference
    _atexit_init                              - Undefined Weak Reference
    _call_atexit_fns                          - Undefined Weak Reference
    _clock_init                               - Undefined Weak Reference
    _fp_trap_init                             - Undefined Weak Reference
    _fp_trap_shutdown                         - Undefined Weak Reference
    _get_lc_collate                           - Undefined Weak Reference
    _get_lc_ctype                             - Undefined Weak Reference
    _get_lc_monetary                          - Undefined Weak Reference
    _get_lc_numeric                           - Undefined Weak Reference
    _get_lc_time                              - Undefined Weak Reference
    _getenv_init                              - Undefined Weak Reference
    _handle_redirection                       - Undefined Weak Reference
    _init_alloc                               - Undefined Weak Reference
    _init_user_alloc                          - Undefined Weak Reference
    _initio                                   - Undefined Weak Reference
    _rand_init                                - Undefined Weak Reference
    _signal_finish                            - Undefined Weak Reference
    _signal_init                              - Undefined Weak Reference
    _terminate_alloc                          - Undefined Weak Reference
    _terminate_user_alloc                     - Undefined Weak Reference
    _terminateio                              - Undefined Weak Reference
    __Vectors_Size                           0x00000188   Number         0  startup_stm32f407xx.o ABSOLUTE
    __Vectors                                0x08000000   Data           4  startup_stm32f407xx.o(RESET)
    __Vectors_End                            0x08000188   Data           0  startup_stm32f407xx.o(RESET)
    __main                                   0x08000189   Thumb Code     8  __main.o(!!!main)
    __scatterload                            0x08000191   Thumb Code     0  __scatter.o(!!!scatter)
    __scatterload_rt2                        0x08000191   Thumb Code    44  __scatter.o(!!!scatter)
    __scatterload_rt2_thumb_only             0x08000191   Thumb Code     0  __scatter.o(!!!scatter)
    __scatterload_null                       0x0800019f   Thumb Code     0  __scatter.o(!!!scatter)
    __scatterload_copy                       0x080001c5   Thumb Code    26  __scatter_copy.o(!!handler_copy)
    __scatterload_zeroinit                   0x080001e1   Thumb Code    28  __scatter_zi.o(!!handler_zi)
    __rt_lib_init                            0x080001fd   Thumb Code     0  libinit.o(.ARM.Collect$$libinit$$00000000)
    __rt_lib_init_fp_1                       0x080001ff   Thumb Code     0  libinit2.o(.ARM.Collect$$libinit$$00000001)
    __rt_lib_init_alloca_1                   0x08000203   Thumb Code     0  libinit2.o(.ARM.Collect$$libinit$$00000030)
    __rt_lib_init_argv_1                     0x08000203   Thumb Code     0  libinit2.o(.ARM.Collect$$libinit$$0000002E)
    __rt_lib_init_atexit_1                   0x08000203   Thumb Code     0  libinit2.o(.ARM.Collect$$libinit$$0000001D)
    __rt_lib_init_clock_1                    0x08000203   Thumb Code     0  libinit2.o(.ARM.Collect$$libinit$$00000023)
    __rt_lib_init_cpp_1                      0x08000203   Thumb Code     0  libinit2.o(.ARM.Collect$$libinit$$00000034)
    __rt_lib_init_exceptions_1               0x08000203   Thumb Code     0  libinit2.o(.ARM.Collect$$libinit$$00000032)
    __rt_lib_init_fp_trap_1                  0x08000203   Thumb Code     0  libinit2.o(.ARM.Collect$$libinit$$00000021)
    __rt_lib_init_getenv_1                   0x08000203   Thumb Code     0  libinit2.o(.ARM.Collect$$libinit$$00000025)
    __rt_lib_init_heap_1                     0x08000203   Thumb Code     0  libinit2.o(.ARM.Collect$$libinit$$0000000C)
    __rt_lib_init_lc_collate_1               0x08000203   Thumb Code     0  libinit2.o(.ARM.Collect$$libinit$$00000013)
    __rt_lib_init_lc_ctype_1                 0x08000203   Thumb Code     0  libinit2.o(.ARM.Collect$$libinit$$00000015)
    __rt_lib_init_lc_monetary_1              0x08000203   Thumb Code     0  libinit2.o(.ARM.Collect$$libinit$$00000017)
    __rt_lib_init_lc_numeric_1               0x08000203   Thumb Code     0  libinit2.o(.ARM.Collect$$libinit$$00000019)
    __rt_lib_init_lc_time_1                  0x08000203   Thumb Code     0  libinit2.o(.ARM.Collect$$libinit$$0000001B)
    __rt_lib_init_preinit_1                  0x08000203   Thumb Code     0  libinit2.o(.ARM.Collect$$libinit$$00000006)
    __rt_lib_init_rand_1                     0x08000203   Thumb Code     0  libinit2.o(.ARM.Collect$$libinit$$00000010)
    __rt_lib_init_relocate_pie_1             0x08000203   Thumb Code     0  libinit2.o(.ARM.Collect$$libinit$$00000004)
    __rt_lib_init_return                     0x08000203   Thumb Code     0  libinit2.o(.ARM.Collect$$libinit$$00000035)
    __rt_lib_init_signal_1                   0x08000203   Thumb Code     0  libinit2.o(.ARM.Collect$$libinit$$0000001F)
    __rt_lib_init_stdio_1                    0x08000203   Thumb Code     0  libinit2.o(.ARM.Collect$$libinit$$00000027)
    __rt_lib_init_user_alloc_1               0x08000203   Thumb Code     0  libinit2.o(.ARM.Collect$$libinit$$0000000E)
    __rt_lib_shutdown                        0x08000205   Thumb Code     0  libshutdown.o(.ARM.Collect$$libshutdown$$00000000)
    __rt_lib_shutdown_cpp_1                  0x08000207   Thumb Code     0  libshutdown2.o(.ARM.Collect$$libshutdown$$00000002)
    __rt_lib_shutdown_fp_trap_1              0x08000207   Thumb Code     0  libshutdown2.o(.ARM.Collect$$libshutdown$$00000007)
    __rt_lib_shutdown_heap_1                 0x08000207   Thumb Code     0  libshutdown2.o(.ARM.Collect$$libshutdown$$0000000F)
    __rt_lib_shutdown_return                 0x08000207   Thumb Code     0  libshutdown2.o(.ARM.Collect$$libshutdown$$00000010)
    __rt_lib_shutdown_signal_1               0x08000207   Thumb Code     0  libshutdown2.o(.ARM.Collect$$libshutdown$$0000000A)
    __rt_lib_shutdown_stdio_1                0x08000207   Thumb Code     0  libshutdown2.o(.ARM.Collect$$libshutdown$$00000004)
    __rt_lib_shutdown_user_alloc_1           0x08000207   Thumb Code     0  libshutdown2.o(.ARM.Collect$$libshutdown$$0000000C)
    __rt_entry                               0x08000209   Thumb Code     0  __rtentry.o(.ARM.Collect$$rtentry$$00000000)
    __rt_entry_presh_1                       0x08000209   Thumb Code     0  __rtentry2.o(.ARM.Collect$$rtentry$$00000002)
    __rt_entry_sh                            0x08000209   Thumb Code     0  __rtentry4.o(.ARM.Collect$$rtentry$$00000004)
    __rt_entry_li                            0x0800020f   Thumb Code     0  __rtentry2.o(.ARM.Collect$$rtentry$$0000000A)
    __rt_entry_postsh_1                      0x0800020f   Thumb Code     0  __rtentry2.o(.ARM.Collect$$rtentry$$00000009)
    __rt_entry_main                          0x08000213   Thumb Code     0  __rtentry2.o(.ARM.Collect$$rtentry$$0000000D)
    __rt_entry_postli_1                      0x08000213   Thumb Code     0  __rtentry2.o(.ARM.Collect$$rtentry$$0000000C)
    __rt_exit                                0x0800021b   Thumb Code     0  rtexit.o(.ARM.Collect$$rtexit$$00000000)
    __rt_exit_ls                             0x0800021d   Thumb Code     0  rtexit2.o(.ARM.Collect$$rtexit$$00000003)
    __rt_exit_prels_1                        0x0800021d   Thumb Code     0  rtexit2.o(.ARM.Collect$$rtexit$$00000002)
    __rt_exit_exit                           0x08000221   Thumb Code     0  rtexit2.o(.ARM.Collect$$rtexit$$00000004)
    Reset_Handler                            0x08000229   Thumb Code     8  startup_stm32f407xx.o(.text)
    NMI_Handler                              0x08000231   Thumb Code     2  startup_stm32f407xx.o(.text)
    HardFault_Handler                        0x08000233   Thumb Code     2  startup_stm32f407xx.o(.text)
    MemManage_Handler                        0x08000235   Thumb Code     2  startup_stm32f407xx.o(.text)
    BusFault_Handler                         0x08000237   Thumb Code     2  startup_stm32f407xx.o(.text)
    UsageFault_Handler                       0x08000239   Thumb Code     2  startup_stm32f407xx.o(.text)
    SVC_Handler                              0x0800023b   Thumb Code     2  startup_stm32f407xx.o(.text)
    DebugMon_Handler                         0x0800023d   Thumb Code     2  startup_stm32f407xx.o(.text)
    PendSV_Handler                           0x0800023f   Thumb Code     2  startup_stm32f407xx.o(.text)
    SysTick_Handler                          0x08000241   Thumb Code     2  startup_stm32f407xx.o(.text)
    CAN1_RX0_IRQHandler                      0x08000243   Thumb Code     0  startup_stm32f407xx.o(.text)
    CAN1_RX1_IRQHandler                      0x08000243   Thumb Code     0  startup_stm32f407xx.o(.text)
    CAN1_SCE_IRQHandler                      0x08000243   Thumb Code     0  startup_stm32f407xx.o(.text)
    CAN1_TX_IRQHandler                       0x08000243   Thumb Code     0  startup_stm32f407xx.o(.text)
    CAN2_RX0_IRQHandler                      0x08000243   Thumb Code     0  startup_stm32f407xx.o(.text)
    CAN2_RX1_IRQHandler                      0x08000243   Thumb Code     0  startup_stm32f407xx.o(.text)
    CAN2_SCE_IRQHandler                      0x08000243   Thumb Code     0  startup_stm32f407xx.o(.text)
    CAN2_TX_IRQHandler                       0x08000243   Thumb Code     0  startup_stm32f407xx.o(.text)
    DCMI_IRQHandler                          0x08000243   Thumb Code     0  startup_stm32f407xx.o(.text)
    DMA1_Stream0_IRQHandler                  0x08000243   Thumb Code     0  startup_stm32f407xx.o(.text)
    DMA1_Stream1_IRQHandler                  0x08000243   Thumb Code     0  startup_stm32f407xx.o(.text)
    DMA1_Stream2_IRQHandler                  0x08000243   Thumb Code     0  startup_stm32f407xx.o(.text)
    DMA1_Stream3_IRQHandler                  0x08000243   Thumb Code     0  startup_stm32f407xx.o(.text)
    DMA1_Stream4_IRQHandler                  0x08000243   Thumb Code     0  startup_stm32f407xx.o(.text)
    DMA1_Stream5_IRQHandler                  0x08000243   Thumb Code     0  startup_stm32f407xx.o(.text)
    DMA1_Stream6_IRQHandler                  0x08000243   Thumb Code     0  startup_stm32f407xx.o(.text)
    DMA1_Stream7_IRQHandler                  0x08000243   Thumb Code     0  startup_stm32f407xx.o(.text)
    DMA2_Stream0_IRQHandler                  0x08000243   Thumb Code     0  startup_stm32f407xx.o(.text)
    DMA2_Stream1_IRQHandler                  0x08000243   Thumb Code     0  startup_stm32f407xx.o(.text)
    DMA2_Stream2_IRQHandler                  0x08000243   Thumb Code     0  startup_stm32f407xx.o(.text)
    DMA2_Stream3_IRQHandler                  0x08000243   Thumb Code     0  startup_stm32f407xx.o(.text)
    DMA2_Stream4_IRQHandler                  0x08000243   Thumb Code     0  startup_stm32f407xx.o(.text)
    DMA2_Stream5_IRQHandler                  0x08000243   Thumb Code     0  startup_stm32f407xx.o(.text)
    DMA2_Stream6_IRQHandler                  0x08000243   Thumb Code     0  startup_stm32f407xx.o(.text)
    DMA2_Stream7_IRQHandler                  0x08000243   Thumb Code     0  startup_stm32f407xx.o(.text)
    ETH_IRQHandler                           0x08000243   Thumb Code     0  startup_stm32f407xx.o(.text)
    ETH_WKUP_IRQHandler                      0x08000243   Thumb Code     0  startup_stm32f407xx.o(.text)
    EXTI0_IRQHandler                         0x08000243   Thumb Code     0  startup_stm32f407xx.o(.text)
    EXTI15_10_IRQHandler                     0x08000243   Thumb Code     0  startup_stm32f407xx.o(.text)
    EXTI1_IRQHandler                         0x08000243   Thumb Code     0  startup_stm32f407xx.o(.text)
    EXTI2_IRQHandler                         0x08000243   Thumb Code     0  startup_stm32f407xx.o(.text)
    EXTI3_IRQHandler                         0x08000243   Thumb Code     0  startup_stm32f407xx.o(.text)
    EXTI4_IRQHandler                         0x08000243   Thumb Code     0  startup_stm32f407xx.o(.text)
    EXTI9_5_IRQHandler                       0x08000243   Thumb Code     0  startup_stm32f407xx.o(.text)
    FLASH_IRQHandler                         0x08000243   Thumb Code     0  startup_stm32f407xx.o(.text)
    FMC_IRQHandler                           0x08000243   Thumb Code     0  startup_stm32f407xx.o(.text)
    FPU_IRQHandler                           0x08000243   Thumb Code     0  startup_stm32f407xx.o(.text)
    HASH_RNG_IRQHandler                      0x08000243   Thumb Code     0  startup_stm32f407xx.o(.text)
    I2C1_ER_IRQHandler                       0x08000243   Thumb Code     0  startup_stm32f407xx.o(.text)
    I2C1_EV_IRQHandler                       0x08000243   Thumb Code     0  startup_stm32f407xx.o(.text)
    I2C2_ER_IRQHandler                       0x08000243   Thumb Code     0  startup_stm32f407xx.o(.text)
    I2C2_EV_IRQHandler                       0x08000243   Thumb Code     0  startup_stm32f407xx.o(.text)
    I2C3_ER_IRQHandler                       0x08000243   Thumb Code     0  startup_stm32f407xx.o(.text)
    I2C3_EV_IRQHandler                       0x08000243   Thumb Code     0  startup_stm32f407xx.o(.text)
    OTG_FS_IRQHandler                        0x08000243   Thumb Code     0  startup_stm32f407xx.o(.text)
    OTG_FS_WKUP_IRQHandler                   0x08000243   Thumb Code     0  startup_stm32f407xx.o(.text)
    OTG_HS_EP1_IN_IRQHandler                 0x08000243   Thumb Code     0  startup_stm32f407xx.o(.text)
    OTG_HS_EP1_OUT_IRQHandler                0x08000243   Thumb Code     0  startup_stm32f407xx.o(.text)
    OTG_HS_IRQHandler                        0x08000243   Thumb Code     0  startup_stm32f407xx.o(.text)
    OTG_HS_WKUP_IRQHandler                   0x08000243   Thumb Code     0  startup_stm32f407xx.o(.text)
    PVD_IRQHandler                           0x08000243   Thumb Code     0  startup_stm32f407xx.o(.text)
    RCC_IRQHandler                           0x08000243   Thumb Code     0  startup_stm32f407xx.o(.text)
    RTC_Alarm_IRQHandler                     0x08000243   Thumb Code     0  startup_stm32f407xx.o(.text)
    RTC_WKUP_IRQHandler                      0x08000243   Thumb Code     0  startup_stm32f407xx.o(.text)
    SDIO_IRQHandler                          0x08000243   Thumb Code     0  startup_stm32f407xx.o(.text)
    SPI1_IRQHandler                          0x08000243   Thumb Code     0  startup_stm32f407xx.o(.text)
    SPI2_IRQHandler                          0x08000243   Thumb Code     0  startup_stm32f407xx.o(.text)
    SPI3_IRQHandler                          0x08000243   Thumb Code     0  startup_stm32f407xx.o(.text)
    TAMP_STAMP_IRQHandler                    0x08000243   Thumb Code     0  startup_stm32f407xx.o(.text)
    TIM1_BRK_TIM9_IRQHandler                 0x08000243   Thumb Code     0  startup_stm32f407xx.o(.text)
    TIM1_CC_IRQHandler                       0x08000243   Thumb Code     0  startup_stm32f407xx.o(.text)
    TIM1_TRG_COM_TIM11_IRQHandler            0x08000243   Thumb Code     0  startup_stm32f407xx.o(.text)
    TIM1_UP_TIM10_IRQHandler                 0x08000243   Thumb Code     0  startup_stm32f407xx.o(.text)
    TIM2_IRQHandler                          0x08000243   Thumb Code     0  startup_stm32f407xx.o(.text)
    TIM3_IRQHandler                          0x08000243   Thumb Code     0  startup_stm32f407xx.o(.text)
    TIM4_IRQHandler                          0x08000243   Thumb Code     0  startup_stm32f407xx.o(.text)
    TIM5_IRQHandler                          0x08000243   Thumb Code     0  startup_stm32f407xx.o(.text)
    TIM6_DAC_IRQHandler                      0x08000243   Thumb Code     0  startup_stm32f407xx.o(.text)
    TIM7_IRQHandler                          0x08000243   Thumb Code     0  startup_stm32f407xx.o(.text)
    TIM8_BRK_TIM12_IRQHandler                0x08000243   Thumb Code     0  startup_stm32f407xx.o(.text)
    TIM8_CC_IRQHandler                       0x08000243   Thumb Code     0  startup_stm32f407xx.o(.text)
    TIM8_TRG_COM_TIM14_IRQHandler            0x08000243   Thumb Code     0  startup_stm32f407xx.o(.text)
    TIM8_UP_TIM13_IRQHandler                 0x08000243   Thumb Code     0  startup_stm32f407xx.o(.text)
    UART4_IRQHandler                         0x08000243   Thumb Code     0  startup_stm32f407xx.o(.text)
    UART5_IRQHandler                         0x08000243   Thumb Code     0  startup_stm32f407xx.o(.text)
    USART1_IRQHandler                        0x08000243   Thumb Code     0  startup_stm32f407xx.o(.text)
    USART2_IRQHandler                        0x08000243   Thumb Code     0  startup_stm32f407xx.o(.text)
    USART3_IRQHandler                        0x08000243   Thumb Code     0  startup_stm32f407xx.o(.text)
    USART6_IRQHandler                        0x08000243   Thumb Code     0  startup_stm32f407xx.o(.text)
    WWDG_IRQHandler                          0x08000243   Thumb Code     0  startup_stm32f407xx.o(.text)
    __user_initial_stackheap                 0x08000245   Thumb Code     0  startup_stm32f407xx.o(.text)
    __use_two_region_memory                  0x08000269   Thumb Code     2  heapauxi.o(.text)
    __rt_heap_escrow$2region                 0x0800026b   Thumb Code     2  heapauxi.o(.text)
    __rt_heap_expand$2region                 0x0800026d   Thumb Code     2  heapauxi.o(.text)
    __user_setup_stackheap                   0x0800026f   Thumb Code    74  sys_stackheap_outer.o(.text)
    exit                                     0x080002b9   Thumb Code    18  exit.o(.text)
    __user_libspace                          0x080002cd   Thumb Code     8  libspace.o(.text)
    __user_perproc_libspace                  0x080002cd   Thumb Code     0  libspace.o(.text)
    __user_perthread_libspace                0x080002cd   Thumb Code     0  libspace.o(.text)
    _sys_exit                                0x080002d5   Thumb Code     8  sys_exit.o(.text)
    __I$use$semihosting                      0x080002e1   Thumb Code     0  use_no_semi.o(.text)
    __use_no_semihosting_swi                 0x080002e1   Thumb Code     2  use_no_semi.o(.text)
    __semihosting_library_function           0x080002e3   Thumb Code     0  indicate_semi.o(.text)
    ADCRccInit                               0x080002e5   Thumb Code    38  adc.o(.text.ADCRccInit)
    ADC_IRQHandler                           0x0800030d   Thumb Code    40  main.o(.text.ADC_IRQHandler)
    ADC_IRQ_Check                            0x08000335   Thumb Code    62  adc.o(.text.ADC_IRQ_Check)
    ADC_IRQ_ON                               0x08000375   Thumb Code   222  adc.o(.text.ADC_IRQ_ON)
    ADC_Pin_Set                              0x08000455   Thumb Code   110  adc.o(.text.ADC_Pin_Set)
    ADC_Rx                                   0x080004c5   Thumb Code    40  adc.o(.text.ADC_Rx)
    AdcInit                                  0x080004ed   Thumb Code    62  adc.o(.text.AdcInit)
    AdcPinChannelMapper                      0x0800052d   Thumb Code   148  adc.o(.text.AdcPinChannelMapper)
    GPIOPortInit                             0x080005c1   Thumb Code    34  gpio.o(.text.GPIOPortInit)
    PinADCRx                                 0x080005e5   Thumb Code    18  adc.o(.text.PinADCRx)
    PinADCSet                                0x080005f9   Thumb Code    18  adc.o(.text.PinADCSet)
    PinAnalogRead                            0x0800060d   Thumb Code   134  adc.o(.text.PinAnalogRead)
    PinAnalogSet                             0x08000695   Thumb Code   210  adc.o(.text.PinAnalogSet)
    PinModeADC                               0x08000769   Thumb Code    18  gpio.o(.text.PinModeADC)
    PinModeOut                               0x0800077d   Thumb Code    18  gpio.o(.text.PinModeOut)
    PinModeSet                               0x08000791   Thumb Code    98  gpio.o(.text.PinModeSet)
    PinOutputSet                             0x080007f5   Thumb Code   122  gpio.o(.text.PinOutputSet)
    PinW                                     0x08000871   Thumb Code   104  gpio.o(.text.PinW)
    SystemInit                               0x080008d9   Thumb Code   110  system_stm32f4xx.o(.text.SystemInit)
    get_ADC                                  0x08000979   Thumb Code    76  adc.o(.text.get_ADC)
    get_GPIO                                 0x080009c5   Thumb Code   146  gpio.o(.text.get_GPIO)
    main                                     0x08000a59   Thumb Code   140  main.o(.text.main)
    _fp_init                                 0x08000ae5   Thumb Code    26  fpinit.o(x$fpl$fpinit)
    __fplib_config_fpu_vfp                   0x08000afd   Thumb Code     0  fpinit.o(x$fpl$fpinit)
    __fplib_config_pureend_doubles           0x08000afd   Thumb Code     0  fpinit.o(x$fpl$fpinit)
    Region$$Table$$Base                      0x08000b00   Number         0  anon$$obj.o(Region$$Table)
    Region$$Table$$Limit                     0x08000b20   Number         0  anon$$obj.o(Region$$Table)
    __libspace_start                         0x20000098   Data          96  libspace.o(.bss)
    __temporary_stack_top$libspace           0x200000f8   Data           0  libspace.o(.bss)
    ADC_data1                                0x200000fc   Data           4  main.o(.bss.ADC_data1)
    ADC_data2                                0x20000100   Data           4  main.o(.bss.ADC_data2)
    adc_check                                0x20000104   Data           1  main.o(.bss.adc_check)



==============================================================================

Memory Map of the image

  Image Entry point : 0x08000229

  Load Region LR_1 (Base: 0x08000000, Size: 0x00000bb4, Max: 0xffffffff, ABSOLUTE)

    Execution Region ER_RO (Exec base: 0x08000000, Load base: 0x08000000, Size: 0x00000b20, Max: 0xffffffff, ABSOLUTE)

    Exec Addr    Load Addr    Size         Type   Attr      Idx    E Section Name        Object

    0x08000000   0x08000000   0x00000188   Data   RO          181    RESET               startup_stm32f407xx.o
    0x08000188   0x08000188   0x00000008   Code   RO          206  * !!!main             c_w.l(__main.o)
    0x08000190   0x08000190   0x00000034   Code   RO          371    !!!scatter          c_w.l(__scatter.o)
    0x080001c4   0x080001c4   0x0000001a   Code   RO          373    !!handler_copy      c_w.l(__scatter_copy.o)
    0x080001de   0x080001de   0x00000002   PAD
    0x080001e0   0x080001e0   0x0000001c   Code   RO          375    !!handler_zi        c_w.l(__scatter_zi.o)
    0x080001fc   0x080001fc   0x00000002   Code   RO          233    .ARM.Collect$$libinit$$00000000  c_w.l(libinit.o)
    0x080001fe   0x080001fe   0x00000004   Code   RO          239    .ARM.Collect$$libinit$$00000001  c_w.l(libinit2.o)
    0x08000202   0x08000202   0x00000000   Code   RO          242    .ARM.Collect$$libinit$$00000004  c_w.l(libinit2.o)
    0x08000202   0x08000202   0x00000000   Code   RO          244    .ARM.Collect$$libinit$$00000006  c_w.l(libinit2.o)
    0x08000202   0x08000202   0x00000000   Code   RO          247    .ARM.Collect$$libinit$$0000000C  c_w.l(libinit2.o)
    0x08000202   0x08000202   0x00000000   Code   RO          249    .ARM.Collect$$libinit$$0000000E  c_w.l(libinit2.o)
    0x08000202   0x08000202   0x00000000   Code   RO          251    .ARM.Collect$$libinit$$00000010  c_w.l(libinit2.o)
    0x08000202   0x08000202   0x00000000   Code   RO          254    .ARM.Collect$$libinit$$00000013  c_w.l(libinit2.o)
    0x08000202   0x08000202   0x00000000   Code   RO          256    .ARM.Collect$$libinit$$00000015  c_w.l(libinit2.o)
    0x08000202   0x08000202   0x00000000   Code   RO          258    .ARM.Collect$$libinit$$00000017  c_w.l(libinit2.o)
    0x08000202   0x08000202   0x00000000   Code   RO          260    .ARM.Collect$$libinit$$00000019  c_w.l(libinit2.o)
    0x08000202   0x08000202   0x00000000   Code   RO          262    .ARM.Collect$$libinit$$0000001B  c_w.l(libinit2.o)
    0x08000202   0x08000202   0x00000000   Code   RO          264    .ARM.Collect$$libinit$$0000001D  c_w.l(libinit2.o)
    0x08000202   0x08000202   0x00000000   Code   RO          266    .ARM.Collect$$libinit$$0000001F  c_w.l(libinit2.o)
    0x08000202   0x08000202   0x00000000   Code   RO          268    .ARM.Collect$$libinit$$00000021  c_w.l(libinit2.o)
    0x08000202   0x08000202   0x00000000   Code   RO          270    .ARM.Collect$$libinit$$00000023  c_w.l(libinit2.o)
    0x08000202   0x08000202   0x00000000   Code   RO          272    .ARM.Collect$$libinit$$00000025  c_w.l(libinit2.o)
    0x08000202   0x08000202   0x00000000   Code   RO          274    .ARM.Collect$$libinit$$00000027  c_w.l(libinit2.o)
    0x08000202   0x08000202   0x00000000   Code   RO          278    .ARM.Collect$$libinit$$0000002E  c_w.l(libinit2.o)
    0x08000202   0x08000202   0x00000000   Code   RO          280    .ARM.Collect$$libinit$$00000030  c_w.l(libinit2.o)
    0x08000202   0x08000202   0x00000000   Code   RO          282    .ARM.Collect$$libinit$$00000032  c_w.l(libinit2.o)
    0x08000202   0x08000202   0x00000000   Code   RO          284    .ARM.Collect$$libinit$$00000034  c_w.l(libinit2.o)
    0x08000202   0x08000202   0x00000002   Code   RO          285    .ARM.Collect$$libinit$$00000035  c_w.l(libinit2.o)
    0x08000204   0x08000204   0x00000002   Code   RO          307    .ARM.Collect$$libshutdown$$00000000  c_w.l(libshutdown.o)
    0x08000206   0x08000206   0x00000000   Code   RO          322    .ARM.Collect$$libshutdown$$00000002  c_w.l(libshutdown2.o)
    0x08000206   0x08000206   0x00000000   Code   RO          324    .ARM.Collect$$libshutdown$$00000004  c_w.l(libshutdown2.o)
    0x08000206   0x08000206   0x00000000   Code   RO          327    .ARM.Collect$$libshutdown$$00000007  c_w.l(libshutdown2.o)
    0x08000206   0x08000206   0x00000000   Code   RO          330    .ARM.Collect$$libshutdown$$0000000A  c_w.l(libshutdown2.o)
    0x08000206   0x08000206   0x00000000   Code   RO          332    .ARM.Collect$$libshutdown$$0000000C  c_w.l(libshutdown2.o)
    0x08000206   0x08000206   0x00000000   Code   RO          335    .ARM.Collect$$libshutdown$$0000000F  c_w.l(libshutdown2.o)
    0x08000206   0x08000206   0x00000002   Code   RO          336    .ARM.Collect$$libshutdown$$00000010  c_w.l(libshutdown2.o)
    0x08000208   0x08000208   0x00000000   Code   RO          208    .ARM.Collect$$rtentry$$00000000  c_w.l(__rtentry.o)
    0x08000208   0x08000208   0x00000000   Code   RO          210    .ARM.Collect$$rtentry$$00000002  c_w.l(__rtentry2.o)
    0x08000208   0x08000208   0x00000006   Code   RO          222    .ARM.Collect$$rtentry$$00000004  c_w.l(__rtentry4.o)
    0x0800020e   0x0800020e   0x00000000   Code   RO          212    .ARM.Collect$$rtentry$$00000009  c_w.l(__rtentry2.o)
    0x0800020e   0x0800020e   0x00000004   Code   RO          213    .ARM.Collect$$rtentry$$0000000A  c_w.l(__rtentry2.o)
    0x08000212   0x08000212   0x00000000   Code   RO          215    .ARM.Collect$$rtentry$$0000000C  c_w.l(__rtentry2.o)
    0x08000212   0x08000212   0x00000008   Code   RO          216    .ARM.Collect$$rtentry$$0000000D  c_w.l(__rtentry2.o)
    0x0800021a   0x0800021a   0x00000002   Code   RO          237    .ARM.Collect$$rtexit$$00000000  c_w.l(rtexit.o)
    0x0800021c   0x0800021c   0x00000000   Code   RO          287    .ARM.Collect$$rtexit$$00000002  c_w.l(rtexit2.o)
    0x0800021c   0x0800021c   0x00000004   Code   RO          288    .ARM.Collect$$rtexit$$00000003  c_w.l(rtexit2.o)
    0x08000220   0x08000220   0x00000006   Code   RO          289    .ARM.Collect$$rtexit$$00000004  c_w.l(rtexit2.o)
    0x08000226   0x08000226   0x00000002   PAD
    0x08000228   0x08000228   0x00000040   Code   RO          182  * .text               startup_stm32f407xx.o
    0x08000268   0x08000268   0x00000006   Code   RO          204    .text               c_w.l(heapauxi.o)
    0x0800026e   0x0800026e   0x0000004a   Code   RO          224    .text               c_w.l(sys_stackheap_outer.o)
    0x080002b8   0x080002b8   0x00000012   Code   RO          226    .text               c_w.l(exit.o)
    0x080002ca   0x080002ca   0x00000002   PAD
    0x080002cc   0x080002cc   0x00000008   Code   RO          234    .text               c_w.l(libspace.o)
    0x080002d4   0x080002d4   0x0000000c   Code   RO          297    .text               c_w.l(sys_exit.o)
    0x080002e0   0x080002e0   0x00000002   Code   RO          312    .text               c_w.l(use_no_semi.o)
    0x080002e2   0x080002e2   0x00000000   Code   RO          314    .text               c_w.l(indicate_semi.o)
    0x080002e2   0x080002e2   0x00000002   PAD
    0x080002e4   0x080002e4   0x00000026   Code   RO          113    .text.ADCRccInit    adc.o
    0x0800030a   0x0800030a   0x00000002   PAD
    0x0800030c   0x0800030c   0x00000028   Code   RO            4    .text.ADC_IRQHandler  main.o
    0x08000334   0x08000334   0x0000003e   Code   RO          159    .text.ADC_IRQ_Check  adc.o
    0x08000372   0x08000372   0x00000002   PAD
    0x08000374   0x08000374   0x000000de   Code   RO          153    .text.ADC_IRQ_ON    adc.o
    0x08000452   0x08000452   0x00000002   PAD
    0x08000454   0x08000454   0x0000006e   Code   RO          157    .text.ADC_Pin_Set   adc.o
    0x080004c2   0x080004c2   0x00000002   PAD
    0x080004c4   0x080004c4   0x00000028   Code   RO          161    .text.ADC_Rx        adc.o
    0x080004ec   0x080004ec   0x0000003e   Code   RO          117    .text.AdcInit       adc.o
    0x0800052a   0x0800052a   0x00000002   PAD
    0x0800052c   0x0800052c   0x00000094   Code   RO          119    .text.AdcPinChannelMapper  adc.o
    0x080005c0   0x080005c0   0x00000022   Code   RO           17    .text.GPIOPortInit  gpio.o
    0x080005e2   0x080005e2   0x00000002   PAD
    0x080005e4   0x080005e4   0x00000012   Code   RO          131    .text.PinADCRx      adc.o
    0x080005f6   0x080005f6   0x00000002   PAD
    0x080005f8   0x080005f8   0x00000012   Code   RO          123    .text.PinADCSet     adc.o
    0x0800060a   0x0800060a   0x00000002   PAD
    0x0800060c   0x0800060c   0x00000086   Code   RO          129    .text.PinAnalogRead  adc.o
    0x08000692   0x08000692   0x00000002   PAD
    0x08000694   0x08000694   0x000000d2   Code   RO          121    .text.PinAnalogSet  adc.o
    0x08000766   0x08000766   0x00000002   PAD
    0x08000768   0x08000768   0x00000012   Code   RO           29    .text.PinModeADC    gpio.o
    0x0800077a   0x0800077a   0x00000002   PAD
    0x0800077c   0x0800077c   0x00000012   Code   RO           23    .text.PinModeOut    gpio.o
    0x0800078e   0x0800078e   0x00000002   PAD
    0x08000790   0x08000790   0x00000062   Code   RO           21    .text.PinModeSet    gpio.o
    0x080007f2   0x080007f2   0x00000002   PAD
    0x080007f4   0x080007f4   0x0000007a   Code   RO           31    .text.PinOutputSet  gpio.o
    0x0800086e   0x0800086e   0x00000002   PAD
    0x08000870   0x08000870   0x00000068   Code   RO           35    .text.PinW          gpio.o
    0x080008d8   0x080008d8   0x0000006e   Code   RO          189    .text.SystemInit    system_stm32f4xx.o
    0x08000946   0x08000946   0x00000002   PAD
    0x08000948   0x08000948   0x00000030   Code   RO          155    .text.__NVIC_EnableIRQ  adc.o
    0x08000978   0x08000978   0x0000004c   Code   RO          115    .text.get_ADC       adc.o
    0x080009c4   0x080009c4   0x00000092   Code   RO           19    .text.get_GPIO      gpio.o
    0x08000a56   0x08000a56   0x00000002   PAD
    0x08000a58   0x08000a58   0x0000008c   Code   RO            2    .text.main          main.o
    0x08000ae4   0x08000ae4   0x0000001a   Code   RO          295    x$fpl$fpinit        fz_wm.l(fpinit.o)
    0x08000afe   0x08000afe   0x00000002   PAD
    0x08000b00   0x08000b00   0x00000020   Data   RO          370    Region$$Table       anon$$obj.o


    Execution Region ER_RW (Exec base: 0x20000000, Load base: 0x08000b20, Size: 0x00000094, Max: 0xffffffff, ABSOLUTE)

    Exec Addr    Load Addr    Size         Type   Attr      Idx    E Section Name        Object

    0x20000000   0x08000b20   0x00000090   Data   RW          168    .data.ADC_PIN_CH_MAP  adc.o
    0x20000090   0x08000bb0   0x00000002   Data   RW          167    .data.ADC_PIN_CH_MAP_rows  adc.o


    Execution Region ER_ZI (Exec base: 0x20000098, Load base: 0x08000bb4, Size: 0x00000670, Max: 0xffffffff, ABSOLUTE)

    Exec Addr    Load Addr    Size         Type   Attr      Idx    E Section Name        Object

    0x20000098        -       0x00000060   Zero   RW          235    .bss                c_w.l(libspace.o)
    0x200000f8        -       0x00000001   Zero   RW          169    .bss.ADC1Set        adc.o
    0x200000f9        -       0x00000001   Zero   RW          170    .bss.ADC2Set        adc.o
    0x200000fa        -       0x00000001   Zero   RW          171    .bss.ADC3Set        adc.o
    0x200000fb        -       0x00000001   Zero   RW          172    .bss.ADC_IRQ        adc.o
    0x200000fc        -       0x00000004   Zero   RW            6    .bss.ADC_data1      main.o
    0x20000100        -       0x00000004   Zero   RW            7    .bss.ADC_data2      main.o
    0x20000104        -       0x00000001   Zero   RW            8    .bss.adc_check      main.o
    0x20000105   0x08000bb4   0x00000003   PAD
    0x20000108        -       0x00000200   Zero   RW          180    HEAP                startup_stm32f407xx.o
    0x20000308        -       0x00000400   Zero   RW          179    STACK               startup_stm32f407xx.o


==============================================================================

Image component sizes


      Code (inc. data)   RO Data    RW Data    ZI Data      Debug   Object Name

      1186          0          0        146          4       9250   adc.o
       540         10          0          0          0       9299   gpio.o
       180          0          0          0          9        975   main.o
        64         26        392          0       1536        888   startup_stm32f407xx.o
       110          0          0          0          0       2629   system_stm32f4xx.o

    ----------------------------------------------------------------------
      2112         36        424        148       1552      23041   Object Totals
         0          0         32          0          0          0   (incl. Generated)
        32          0          0          2          3          0   (incl. Padding)

    ----------------------------------------------------------------------

      Code (inc. data)   RO Data    RW Data    ZI Data      Debug   Library Member Name

         8          0          0          0          0         68   __main.o
         0          0          0          0          0          0   __rtentry.o
        12          0          0          0          0          0   __rtentry2.o
         6          0          0          0          0          0   __rtentry4.o
        52          8          0          0          0          0   __scatter.o
        26          0          0          0          0          0   __scatter_copy.o
        28          0          0          0          0          0   __scatter_zi.o
        18          0          0          0          0         80   exit.o
         6          0          0          0          0        152   heapauxi.o
         0          0          0          0          0          0   indicate_semi.o
         2          0          0          0          0          0   libinit.o
         6          0          0          0          0          0   libinit2.o
         2          0          0          0          0          0   libshutdown.o
         2          0          0          0          0          0   libshutdown2.o
         8          4          0          0         96         68   libspace.o
         2          0          0          0          0          0   rtexit.o
        10          0          0          0          0          0   rtexit2.o
        12          4          0          0          0         68   sys_exit.o
        74          0          0          0          0         80   sys_stackheap_outer.o
         2          0          0          0          0         68   use_no_semi.o
        26          0          0          0          0        116   fpinit.o

    ----------------------------------------------------------------------
       312         16          0          0         96        700   Library Totals
        10          0          0          0          0          0   (incl. Padding)

    ----------------------------------------------------------------------

      Code (inc. data)   RO Data    RW Data    ZI Data      Debug   Library Name

       276         16          0          0         96        584   c_w.l
        26          0          0          0          0        116   fz_wm.l

    ----------------------------------------------------------------------
       312         16          0          0         96        700   Library Totals

    ----------------------------------------------------------------------

==============================================================================


      Code (inc. data)   RO Data    RW Data    ZI Data      Debug   

      2424         52        424        148       1648      23525   Grand Totals
      2424         52        424        148       1648      23525   ELF Image Totals
      2424         52        424        148          0          0   ROM Totals

==============================================================================

    Total RO  Size (Code + RO Data)                 2848 (   2.78kB)
    Total RW  Size (RW Data + ZI Data)              1796 (   1.75kB)
    Total ROM Size (Code + RO Data + RW Data)       2996 (   2.93kB)

==============================================================================

