Component: Arm Compiler for Embedded 6.18 Tool: armlink [5e4cc100]

==============================================================================

Section Cross References

    main.o(.text.main) refers to gpio.o(.text.PinOutputSet) for PinOutputSet
    main.o(.text.main) refers to main.o(.bss.MySuperImportantBitPosition) for MySuperImportantBitPosition
    main.o(.text.main) refers to main.o(.bss.MyDesiredBitConfig) for MyDesiredBitConfig
    main.o(.text.main) refers to main.o(.bss.myRegisterValue) for myRegisterValue
    main.o(.text.main) refers to main.o(.bss.i) for i
    main.o(.text.main) refers to main.o(.bss.j) for j
    main.o(.text.main) refers to time.o(.text.DelayMs) for DelayMs
    main.o(.ARM.exidx.text.main) refers to main.o(.text.main) for [Anonymous Symbol]
    main.o(.text.ImportantSetupToMakePinReady) refers to gpio.o(.text.PinOutputSet) for PinOutputSet
    main.o(.ARM.exidx.text.ImportantSetupToMakePinReady) refers to main.o(.text.ImportantSetupToMakePinReady) for [Anonymous Symbol]
    clock.o(.text.Clock_MCO1) refers to gpio.o(.text.Pin_OutputSet) for Pin_OutputSet
    clock.o(.text.Clock_MCO1) refers to gpio.o(.text.Pin_AFSet) for Pin_AFSet
    clock.o(.ARM.exidx.text.Clock_MCO1) refers to clock.o(.text.Clock_MCO1) for [Anonymous Symbol]
    clock.o(.text.Clock_MCO2) refers to gpio.o(.text.Pin_OutputSet) for Pin_OutputSet
    clock.o(.text.Clock_MCO2) refers to gpio.o(.text.Pin_AFSet) for Pin_AFSet
    clock.o(.ARM.exidx.text.Clock_MCO2) refers to clock.o(.text.Clock_MCO2) for [Anonymous Symbol]
    clock.o(.text.Clock_F411_96MHZ) refers to clock.o(.data.clock_speed) for clock_speed
    clock.o(.ARM.exidx.text.Clock_F411_96MHZ) refers to clock.o(.text.Clock_F411_96MHZ) for [Anonymous Symbol]
    clock.o(.text.Clock_F407_168MHZ) refers to clock.o(.data.clock_speed) for clock_speed
    clock.o(.text.Clock_F407_168MHZ) refers to clock.o(.data.APB1_clock_speed_div) for APB1_clock_speed_div
    clock.o(.ARM.exidx.text.Clock_F407_168MHZ) refers to clock.o(.text.Clock_F407_168MHZ) for [Anonymous Symbol]
    gpio.o(.ARM.exidx.text.initPin) refers to gpio.o(.text.initPin) for [Anonymous Symbol]
    gpio.o(.ARM.exidx.text.PortInit) refers to gpio.o(.text.PortInit) for [Anonymous Symbol]
    gpio.o(.ARM.exidx.text.get_GPIO) refers to gpio.o(.text.get_GPIO) for [Anonymous Symbol]
    gpio.o(.ARM.exidx.text.PinModeSet) refers to gpio.o(.text.PinModeSet) for [Anonymous Symbol]
    gpio.o(.ARM.exidx.text.Pin_ModeSet) refers to gpio.o(.text.Pin_ModeSet) for [Anonymous Symbol]
    gpio.o(.ARM.exidx.text.PinOutputSet) refers to gpio.o(.text.PinOutputSet) for [Anonymous Symbol]
    gpio.o(.ARM.exidx.text.PinIntputSet) refers to gpio.o(.text.PinIntputSet) for [Anonymous Symbol]
    gpio.o(.ARM.exidx.text.PinADCSet) refers to gpio.o(.text.PinADCSet) for [Anonymous Symbol]
    gpio.o(.ARM.exidx.text.PinIntSet) refers to gpio.o(.text.PinIntSet) for [Anonymous Symbol]
    gpio.o(.ARM.exidx.text.PinIntStop) refers to gpio.o(.text.PinIntStop) for [Anonymous Symbol]
    gpio.o(.text.PinIRQFE) refers to gpio.o(.text.PinIntSet) for PinIntSet
    gpio.o(.ARM.exidx.text.PinIRQFE) refers to gpio.o(.text.PinIRQFE) for [Anonymous Symbol]
    gpio.o(.text.PinIRQRE) refers to gpio.o(.text.PinIntSet) for PinIntSet
    gpio.o(.ARM.exidx.text.PinIRQRE) refers to gpio.o(.text.PinIRQRE) for [Anonymous Symbol]
    gpio.o(.text.PinIRQFRE) refers to gpio.o(.text.PinIntSet) for PinIntSet
    gpio.o(.ARM.exidx.text.PinIRQFRE) refers to gpio.o(.text.PinIRQFRE) for [Anonymous Symbol]
    gpio.o(.ARM.exidx.text.PinIrqStopFE) refers to gpio.o(.text.PinIrqStopFE) for [Anonymous Symbol]
    gpio.o(.ARM.exidx.text.PinIrqStopRE) refers to gpio.o(.text.PinIrqStopRE) for [Anonymous Symbol]
    gpio.o(.ARM.exidx.text.PinAFSet) refers to gpio.o(.text.PinAFSet) for [Anonymous Symbol]
    gpio.o(.ARM.exidx.text.PinW) refers to gpio.o(.text.PinW) for [Anonymous Symbol]
    gpio.o(.ARM.exidx.text.PinR) refers to gpio.o(.text.PinR) for [Anonymous Symbol]
    gpio.o(.ARM.exidx.text.PinToggle) refers to gpio.o(.text.PinToggle) for [Anonymous Symbol]
    gpio.o(.ARM.exidx.text.Pin_OutputSet) refers to gpio.o(.text.Pin_OutputSet) for [Anonymous Symbol]
    gpio.o(.ARM.exidx.text.Pin_IntputSet) refers to gpio.o(.text.Pin_IntputSet) for [Anonymous Symbol]
    gpio.o(.ARM.exidx.text.Pin_AFSet) refers to gpio.o(.text.Pin_AFSet) for [Anonymous Symbol]
    gpio.o(.ARM.exidx.text.Pin_W) refers to gpio.o(.text.Pin_W) for [Anonymous Symbol]
    gpio.o(.ARM.exidx.text.Pin_R) refers to gpio.o(.text.Pin_R) for [Anonymous Symbol]
    gpio.o(.ARM.exidx.text.Pin_toggle) refers to gpio.o(.text.Pin_toggle) for [Anonymous Symbol]
    gpio.o(.ARM.exidx.text.Timer_Pin_set) refers to gpio.o(.text.Timer_Pin_set) for [Anonymous Symbol]
    gpio.o(.ARM.exidx.text.Serial_Pin_set) refers to gpio.o(.text.Serial_Pin_set) for [Anonymous Symbol]
    gpio.o(.ARM.exidx.text.ADC_Pin_set) refers to gpio.o(.text.ADC_Pin_set) for [Anonymous Symbol]
    gpio.o(.ARM.exidx.text.ADCPinset) refers to gpio.o(.text.ADCPinset) for [Anonymous Symbol]
    gpio.o(.ARM.exidx.text.SPIPinset) refers to gpio.o(.text.SPIPinset) for [Anonymous Symbol]
    gpio.o(.ARM.exidx.text.I2CPinset) refers to gpio.o(.text.I2CPinset) for [Anonymous Symbol]
    gpio.o(.ARM.exidx.text.SDIOPinset) refers to gpio.o(.text.SDIOPinset) for [Anonymous Symbol]
    time.o(.ARM.exidx.text.systick_init) refers to time.o(.text.systick_init) for [Anonymous Symbol]
    time.o(.text.SysDelaymicro) refers to clock.o(.data.clock_speed) for clock_speed
    time.o(.ARM.exidx.text.SysDelaymicro) refers to time.o(.text.SysDelaymicro) for [Anonymous Symbol]
    time.o(.text.SysDelayUs) refers to clock.o(.data.clock_speed) for clock_speed
    time.o(.ARM.exidx.text.SysDelayUs) refers to time.o(.text.SysDelayUs) for [Anonymous Symbol]
    time.o(.text.SysDelayMillis) refers to clock.o(.data.clock_speed) for clock_speed
    time.o(.ARM.exidx.text.SysDelayMillis) refers to time.o(.text.SysDelayMillis) for [Anonymous Symbol]
    time.o(.text.SysDelayMs) refers to clock.o(.data.clock_speed) for clock_speed
    time.o(.ARM.exidx.text.SysDelayMs) refers to time.o(.text.SysDelayMs) for [Anonymous Symbol]
    time.o(.text.systicc_IRQ) refers to clock.o(.data.clock_speed) for clock_speed
    time.o(.ARM.exidx.text.systicc_IRQ) refers to time.o(.text.systicc_IRQ) for [Anonymous Symbol]
    time.o(.text.timer_clock_div) refers to clock.o(.data.APB1_clock_speed_div) for APB1_clock_speed_div
    time.o(.text.timer_clock_div) refers to time.o(.data.APB1_timers) for APB1_timers
    time.o(.ARM.exidx.text.timer_clock_div) refers to time.o(.text.timer_clock_div) for [Anonymous Symbol]
    time.o(.ARM.exidx.text.get_timer) refers to time.o(.text.get_timer) for [Anonymous Symbol]
    time.o(.ARM.exidx.text.timer_startRCC) refers to time.o(.text.timer_startRCC) for [Anonymous Symbol]
    time.o(.text.timer_start_micros) refers to clock.o(.data.APB1_clock_speed_div) for APB1_clock_speed_div
    time.o(.text.timer_start_micros) refers to clock.o(.data.clock_speed) for clock_speed
    time.o(.text.timer_start_micros) refers to time.o(.data.APB1_timers) for APB1_timers
    time.o(.ARM.exidx.text.timer_start_micros) refers to time.o(.text.timer_start_micros) for [Anonymous Symbol]
    time.o(.text.timer_start_millis) refers to clock.o(.data.APB1_clock_speed_div) for APB1_clock_speed_div
    time.o(.text.timer_start_millis) refers to clock.o(.data.clock_speed) for clock_speed
    time.o(.text.timer_start_millis) refers to time.o(.data.APB1_timers) for APB1_timers
    time.o(.ARM.exidx.text.timer_start_millis) refers to time.o(.text.timer_start_millis) for [Anonymous Symbol]
    time.o(.text.TimerStartUs) refers to time.o(.text.timer_start_micros) for timer_start_micros
    time.o(.ARM.exidx.text.TimerStartUs) refers to time.o(.text.TimerStartUs) for [Anonymous Symbol]
    time.o(.text.TimerStartMs) refers to time.o(.text.timer_start_millis) for timer_start_millis
    time.o(.ARM.exidx.text.TimerStartMs) refers to time.o(.text.TimerStartMs) for [Anonymous Symbol]
    time.o(.ARM.exidx.text.TimerGetTimeUs) refers to time.o(.text.TimerGetTimeUs) for [Anonymous Symbol]
    time.o(.ARM.exidx.text.TimerGetTimeMs) refers to time.o(.text.TimerGetTimeMs) for [Anonymous Symbol]
    time.o(.text.TDelayUs) refers to time.o(.text.timer_start_micros) for timer_start_micros
    time.o(.ARM.exidx.text.TDelayUs) refers to time.o(.text.TDelayUs) for [Anonymous Symbol]
    time.o(.text.TDelayMs) refers to time.o(.text.timer_start_micros) for timer_start_micros
    time.o(.ARM.exidx.text.TDelayMs) refers to time.o(.text.TDelayMs) for [Anonymous Symbol]
    time.o(.text.DelayUs) refers to clock.o(.data.APB1_clock_speed_div) for APB1_clock_speed_div
    time.o(.text.DelayUs) refers to clock.o(.data.clock_speed) for clock_speed
    time.o(.text.DelayUs) refers to time.o(.data.APB1_timers) for APB1_timers
    time.o(.ARM.exidx.text.DelayUs) refers to time.o(.text.DelayUs) for [Anonymous Symbol]
    time.o(.text.DelayMs) refers to clock.o(.data.clock_speed) for clock_speed
    time.o(.text.DelayMs) refers to clock.o(.data.APB1_clock_speed_div) for APB1_clock_speed_div
    time.o(.text.DelayMs) refers to time.o(.data.APB1_timers) for APB1_timers
    time.o(.ARM.exidx.text.DelayMs) refers to time.o(.text.DelayMs) for [Anonymous Symbol]
    time.o(.ARM.exidx.text.TimerEnIRQ) refers to time.o(.text.TimerEnIRQ) for [Anonymous Symbol]
    time.o(.text.TimerIRQMS) refers to time.o(.text.timer_start_millis) for timer_start_millis
    time.o(.ARM.exidx.text.TimerIRQMS) refers to time.o(.text.TimerIRQMS) for [Anonymous Symbol]
    time.o(.text.TimerAR_IRQUS) refers to time.o(.text.timer_start_micros) for timer_start_micros
    time.o(.ARM.exidx.text.TimerAR_IRQUS) refers to time.o(.text.TimerAR_IRQUS) for [Anonymous Symbol]
    time.o(.text.TimerAR_IRQMS) refers to time.o(.text.timer_start_millis) for timer_start_millis
    time.o(.ARM.exidx.text.TimerAR_IRQMS) refers to time.o(.text.TimerAR_IRQMS) for [Anonymous Symbol]
    time.o(.text.PIN_TIMER_MAP_FUNC) refers to time.o(.rodata.PIN_TIMER_MAP) for PIN_TIMER_MAP
    time.o(.ARM.exidx.text.PIN_TIMER_MAP_FUNC) refers to time.o(.text.PIN_TIMER_MAP_FUNC) for [Anonymous Symbol]
    time.o(.text.timer_compare_micro) refers to time.o(.rodata.PIN_TIMER_MAP) for PIN_TIMER_MAP
    time.o(.text.timer_compare_micro) refers to clock.o(.data.APB1_clock_speed_div) for APB1_clock_speed_div
    time.o(.text.timer_compare_micro) refers to clock.o(.data.clock_speed) for clock_speed
    time.o(.text.timer_compare_micro) refers to time.o(.data.APB1_timers) for APB1_timers
    time.o(.text.timer_compare_micro) refers to gpio.o(.text.Timer_Pin_set) for Timer_Pin_set
    time.o(.ARM.exidx.text.timer_compare_micro) refers to time.o(.text.timer_compare_micro) for [Anonymous Symbol]
    time.o(.text.timer_compare_milli) refers to time.o(.rodata.PIN_TIMER_MAP) for PIN_TIMER_MAP
    time.o(.text.timer_compare_milli) refers to clock.o(.data.APB1_clock_speed_div) for APB1_clock_speed_div
    time.o(.text.timer_compare_milli) refers to clock.o(.data.clock_speed) for clock_speed
    time.o(.text.timer_compare_milli) refers to time.o(.data.APB1_timers) for APB1_timers
    time.o(.text.timer_compare_milli) refers to gpio.o(.text.Timer_Pin_set) for Timer_Pin_set
    time.o(.ARM.exidx.text.timer_compare_milli) refers to time.o(.text.timer_compare_milli) for [Anonymous Symbol]
    time.o(.text.timer_compare_stop) refers to time.o(.rodata.PIN_TIMER_MAP) for PIN_TIMER_MAP
    time.o(.ARM.exidx.text.timer_compare_stop) refers to time.o(.text.timer_compare_stop) for [Anonymous Symbol]
    time.o(.text.timerCompIrQEn) refers to time.o(.rodata.PIN_TIMER_MAP) for PIN_TIMER_MAP
    time.o(.ARM.exidx.text.timerCompIrQEn) refers to time.o(.text.timerCompIrQEn) for [Anonymous Symbol]
    time.o(.text.TimerCompIRQ) refers to time.o(.text.timer_compare_micro) for timer_compare_micro
    time.o(.text.TimerCompIRQ) refers to time.o(.text.timerCompIrQEn) for timerCompIrQEn
    time.o(.ARM.exidx.text.TimerCompIRQ) refers to time.o(.text.TimerCompIRQ) for [Anonymous Symbol]
    time.o(.text.timer_pwm_micro) refers to time.o(.rodata.PIN_TIMER_MAP) for PIN_TIMER_MAP
    time.o(.text.timer_pwm_micro) refers to clock.o(.data.APB1_clock_speed_div) for APB1_clock_speed_div
    time.o(.text.timer_pwm_micro) refers to clock.o(.data.clock_speed) for clock_speed
    time.o(.text.timer_pwm_micro) refers to time.o(.data.APB1_timers) for APB1_timers
    time.o(.text.timer_pwm_micro) refers to gpio.o(.text.Timer_Pin_set) for Timer_Pin_set
    time.o(.ARM.exidx.text.timer_pwm_micro) refers to time.o(.text.timer_pwm_micro) for [Anonymous Symbol]
    time.o(.text.timer_pwm_milli) refers to time.o(.rodata.PIN_TIMER_MAP) for PIN_TIMER_MAP
    time.o(.text.timer_pwm_milli) refers to clock.o(.data.APB1_clock_speed_div) for APB1_clock_speed_div
    time.o(.text.timer_pwm_milli) refers to clock.o(.data.clock_speed) for clock_speed
    time.o(.text.timer_pwm_milli) refers to time.o(.data.APB1_timers) for APB1_timers
    time.o(.text.timer_pwm_milli) refers to gpio.o(.text.Timer_Pin_set) for Timer_Pin_set
    time.o(.ARM.exidx.text.timer_pwm_milli) refers to time.o(.text.timer_pwm_milli) for [Anonymous Symbol]
    time.o(.text.ESCDivX) refers to time.o(.text.timer_pwm_micro) for timer_pwm_micro
    time.o(.ARM.exidx.text.ESCDivX) refers to time.o(.text.ESCDivX) for [Anonymous Symbol]
    time.o(.text.ESCDiv100) refers to time.o(.text.timer_pwm_micro) for timer_pwm_micro
    time.o(.ARM.exidx.text.ESCDiv100) refers to time.o(.text.ESCDiv100) for [Anonymous Symbol]
    startup_stm32f411xe.o(STACK) refers (Special) to heapauxi.o(.text) for __use_two_region_memory
    startup_stm32f411xe.o(HEAP) refers (Special) to heapauxi.o(.text) for __use_two_region_memory
    startup_stm32f411xe.o(RESET) refers (Special) to heapauxi.o(.text) for __use_two_region_memory
    startup_stm32f411xe.o(RESET) refers to startup_stm32f411xe.o(STACK) for __initial_sp
    startup_stm32f411xe.o(RESET) refers to startup_stm32f411xe.o(.text) for Reset_Handler
    startup_stm32f411xe.o(.text) refers (Special) to heapauxi.o(.text) for __use_two_region_memory
    startup_stm32f411xe.o(.text) refers to system_stm32f4xx.o(.text.SystemInit) for SystemInit
    startup_stm32f411xe.o(.text) refers to __main.o(!!!main) for __main
    startup_stm32f411xe.o(.text) refers to startup_stm32f411xe.o(HEAP) for Heap_Mem
    startup_stm32f411xe.o(.text) refers to startup_stm32f411xe.o(STACK) for Stack_Mem
    system_stm32f4xx.o(.ARM.exidx.text.SystemInit) refers to system_stm32f4xx.o(.text.SystemInit) for [Anonymous Symbol]
    system_stm32f4xx.o(.text.SystemCoreClockUpdate) refers to system_stm32f4xx.o(.data.SystemCoreClock) for SystemCoreClock
    system_stm32f4xx.o(.text.SystemCoreClockUpdate) refers to system_stm32f4xx.o(.rodata.AHBPrescTable) for AHBPrescTable
    system_stm32f4xx.o(.ARM.exidx.text.SystemCoreClockUpdate) refers to system_stm32f4xx.o(.text.SystemCoreClockUpdate) for [Anonymous Symbol]
    __main.o(!!!main) refers to __rtentry.o(.ARM.Collect$$rtentry$$00000000) for __rt_entry
    __rtentry.o(.ARM.Collect$$rtentry$$00000000) refers (Special) to __rtentry2.o(.ARM.Collect$$rtentry$$0000000A) for __rt_entry_li
    __rtentry.o(.ARM.Collect$$rtentry$$00000000) refers (Special) to __rtentry2.o(.ARM.Collect$$rtentry$$0000000D) for __rt_entry_main
    __rtentry.o(.ARM.Collect$$rtentry$$00000000) refers (Special) to __rtentry2.o(.ARM.Collect$$rtentry$$0000000C) for __rt_entry_postli_1
    __rtentry.o(.ARM.Collect$$rtentry$$00000000) refers (Special) to __rtentry2.o(.ARM.Collect$$rtentry$$00000009) for __rt_entry_postsh_1
    __rtentry.o(.ARM.Collect$$rtentry$$00000000) refers (Special) to __rtentry2.o(.ARM.Collect$$rtentry$$00000002) for __rt_entry_presh_1
    __rtentry.o(.ARM.Collect$$rtentry$$00000000) refers (Special) to __rtentry4.o(.ARM.Collect$$rtentry$$00000004) for __rt_entry_sh
    __rtentry2.o(.ARM.Collect$$rtentry$$00000008) refers to boardinit2.o(.text) for _platform_post_stackheap_init
    __rtentry2.o(.ARM.Collect$$rtentry$$0000000A) refers to libinit.o(.ARM.Collect$$libinit$$00000000) for __rt_lib_init
    __rtentry2.o(.ARM.Collect$$rtentry$$0000000B) refers to boardinit3.o(.text) for _platform_post_lib_init
    __rtentry2.o(.ARM.Collect$$rtentry$$0000000D) refers to main.o(.text.main) for main
    __rtentry2.o(.ARM.Collect$$rtentry$$0000000D) refers to exit.o(.text) for exit
    __rtentry2.o(.ARM.exidx) refers to __rtentry2.o(.ARM.Collect$$rtentry$$00000001) for .ARM.Collect$$rtentry$$00000001
    __rtentry2.o(.ARM.exidx) refers to __rtentry2.o(.ARM.Collect$$rtentry$$00000008) for .ARM.Collect$$rtentry$$00000008
    __rtentry2.o(.ARM.exidx) refers to __rtentry2.o(.ARM.Collect$$rtentry$$0000000A) for .ARM.Collect$$rtentry$$0000000A
    __rtentry2.o(.ARM.exidx) refers to __rtentry2.o(.ARM.Collect$$rtentry$$0000000B) for .ARM.Collect$$rtentry$$0000000B
    __rtentry2.o(.ARM.exidx) refers to __rtentry2.o(.ARM.Collect$$rtentry$$0000000D) for .ARM.Collect$$rtentry$$0000000D
    __rtentry4.o(.ARM.Collect$$rtentry$$00000004) refers to sys_stackheap_outer.o(.text) for __user_setup_stackheap
    __rtentry4.o(.ARM.exidx) refers to __rtentry4.o(.ARM.Collect$$rtentry$$00000004) for .ARM.Collect$$rtentry$$00000004
    sys_stackheap_outer.o(.text) refers to libspace.o(.text) for __user_perproc_libspace
    sys_stackheap_outer.o(.text) refers to startup_stm32f411xe.o(.text) for __user_initial_stackheap
    exit.o(.text) refers to rtexit.o(.ARM.Collect$$rtexit$$00000000) for __rt_exit
    libinit.o(.ARM.Collect$$libinit$$00000000) refers (Special) to libinit2.o(.ARM.Collect$$libinit$$00000030) for __rt_lib_init_alloca_1
    libinit.o(.ARM.Collect$$libinit$$00000000) refers (Special) to libinit2.o(.ARM.Collect$$libinit$$0000002E) for __rt_lib_init_argv_1
    libinit.o(.ARM.Collect$$libinit$$00000000) refers (Special) to libinit2.o(.ARM.Collect$$libinit$$0000001D) for __rt_lib_init_atexit_1
    libinit.o(.ARM.Collect$$libinit$$00000000) refers (Special) to libinit2.o(.ARM.Collect$$libinit$$00000023) for __rt_lib_init_clock_1
    libinit.o(.ARM.Collect$$libinit$$00000000) refers (Special) to libinit2.o(.ARM.Collect$$libinit$$00000034) for __rt_lib_init_cpp_1
    libinit.o(.ARM.Collect$$libinit$$00000000) refers (Special) to libinit2.o(.ARM.Collect$$libinit$$00000032) for __rt_lib_init_exceptions_1
    libinit.o(.ARM.Collect$$libinit$$00000000) refers (Special) to libinit2.o(.ARM.Collect$$libinit$$00000001) for __rt_lib_init_fp_1
    libinit.o(.ARM.Collect$$libinit$$00000000) refers (Special) to libinit2.o(.ARM.Collect$$libinit$$00000021) for __rt_lib_init_fp_trap_1
    libinit.o(.ARM.Collect$$libinit$$00000000) refers (Special) to libinit2.o(.ARM.Collect$$libinit$$00000025) for __rt_lib_init_getenv_1
    libinit.o(.ARM.Collect$$libinit$$00000000) refers (Special) to libinit2.o(.ARM.Collect$$libinit$$0000000C) for __rt_lib_init_heap_1
    libinit.o(.ARM.Collect$$libinit$$00000000) refers (Special) to libinit2.o(.ARM.Collect$$libinit$$00000013) for __rt_lib_init_lc_collate_1
    libinit.o(.ARM.Collect$$libinit$$00000000) refers (Special) to libinit2.o(.ARM.Collect$$libinit$$00000015) for __rt_lib_init_lc_ctype_1
    libinit.o(.ARM.Collect$$libinit$$00000000) refers (Special) to libinit2.o(.ARM.Collect$$libinit$$00000017) for __rt_lib_init_lc_monetary_1
    libinit.o(.ARM.Collect$$libinit$$00000000) refers (Special) to libinit2.o(.ARM.Collect$$libinit$$00000019) for __rt_lib_init_lc_numeric_1
    libinit.o(.ARM.Collect$$libinit$$00000000) refers (Special) to libinit2.o(.ARM.Collect$$libinit$$0000001B) for __rt_lib_init_lc_time_1
    libinit.o(.ARM.Collect$$libinit$$00000000) refers (Special) to libinit2.o(.ARM.Collect$$libinit$$00000006) for __rt_lib_init_preinit_1
    libinit.o(.ARM.Collect$$libinit$$00000000) refers (Special) to libinit2.o(.ARM.Collect$$libinit$$00000010) for __rt_lib_init_rand_1
    libinit.o(.ARM.Collect$$libinit$$00000000) refers (Special) to libinit2.o(.ARM.Collect$$libinit$$00000004) for __rt_lib_init_relocate_pie_1
    libinit.o(.ARM.Collect$$libinit$$00000000) refers (Special) to libinit2.o(.ARM.Collect$$libinit$$00000035) for __rt_lib_init_return
    libinit.o(.ARM.Collect$$libinit$$00000000) refers (Special) to libinit2.o(.ARM.Collect$$libinit$$0000001F) for __rt_lib_init_signal_1
    libinit.o(.ARM.Collect$$libinit$$00000000) refers (Special) to libinit2.o(.ARM.Collect$$libinit$$00000027) for __rt_lib_init_stdio_1
    libinit.o(.ARM.Collect$$libinit$$00000000) refers (Special) to libinit2.o(.ARM.Collect$$libinit$$0000000E) for __rt_lib_init_user_alloc_1
    libspace.o(.text) refers to libspace.o(.bss) for __libspace_start
    rtexit.o(.ARM.Collect$$rtexit$$00000000) refers (Special) to rtexit2.o(.ARM.Collect$$rtexit$$00000004) for __rt_exit_exit
    rtexit.o(.ARM.Collect$$rtexit$$00000000) refers (Special) to rtexit2.o(.ARM.Collect$$rtexit$$00000003) for __rt_exit_ls
    rtexit.o(.ARM.Collect$$rtexit$$00000000) refers (Special) to rtexit2.o(.ARM.Collect$$rtexit$$00000002) for __rt_exit_prels_1
    rtexit.o(.ARM.exidx) refers (Special) to rtexit2.o(.ARM.Collect$$rtexit$$00000004) for __rt_exit_exit
    rtexit.o(.ARM.exidx) refers (Special) to rtexit2.o(.ARM.Collect$$rtexit$$00000003) for __rt_exit_ls
    rtexit.o(.ARM.exidx) refers (Special) to rtexit2.o(.ARM.Collect$$rtexit$$00000002) for __rt_exit_prels_1
    rtexit.o(.ARM.exidx) refers to rtexit.o(.ARM.Collect$$rtexit$$00000000) for .ARM.Collect$$rtexit$$00000000
    libinit2.o(.ARM.Collect$$libinit$$00000001) refers to fpinit.o(x$fpl$fpinit) for _fp_init
    libinit2.o(.ARM.Collect$$libinit$$00000012) refers to libinit2.o(.ARM.Collect$$libinit$$00000011) for .ARM.Collect$$libinit$$00000011
    libinit2.o(.ARM.Collect$$libinit$$00000014) refers to libinit2.o(.ARM.Collect$$libinit$$00000011) for .ARM.Collect$$libinit$$00000011
    libinit2.o(.ARM.Collect$$libinit$$00000016) refers to libinit2.o(.ARM.Collect$$libinit$$00000011) for .ARM.Collect$$libinit$$00000011
    libinit2.o(.ARM.Collect$$libinit$$00000018) refers to libinit2.o(.ARM.Collect$$libinit$$00000011) for .ARM.Collect$$libinit$$00000011
    libinit2.o(.ARM.Collect$$libinit$$0000001A) refers to libinit2.o(.ARM.Collect$$libinit$$00000011) for .ARM.Collect$$libinit$$00000011
    libinit2.o(.ARM.Collect$$libinit$$00000028) refers to argv_veneer.o(.emb_text) for __ARM_argv_veneer
    libinit2.o(.ARM.Collect$$libinit$$00000029) refers to argv_veneer.o(.emb_text) for __ARM_argv_veneer
    rtexit2.o(.ARM.Collect$$rtexit$$00000003) refers to libshutdown.o(.ARM.Collect$$libshutdown$$00000000) for __rt_lib_shutdown
    rtexit2.o(.ARM.Collect$$rtexit$$00000004) refers to sys_exit.o(.text) for _sys_exit
    rtexit2.o(.ARM.exidx) refers to rtexit2.o(.ARM.Collect$$rtexit$$00000001) for .ARM.Collect$$rtexit$$00000001
    rtexit2.o(.ARM.exidx) refers to rtexit2.o(.ARM.Collect$$rtexit$$00000003) for .ARM.Collect$$rtexit$$00000003
    rtexit2.o(.ARM.exidx) refers to rtexit2.o(.ARM.Collect$$rtexit$$00000004) for .ARM.Collect$$rtexit$$00000004
    argv_veneer.o(.emb_text) refers to no_argv.o(.text) for __ARM_get_argv
    sys_exit.o(.text) refers (Special) to use_no_semi.o(.text) for __I$use$semihosting
    sys_exit.o(.text) refers (Special) to indicate_semi.o(.text) for __semihosting_library_function
    sys_exit_hlt.o(.text) refers (Special) to use_no_semi.o(.text) for __I$use$semihosting
    sys_exit_hlt.o(.text) refers (Special) to indicate_semi.o(.text) for __semihosting_library_function
    _get_argv_nomalloc.o(.text) refers (Special) to hrguard.o(.text) for __heap_region$guard
    _get_argv_nomalloc.o(.text) refers to defsig_rtmem_outer.o(.text) for __rt_SIGRTMEM
    _get_argv_nomalloc.o(.text) refers to sys_command.o(.text) for _sys_command_string
    libshutdown.o(.ARM.Collect$$libshutdown$$00000000) refers (Special) to libshutdown2.o(.ARM.Collect$$libshutdown$$00000002) for __rt_lib_shutdown_cpp_1
    libshutdown.o(.ARM.Collect$$libshutdown$$00000000) refers (Special) to libshutdown2.o(.ARM.Collect$$libshutdown$$00000007) for __rt_lib_shutdown_fp_trap_1
    libshutdown.o(.ARM.Collect$$libshutdown$$00000000) refers (Special) to libshutdown2.o(.ARM.Collect$$libshutdown$$0000000F) for __rt_lib_shutdown_heap_1
    libshutdown.o(.ARM.Collect$$libshutdown$$00000000) refers (Special) to libshutdown2.o(.ARM.Collect$$libshutdown$$00000010) for __rt_lib_shutdown_return
    libshutdown.o(.ARM.Collect$$libshutdown$$00000000) refers (Special) to libshutdown2.o(.ARM.Collect$$libshutdown$$0000000A) for __rt_lib_shutdown_signal_1
    libshutdown.o(.ARM.Collect$$libshutdown$$00000000) refers (Special) to libshutdown2.o(.ARM.Collect$$libshutdown$$00000004) for __rt_lib_shutdown_stdio_1
    libshutdown.o(.ARM.Collect$$libshutdown$$00000000) refers (Special) to libshutdown2.o(.ARM.Collect$$libshutdown$$0000000C) for __rt_lib_shutdown_user_alloc_1
    sys_command.o(.text) refers (Special) to use_no_semi.o(.text) for __I$use$semihosting
    sys_command.o(.text) refers (Special) to indicate_semi.o(.text) for __semihosting_library_function
    sys_command_hlt.o(.text) refers (Special) to use_no_semi.o(.text) for __I$use$semihosting
    sys_command_hlt.o(.text) refers (Special) to indicate_semi.o(.text) for __semihosting_library_function
    defsig_rtmem_outer.o(.text) refers to defsig_rtmem_inner.o(.text) for __rt_SIGRTMEM_inner
    defsig_rtmem_outer.o(.text) refers to defsig_exit.o(.text) for __sig_exit
    defsig_rtmem_formal.o(.text) refers to rt_raise.o(.text) for __rt_raise
    rt_raise.o(.text) refers to __raise.o(.text) for __raise
    rt_raise.o(.text) refers to sys_exit.o(.text) for _sys_exit
    defsig_exit.o(.text) refers to sys_exit.o(.text) for _sys_exit
    defsig_rtmem_inner.o(.text) refers to defsig_general.o(.text) for __default_signal_display
    __raise.o(.text) refers to defsig.o(CL$$defsig) for __default_signal_handler
    defsig_general.o(.text) refers to sys_wrch.o(.text) for _ttywrch
    sys_wrch.o(.text) refers (Special) to use_no_semi.o(.text) for __I$use$semihosting
    sys_wrch.o(.text) refers (Special) to indicate_semi.o(.text) for __semihosting_library_function
    sys_wrch_hlt.o(.text) refers (Special) to use_no_semi.o(.text) for __I$use$semihosting
    sys_wrch_hlt.o(.text) refers (Special) to indicate_semi.o(.text) for __semihosting_library_function
    defsig.o(CL$$defsig) refers to defsig_rtmem_inner.o(.text) for __rt_SIGRTMEM_inner
    defsig_abrt_inner.o(.text) refers to defsig_general.o(.text) for __default_signal_display
    defsig_fpe_inner.o(.text) refers to defsig_general.o(.text) for __default_signal_display
    defsig_rtred_inner.o(.text) refers to defsig_general.o(.text) for __default_signal_display
    defsig_stak_inner.o(.text) refers to defsig_general.o(.text) for __default_signal_display
    defsig_pvfn_inner.o(.text) refers to defsig_general.o(.text) for __default_signal_display
    defsig_cppl_inner.o(.text) refers to defsig_general.o(.text) for __default_signal_display
    defsig_segv_inner.o(.text) refers to defsig_general.o(.text) for __default_signal_display
    defsig_other.o(.text) refers to defsig_general.o(.text) for __default_signal_display


==============================================================================

Removing Unused input sections from the image.

    Removing main.o(.text), (0 bytes).
    Removing main.o(.ARM.exidx.text.main), (8 bytes).
    Removing main.o(.text.ImportantSetupToMakePinReady), (52 bytes).
    Removing main.o(.ARM.exidx.text.ImportantSetupToMakePinReady), (8 bytes).
    Removing main.o(.ARM.use_no_argv), (4 bytes).
    Removing clock.o(.text), (0 bytes).
    Removing clock.o(.text.Clock_MCO1), (58 bytes).
    Removing clock.o(.ARM.exidx.text.Clock_MCO1), (8 bytes).
    Removing clock.o(.text.Clock_MCO2), (82 bytes).
    Removing clock.o(.ARM.exidx.text.Clock_MCO2), (8 bytes).
    Removing clock.o(.text.Clock_F411_96MHZ), (160 bytes).
    Removing clock.o(.ARM.exidx.text.Clock_F411_96MHZ), (8 bytes).
    Removing clock.o(.text.Clock_F407_168MHZ), (212 bytes).
    Removing clock.o(.ARM.exidx.text.Clock_F407_168MHZ), (8 bytes).
    Removing gpio.o(.text), (0 bytes).
    Removing gpio.o(.text.initPin), (6 bytes).
    Removing gpio.o(.ARM.exidx.text.initPin), (8 bytes).
    Removing gpio.o(.text.PortInit), (22 bytes).
    Removing gpio.o(.ARM.exidx.text.PortInit), (8 bytes).
    Removing gpio.o(.text.get_GPIO), (56 bytes).
    Removing gpio.o(.ARM.exidx.text.get_GPIO), (8 bytes).
    Removing gpio.o(.text.PinModeSet), (34 bytes).
    Removing gpio.o(.ARM.exidx.text.PinModeSet), (8 bytes).
    Removing gpio.o(.text.Pin_ModeSet), (40 bytes).
    Removing gpio.o(.ARM.exidx.text.Pin_ModeSet), (8 bytes).
    Removing gpio.o(.ARM.exidx.text.PinOutputSet), (8 bytes).
    Removing gpio.o(.text.PinIntputSet), (142 bytes).
    Removing gpio.o(.ARM.exidx.text.PinIntputSet), (8 bytes).
    Removing gpio.o(.text.PinADCSet), (120 bytes).
    Removing gpio.o(.ARM.exidx.text.PinADCSet), (8 bytes).
    Removing gpio.o(.text.PinIntSet), (410 bytes).
    Removing gpio.o(.ARM.exidx.text.PinIntSet), (8 bytes).
    Removing gpio.o(.text.PinIntStop), (40 bytes).
    Removing gpio.o(.ARM.exidx.text.PinIntStop), (8 bytes).
    Removing gpio.o(.text.PinIRQFE), (10 bytes).
    Removing gpio.o(.ARM.exidx.text.PinIRQFE), (8 bytes).
    Removing gpio.o(.text.PinIRQRE), (10 bytes).
    Removing gpio.o(.ARM.exidx.text.PinIRQRE), (8 bytes).
    Removing gpio.o(.text.PinIRQFRE), (20 bytes).
    Removing gpio.o(.ARM.exidx.text.PinIRQFRE), (8 bytes).
    Removing gpio.o(.text.PinIrqStopFE), (28 bytes).
    Removing gpio.o(.ARM.exidx.text.PinIrqStopFE), (8 bytes).
    Removing gpio.o(.text.PinIrqStopRE), (28 bytes).
    Removing gpio.o(.ARM.exidx.text.PinIrqStopRE), (8 bytes).
    Removing gpio.o(.text.PinAFSet), (122 bytes).
    Removing gpio.o(.ARM.exidx.text.PinAFSet), (8 bytes).
    Removing gpio.o(.text.PinW), (88 bytes).
    Removing gpio.o(.ARM.exidx.text.PinW), (8 bytes).
    Removing gpio.o(.text.PinR), (78 bytes).
    Removing gpio.o(.ARM.exidx.text.PinR), (8 bytes).
    Removing gpio.o(.text.PinToggle), (146 bytes).
    Removing gpio.o(.ARM.exidx.text.PinToggle), (8 bytes).
    Removing gpio.o(.text.Pin_OutputSet), (136 bytes).
    Removing gpio.o(.ARM.exidx.text.Pin_OutputSet), (8 bytes).
    Removing gpio.o(.text.Pin_IntputSet), (136 bytes).
    Removing gpio.o(.ARM.exidx.text.Pin_IntputSet), (8 bytes).
    Removing gpio.o(.text.Pin_AFSet), (112 bytes).
    Removing gpio.o(.ARM.exidx.text.Pin_AFSet), (8 bytes).
    Removing gpio.o(.text.Pin_W), (88 bytes).
    Removing gpio.o(.ARM.exidx.text.Pin_W), (8 bytes).
    Removing gpio.o(.text.Pin_R), (78 bytes).
    Removing gpio.o(.ARM.exidx.text.Pin_R), (8 bytes).
    Removing gpio.o(.text.Pin_toggle), (150 bytes).
    Removing gpio.o(.ARM.exidx.text.Pin_toggle), (8 bytes).
    Removing gpio.o(.text.Timer_Pin_set), (252 bytes).
    Removing gpio.o(.ARM.exidx.text.Timer_Pin_set), (8 bytes).
    Removing gpio.o(.text.Serial_Pin_set), (228 bytes).
    Removing gpio.o(.ARM.exidx.text.Serial_Pin_set), (8 bytes).
    Removing gpio.o(.text.ADC_Pin_set), (110 bytes).
    Removing gpio.o(.ARM.exidx.text.ADC_Pin_set), (8 bytes).
    Removing gpio.o(.text.ADCPinset), (120 bytes).
    Removing gpio.o(.ARM.exidx.text.ADCPinset), (8 bytes).
    Removing gpio.o(.text.SPIPinset), (254 bytes).
    Removing gpio.o(.ARM.exidx.text.SPIPinset), (8 bytes).
    Removing gpio.o(.text.I2CPinset), (262 bytes).
    Removing gpio.o(.ARM.exidx.text.I2CPinset), (8 bytes).
    Removing gpio.o(.text.SDIOPinset), (234 bytes).
    Removing gpio.o(.ARM.exidx.text.SDIOPinset), (8 bytes).
    Removing time.o(.text), (0 bytes).
    Removing time.o(.text.systick_init), (26 bytes).
    Removing time.o(.ARM.exidx.text.systick_init), (8 bytes).
    Removing time.o(.text.SysDelaymicro), (36 bytes).
    Removing time.o(.ARM.exidx.text.SysDelaymicro), (8 bytes).
    Removing time.o(.text.SysDelayUs), (76 bytes).
    Removing time.o(.ARM.exidx.text.SysDelayUs), (8 bytes).
    Removing time.o(.text.SysDelayMillis), (44 bytes).
    Removing time.o(.ARM.exidx.text.SysDelayMillis), (8 bytes).
    Removing time.o(.text.SysDelayMs), (84 bytes).
    Removing time.o(.ARM.exidx.text.SysDelayMs), (8 bytes).
    Removing time.o(.text.systicc_IRQ), (46 bytes).
    Removing time.o(.ARM.exidx.text.systicc_IRQ), (8 bytes).
    Removing time.o(.text.timer_clock_div), (50 bytes).
    Removing time.o(.ARM.exidx.text.timer_clock_div), (8 bytes).
    Removing time.o(.text.get_timer), (74 bytes).
    Removing time.o(.ARM.exidx.text.get_timer), (8 bytes).
    Removing time.o(.text.timer_startRCC), (126 bytes).
    Removing time.o(.ARM.exidx.text.timer_startRCC), (8 bytes).
    Removing time.o(.text.timer_start_micros), (274 bytes).
    Removing time.o(.ARM.exidx.text.timer_start_micros), (8 bytes).
    Removing time.o(.text.timer_start_millis), (286 bytes).
    Removing time.o(.ARM.exidx.text.timer_start_millis), (8 bytes).
    Removing time.o(.text.TimerStartUs), (20 bytes).
    Removing time.o(.ARM.exidx.text.TimerStartUs), (8 bytes).
    Removing time.o(.text.TimerStartMs), (20 bytes).
    Removing time.o(.ARM.exidx.text.TimerStartMs), (8 bytes).
    Removing time.o(.text.TimerGetTimeUs), (84 bytes).
    Removing time.o(.ARM.exidx.text.TimerGetTimeUs), (8 bytes).
    Removing time.o(.text.TimerGetTimeMs), (82 bytes).
    Removing time.o(.ARM.exidx.text.TimerGetTimeMs), (8 bytes).
    Removing time.o(.text.TDelayUs), (28 bytes).
    Removing time.o(.ARM.exidx.text.TDelayUs), (8 bytes).
    Removing time.o(.text.TDelayMs), (52 bytes).
    Removing time.o(.ARM.exidx.text.TDelayMs), (8 bytes).
    Removing time.o(.text.DelayUs), (128 bytes).
    Removing time.o(.ARM.exidx.text.DelayUs), (8 bytes).
    Removing time.o(.ARM.exidx.text.DelayMs), (8 bytes).
    Removing time.o(.text.TimerEnIRQ), (88 bytes).
    Removing time.o(.ARM.exidx.text.TimerEnIRQ), (8 bytes).
    Removing time.o(.text.TimerIRQMS), (112 bytes).
    Removing time.o(.ARM.exidx.text.TimerIRQMS), (8 bytes).
    Removing time.o(.text.TimerAR_IRQUS), (140 bytes).
    Removing time.o(.ARM.exidx.text.TimerAR_IRQUS), (8 bytes).
    Removing time.o(.text.TimerAR_IRQMS), (140 bytes).
    Removing time.o(.ARM.exidx.text.TimerAR_IRQMS), (8 bytes).
    Removing time.o(.text.PIN_TIMER_MAP_FUNC), (144 bytes).
    Removing time.o(.ARM.exidx.text.PIN_TIMER_MAP_FUNC), (8 bytes).
    Removing time.o(.text.timer_compare_micro), (484 bytes).
    Removing time.o(.ARM.exidx.text.timer_compare_micro), (8 bytes).
    Removing time.o(.text.timer_compare_milli), (486 bytes).
    Removing time.o(.ARM.exidx.text.timer_compare_milli), (8 bytes).
    Removing time.o(.text.timer_compare_stop), (158 bytes).
    Removing time.o(.ARM.exidx.text.timer_compare_stop), (8 bytes).
    Removing time.o(.text.timerCompIrQEn), (234 bytes).
    Removing time.o(.ARM.exidx.text.timerCompIrQEn), (8 bytes).
    Removing time.o(.text.TimerCompIRQ), (26 bytes).
    Removing time.o(.ARM.exidx.text.TimerCompIRQ), (8 bytes).
    Removing time.o(.text.timer_pwm_micro), (488 bytes).
    Removing time.o(.ARM.exidx.text.timer_pwm_micro), (8 bytes).
    Removing time.o(.text.timer_pwm_milli), (494 bytes).
    Removing time.o(.ARM.exidx.text.timer_pwm_milli), (8 bytes).
    Removing time.o(.text.ESCDivX), (38 bytes).
    Removing time.o(.ARM.exidx.text.ESCDivX), (8 bytes).
    Removing time.o(.text.ESCDiv100), (44 bytes).
    Removing time.o(.ARM.exidx.text.ESCDiv100), (8 bytes).
    Removing time.o(.rodata.PIN_TIMER_MAP), (248 bytes).
    Removing system_stm32f4xx.o(.text), (0 bytes).
    Removing system_stm32f4xx.o(.ARM.exidx.text.SystemInit), (8 bytes).
    Removing system_stm32f4xx.o(.text.SystemCoreClockUpdate), (126 bytes).
    Removing system_stm32f4xx.o(.ARM.exidx.text.SystemCoreClockUpdate), (8 bytes).
    Removing system_stm32f4xx.o(.data.SystemCoreClock), (4 bytes).
    Removing system_stm32f4xx.o(.rodata.AHBPrescTable), (16 bytes).
    Removing system_stm32f4xx.o(.rodata.APBPrescTable), (8 bytes).

152 unused section(s) (total 9726 bytes) removed from the image.

==============================================================================

Image Symbol Table

    Local Symbols

    Symbol Name                              Value     Ov Type        Size  Object(Section)

    ../clib/angel/boardlib.s                 0x00000000   Number         0  boardinit1.o ABSOLUTE
    ../clib/angel/boardlib.s                 0x00000000   Number         0  boardinit2.o ABSOLUTE
    ../clib/angel/boardlib.s                 0x00000000   Number         0  boardinit3.o ABSOLUTE
    ../clib/angel/boardlib.s                 0x00000000   Number         0  boardshut.o ABSOLUTE
    ../clib/angel/handlers.s                 0x00000000   Number         0  __scatter_copy.o ABSOLUTE
    ../clib/angel/handlers.s                 0x00000000   Number         0  __scatter_zi.o ABSOLUTE
    ../clib/angel/kernel.s                   0x00000000   Number         0  __rtentry.o ABSOLUTE
    ../clib/angel/kernel.s                   0x00000000   Number         0  __rtentry2.o ABSOLUTE
    ../clib/angel/kernel.s                   0x00000000   Number         0  __rtentry4.o ABSOLUTE
    ../clib/angel/kernel.s                   0x00000000   Number         0  rtexit.o ABSOLUTE
    ../clib/angel/kernel.s                   0x00000000   Number         0  rtexit2.o ABSOLUTE
    ../clib/angel/rt.s                       0x00000000   Number         0  rt_raise.o ABSOLUTE
    ../clib/angel/scatter.s                  0x00000000   Number         0  __scatter.o ABSOLUTE
    ../clib/angel/startup.s                  0x00000000   Number         0  __main.o ABSOLUTE
    ../clib/angel/sys.s                      0x00000000   Number         0  sys_stackheap_outer.o ABSOLUTE
    ../clib/angel/sys.s                      0x00000000   Number         0  libspace.o ABSOLUTE
    ../clib/angel/sys.s                      0x00000000   Number         0  use_no_semi.o ABSOLUTE
    ../clib/angel/sys.s                      0x00000000   Number         0  indicate_semi.o ABSOLUTE
    ../clib/angel/sysapp.c                   0x00000000   Number         0  sys_exit.o ABSOLUTE
    ../clib/angel/sysapp.c                   0x00000000   Number         0  sys_exit_hlt.o ABSOLUTE
    ../clib/angel/sysapp.c                   0x00000000   Number         0  sys_command.o ABSOLUTE
    ../clib/angel/sysapp.c                   0x00000000   Number         0  sys_command_hlt.o ABSOLUTE
    ../clib/angel/sysapp.c                   0x00000000   Number         0  sys_wrch.o ABSOLUTE
    ../clib/angel/sysapp.c                   0x00000000   Number         0  sys_wrch_hlt.o ABSOLUTE
    ../clib/armsys.c                         0x00000000   Number         0  argv_veneer.o ABSOLUTE
    ../clib/armsys.c                         0x00000000   Number         0  argv_veneer.o ABSOLUTE
    ../clib/armsys.c                         0x00000000   Number         0  _get_argv_nomalloc.o ABSOLUTE
    ../clib/armsys.c                         0x00000000   Number         0  no_argv.o ABSOLUTE
    ../clib/heapalloc.c                      0x00000000   Number         0  hrguard.o ABSOLUTE
    ../clib/heapaux.c                        0x00000000   Number         0  heapauxi.o ABSOLUTE
    ../clib/libinit.s                        0x00000000   Number         0  libinit.o ABSOLUTE
    ../clib/libinit.s                        0x00000000   Number         0  libinit2.o ABSOLUTE
    ../clib/libinit.s                        0x00000000   Number         0  libshutdown.o ABSOLUTE
    ../clib/libinit.s                        0x00000000   Number         0  libshutdown2.o ABSOLUTE
    ../clib/signal.c                         0x00000000   Number         0  defsig_rtmem_outer.o ABSOLUTE
    ../clib/signal.c                         0x00000000   Number         0  defsig_rtmem_formal.o ABSOLUTE
    ../clib/signal.c                         0x00000000   Number         0  defsig_exit.o ABSOLUTE
    ../clib/signal.c                         0x00000000   Number         0  defsig_rtmem_inner.o ABSOLUTE
    ../clib/signal.c                         0x00000000   Number         0  __raise.o ABSOLUTE
    ../clib/signal.c                         0x00000000   Number         0  defsig_general.o ABSOLUTE
    ../clib/signal.c                         0x00000000   Number         0  defsig_abrt_inner.o ABSOLUTE
    ../clib/signal.c                         0x00000000   Number         0  defsig_fpe_inner.o ABSOLUTE
    ../clib/signal.c                         0x00000000   Number         0  defsig_rtred_inner.o ABSOLUTE
    ../clib/signal.c                         0x00000000   Number         0  defsig_stak_inner.o ABSOLUTE
    ../clib/signal.c                         0x00000000   Number         0  defsig_pvfn_inner.o ABSOLUTE
    ../clib/signal.c                         0x00000000   Number         0  defsig_cppl_inner.o ABSOLUTE
    ../clib/signal.c                         0x00000000   Number         0  defsig_segv_inner.o ABSOLUTE
    ../clib/signal.c                         0x00000000   Number         0  defsig_other.o ABSOLUTE
    ../clib/signal.s                         0x00000000   Number         0  defsig.o ABSOLUTE
    ../clib/stdlib.c                         0x00000000   Number         0  exit.o ABSOLUTE
    ../fplib/fpinit.s                        0x00000000   Number         0  fpinit.o ABSOLUTE
    RTE/Device/STM32F411RETx/startup_stm32f411xe.s 0x00000000   Number         0  startup_stm32f411xe.o ABSOLUTE
    clock.c                                  0x00000000   Number         0  clock.o ABSOLUTE
    dc.s                                     0x00000000   Number         0  dc.o ABSOLUTE
    gpio.c                                   0x00000000   Number         0  gpio.o ABSOLUTE
    main.c                                   0x00000000   Number         0  main.o ABSOLUTE
    system_stm32f4xx.c                       0x00000000   Number         0  system_stm32f4xx.o ABSOLUTE
    time.c                                   0x00000000   Number         0  time.o ABSOLUTE
    RESET                                    0x08000000   Section      408  startup_stm32f411xe.o(RESET)
    !!!main                                  0x08000198   Section        8  __main.o(!!!main)
    !!!scatter                               0x080001a0   Section       52  __scatter.o(!!!scatter)
    !!handler_copy                           0x080001d4   Section       26  __scatter_copy.o(!!handler_copy)
    !!handler_zi                             0x080001f0   Section       28  __scatter_zi.o(!!handler_zi)
    .ARM.Collect$$libinit$$00000000          0x0800020c   Section        2  libinit.o(.ARM.Collect$$libinit$$00000000)
    .ARM.Collect$$libinit$$00000001          0x0800020e   Section        4  libinit2.o(.ARM.Collect$$libinit$$00000001)
    .ARM.Collect$$libinit$$00000004          0x08000212   Section        0  libinit2.o(.ARM.Collect$$libinit$$00000004)
    .ARM.Collect$$libinit$$00000006          0x08000212   Section        0  libinit2.o(.ARM.Collect$$libinit$$00000006)
    .ARM.Collect$$libinit$$0000000C          0x08000212   Section        0  libinit2.o(.ARM.Collect$$libinit$$0000000C)
    .ARM.Collect$$libinit$$0000000E          0x08000212   Section        0  libinit2.o(.ARM.Collect$$libinit$$0000000E)
    .ARM.Collect$$libinit$$00000010          0x08000212   Section        0  libinit2.o(.ARM.Collect$$libinit$$00000010)
    .ARM.Collect$$libinit$$00000013          0x08000212   Section        0  libinit2.o(.ARM.Collect$$libinit$$00000013)
    .ARM.Collect$$libinit$$00000015          0x08000212   Section        0  libinit2.o(.ARM.Collect$$libinit$$00000015)
    .ARM.Collect$$libinit$$00000017          0x08000212   Section        0  libinit2.o(.ARM.Collect$$libinit$$00000017)
    .ARM.Collect$$libinit$$00000019          0x08000212   Section        0  libinit2.o(.ARM.Collect$$libinit$$00000019)
    .ARM.Collect$$libinit$$0000001B          0x08000212   Section        0  libinit2.o(.ARM.Collect$$libinit$$0000001B)
    .ARM.Collect$$libinit$$0000001D          0x08000212   Section        0  libinit2.o(.ARM.Collect$$libinit$$0000001D)
    .ARM.Collect$$libinit$$0000001F          0x08000212   Section        0  libinit2.o(.ARM.Collect$$libinit$$0000001F)
    .ARM.Collect$$libinit$$00000021          0x08000212   Section        0  libinit2.o(.ARM.Collect$$libinit$$00000021)
    .ARM.Collect$$libinit$$00000023          0x08000212   Section        0  libinit2.o(.ARM.Collect$$libinit$$00000023)
    .ARM.Collect$$libinit$$00000025          0x08000212   Section        0  libinit2.o(.ARM.Collect$$libinit$$00000025)
    .ARM.Collect$$libinit$$00000027          0x08000212   Section        0  libinit2.o(.ARM.Collect$$libinit$$00000027)
    .ARM.Collect$$libinit$$0000002E          0x08000212   Section        0  libinit2.o(.ARM.Collect$$libinit$$0000002E)
    .ARM.Collect$$libinit$$00000030          0x08000212   Section        0  libinit2.o(.ARM.Collect$$libinit$$00000030)
    .ARM.Collect$$libinit$$00000032          0x08000212   Section        0  libinit2.o(.ARM.Collect$$libinit$$00000032)
    .ARM.Collect$$libinit$$00000034          0x08000212   Section        0  libinit2.o(.ARM.Collect$$libinit$$00000034)
    .ARM.Collect$$libinit$$00000035          0x08000212   Section        2  libinit2.o(.ARM.Collect$$libinit$$00000035)
    .ARM.Collect$$libshutdown$$00000000      0x08000214   Section        2  libshutdown.o(.ARM.Collect$$libshutdown$$00000000)
    .ARM.Collect$$libshutdown$$00000002      0x08000216   Section        0  libshutdown2.o(.ARM.Collect$$libshutdown$$00000002)
    .ARM.Collect$$libshutdown$$00000004      0x08000216   Section        0  libshutdown2.o(.ARM.Collect$$libshutdown$$00000004)
    .ARM.Collect$$libshutdown$$00000007      0x08000216   Section        0  libshutdown2.o(.ARM.Collect$$libshutdown$$00000007)
    .ARM.Collect$$libshutdown$$0000000A      0x08000216   Section        0  libshutdown2.o(.ARM.Collect$$libshutdown$$0000000A)
    .ARM.Collect$$libshutdown$$0000000C      0x08000216   Section        0  libshutdown2.o(.ARM.Collect$$libshutdown$$0000000C)
    .ARM.Collect$$libshutdown$$0000000F      0x08000216   Section        0  libshutdown2.o(.ARM.Collect$$libshutdown$$0000000F)
    .ARM.Collect$$libshutdown$$00000010      0x08000216   Section        2  libshutdown2.o(.ARM.Collect$$libshutdown$$00000010)
    .ARM.Collect$$rtentry$$00000000          0x08000218   Section        0  __rtentry.o(.ARM.Collect$$rtentry$$00000000)
    .ARM.Collect$$rtentry$$00000002          0x08000218   Section        0  __rtentry2.o(.ARM.Collect$$rtentry$$00000002)
    .ARM.Collect$$rtentry$$00000004          0x08000218   Section        6  __rtentry4.o(.ARM.Collect$$rtentry$$00000004)
    .ARM.Collect$$rtentry$$00000009          0x0800021e   Section        0  __rtentry2.o(.ARM.Collect$$rtentry$$00000009)
    .ARM.Collect$$rtentry$$0000000A          0x0800021e   Section        4  __rtentry2.o(.ARM.Collect$$rtentry$$0000000A)
    .ARM.Collect$$rtentry$$0000000C          0x08000222   Section        0  __rtentry2.o(.ARM.Collect$$rtentry$$0000000C)
    .ARM.Collect$$rtentry$$0000000D          0x08000222   Section        8  __rtentry2.o(.ARM.Collect$$rtentry$$0000000D)
    .ARM.Collect$$rtexit$$00000000           0x0800022a   Section        2  rtexit.o(.ARM.Collect$$rtexit$$00000000)
    .ARM.Collect$$rtexit$$00000002           0x0800022c   Section        0  rtexit2.o(.ARM.Collect$$rtexit$$00000002)
    .ARM.Collect$$rtexit$$00000003           0x0800022c   Section        4  rtexit2.o(.ARM.Collect$$rtexit$$00000003)
    .ARM.Collect$$rtexit$$00000004           0x08000230   Section        6  rtexit2.o(.ARM.Collect$$rtexit$$00000004)
    $v0                                      0x08000238   Number         0  startup_stm32f411xe.o(.text)
    .text                                    0x08000238   Section       64  startup_stm32f411xe.o(.text)
    .text                                    0x08000278   Section        0  heapauxi.o(.text)
    .text                                    0x0800027e   Section       74  sys_stackheap_outer.o(.text)
    .text                                    0x080002c8   Section        0  exit.o(.text)
    .text                                    0x080002dc   Section        8  libspace.o(.text)
    .text                                    0x080002e4   Section        0  sys_exit.o(.text)
    .text                                    0x080002f0   Section        2  use_no_semi.o(.text)
    .text                                    0x080002f2   Section        0  indicate_semi.o(.text)
    [Anonymous Symbol]                       0x080002f4   Section        0  time.o(.text.DelayMs)
    [Anonymous Symbol]                       0x08000390   Section        0  gpio.o(.text.PinOutputSet)
    [Anonymous Symbol]                       0x08000434   Section        0  system_stm32f4xx.o(.text.SystemInit)
    [Anonymous Symbol]                       0x0800048c   Section        0  main.o(.text.main)
    $v0                                      0x080005f4   Number         0  fpinit.o(x$fpl$fpinit)
    x$fpl$fpinit                             0x080005f4   Section       26  fpinit.o(x$fpl$fpinit)
    .bss                                     0x20000010   Section       96  libspace.o(.bss)
    Heap_Mem                                 0x20000080   Data         512  startup_stm32f411xe.o(HEAP)
    HEAP                                     0x20000080   Section      512  startup_stm32f411xe.o(HEAP)
    Stack_Mem                                0x20000280   Data        1024  startup_stm32f411xe.o(STACK)
    STACK                                    0x20000280   Section     1024  startup_stm32f411xe.o(STACK)
    __initial_sp                             0x20000680   Data           0  startup_stm32f411xe.o(STACK)

    Global Symbols

    Symbol Name                              Value     Ov Type        Size  Object(Section)

    BuildAttributes$$THM_ISAv4$E$P$D$K$B$S$7EM$VFPi3$EXTD16$VFPS$VFMA$PE$A:L22UL41UL21$X:L11$S22US41US21$IEEE1$IW$~IW$USESV6$~STKCKD$USESV7$~SHL$OTIME$ROPI$EBA8$UX$STANDARDLIB$REQ8$PRES8$EABIv2 0x00000000   Number         0  anon$$obj.o ABSOLUTE
    __ARM_exceptions_init                     - Undefined Weak Reference
    __alloca_initialize                       - Undefined Weak Reference
    __arm_preinit_                            - Undefined Weak Reference
    __arm_relocate_pie_                       - Undefined Weak Reference
    __cpp_initialize__aeabi_                  - Undefined Weak Reference
    __cxa_finalize                            - Undefined Weak Reference
    __rt_locale                               - Undefined Weak Reference
    __sigvec_lookup                           - Undefined Weak Reference
    _atexit_init                              - Undefined Weak Reference
    _call_atexit_fns                          - Undefined Weak Reference
    _clock_init                               - Undefined Weak Reference
    _fp_trap_init                             - Undefined Weak Reference
    _fp_trap_shutdown                         - Undefined Weak Reference
    _get_lc_collate                           - Undefined Weak Reference
    _get_lc_ctype                             - Undefined Weak Reference
    _get_lc_monetary                          - Undefined Weak Reference
    _get_lc_numeric                           - Undefined Weak Reference
    _get_lc_time                              - Undefined Weak Reference
    _getenv_init                              - Undefined Weak Reference
    _handle_redirection                       - Undefined Weak Reference
    _init_alloc                               - Undefined Weak Reference
    _init_user_alloc                          - Undefined Weak Reference
    _initio                                   - Undefined Weak Reference
    _rand_init                                - Undefined Weak Reference
    _signal_finish                            - Undefined Weak Reference
    _signal_init                              - Undefined Weak Reference
    _terminate_alloc                          - Undefined Weak Reference
    _terminate_user_alloc                     - Undefined Weak Reference
    _terminateio                              - Undefined Weak Reference
    __Vectors_Size                           0x00000198   Number         0  startup_stm32f411xe.o ABSOLUTE
    __Vectors                                0x08000000   Data           4  startup_stm32f411xe.o(RESET)
    __Vectors_End                            0x08000198   Data           0  startup_stm32f411xe.o(RESET)
    __main                                   0x08000199   Thumb Code     8  __main.o(!!!main)
    __scatterload                            0x080001a1   Thumb Code     0  __scatter.o(!!!scatter)
    __scatterload_rt2                        0x080001a1   Thumb Code    44  __scatter.o(!!!scatter)
    __scatterload_rt2_thumb_only             0x080001a1   Thumb Code     0  __scatter.o(!!!scatter)
    __scatterload_null                       0x080001af   Thumb Code     0  __scatter.o(!!!scatter)
    __scatterload_copy                       0x080001d5   Thumb Code    26  __scatter_copy.o(!!handler_copy)
    __scatterload_zeroinit                   0x080001f1   Thumb Code    28  __scatter_zi.o(!!handler_zi)
    __rt_lib_init                            0x0800020d   Thumb Code     0  libinit.o(.ARM.Collect$$libinit$$00000000)
    __rt_lib_init_fp_1                       0x0800020f   Thumb Code     0  libinit2.o(.ARM.Collect$$libinit$$00000001)
    __rt_lib_init_alloca_1                   0x08000213   Thumb Code     0  libinit2.o(.ARM.Collect$$libinit$$00000030)
    __rt_lib_init_argv_1                     0x08000213   Thumb Code     0  libinit2.o(.ARM.Collect$$libinit$$0000002E)
    __rt_lib_init_atexit_1                   0x08000213   Thumb Code     0  libinit2.o(.ARM.Collect$$libinit$$0000001D)
    __rt_lib_init_clock_1                    0x08000213   Thumb Code     0  libinit2.o(.ARM.Collect$$libinit$$00000023)
    __rt_lib_init_cpp_1                      0x08000213   Thumb Code     0  libinit2.o(.ARM.Collect$$libinit$$00000034)
    __rt_lib_init_exceptions_1               0x08000213   Thumb Code     0  libinit2.o(.ARM.Collect$$libinit$$00000032)
    __rt_lib_init_fp_trap_1                  0x08000213   Thumb Code     0  libinit2.o(.ARM.Collect$$libinit$$00000021)
    __rt_lib_init_getenv_1                   0x08000213   Thumb Code     0  libinit2.o(.ARM.Collect$$libinit$$00000025)
    __rt_lib_init_heap_1                     0x08000213   Thumb Code     0  libinit2.o(.ARM.Collect$$libinit$$0000000C)
    __rt_lib_init_lc_collate_1               0x08000213   Thumb Code     0  libinit2.o(.ARM.Collect$$libinit$$00000013)
    __rt_lib_init_lc_ctype_1                 0x08000213   Thumb Code     0  libinit2.o(.ARM.Collect$$libinit$$00000015)
    __rt_lib_init_lc_monetary_1              0x08000213   Thumb Code     0  libinit2.o(.ARM.Collect$$libinit$$00000017)
    __rt_lib_init_lc_numeric_1               0x08000213   Thumb Code     0  libinit2.o(.ARM.Collect$$libinit$$00000019)
    __rt_lib_init_lc_time_1                  0x08000213   Thumb Code     0  libinit2.o(.ARM.Collect$$libinit$$0000001B)
    __rt_lib_init_preinit_1                  0x08000213   Thumb Code     0  libinit2.o(.ARM.Collect$$libinit$$00000006)
    __rt_lib_init_rand_1                     0x08000213   Thumb Code     0  libinit2.o(.ARM.Collect$$libinit$$00000010)
    __rt_lib_init_relocate_pie_1             0x08000213   Thumb Code     0  libinit2.o(.ARM.Collect$$libinit$$00000004)
    __rt_lib_init_return                     0x08000213   Thumb Code     0  libinit2.o(.ARM.Collect$$libinit$$00000035)
    __rt_lib_init_signal_1                   0x08000213   Thumb Code     0  libinit2.o(.ARM.Collect$$libinit$$0000001F)
    __rt_lib_init_stdio_1                    0x08000213   Thumb Code     0  libinit2.o(.ARM.Collect$$libinit$$00000027)
    __rt_lib_init_user_alloc_1               0x08000213   Thumb Code     0  libinit2.o(.ARM.Collect$$libinit$$0000000E)
    __rt_lib_shutdown                        0x08000215   Thumb Code     0  libshutdown.o(.ARM.Collect$$libshutdown$$00000000)
    __rt_lib_shutdown_cpp_1                  0x08000217   Thumb Code     0  libshutdown2.o(.ARM.Collect$$libshutdown$$00000002)
    __rt_lib_shutdown_fp_trap_1              0x08000217   Thumb Code     0  libshutdown2.o(.ARM.Collect$$libshutdown$$00000007)
    __rt_lib_shutdown_heap_1                 0x08000217   Thumb Code     0  libshutdown2.o(.ARM.Collect$$libshutdown$$0000000F)
    __rt_lib_shutdown_return                 0x08000217   Thumb Code     0  libshutdown2.o(.ARM.Collect$$libshutdown$$00000010)
    __rt_lib_shutdown_signal_1               0x08000217   Thumb Code     0  libshutdown2.o(.ARM.Collect$$libshutdown$$0000000A)
    __rt_lib_shutdown_stdio_1                0x08000217   Thumb Code     0  libshutdown2.o(.ARM.Collect$$libshutdown$$00000004)
    __rt_lib_shutdown_user_alloc_1           0x08000217   Thumb Code     0  libshutdown2.o(.ARM.Collect$$libshutdown$$0000000C)
    __rt_entry                               0x08000219   Thumb Code     0  __rtentry.o(.ARM.Collect$$rtentry$$00000000)
    __rt_entry_presh_1                       0x08000219   Thumb Code     0  __rtentry2.o(.ARM.Collect$$rtentry$$00000002)
    __rt_entry_sh                            0x08000219   Thumb Code     0  __rtentry4.o(.ARM.Collect$$rtentry$$00000004)
    __rt_entry_li                            0x0800021f   Thumb Code     0  __rtentry2.o(.ARM.Collect$$rtentry$$0000000A)
    __rt_entry_postsh_1                      0x0800021f   Thumb Code     0  __rtentry2.o(.ARM.Collect$$rtentry$$00000009)
    __rt_entry_main                          0x08000223   Thumb Code     0  __rtentry2.o(.ARM.Collect$$rtentry$$0000000D)
    __rt_entry_postli_1                      0x08000223   Thumb Code     0  __rtentry2.o(.ARM.Collect$$rtentry$$0000000C)
    __rt_exit                                0x0800022b   Thumb Code     0  rtexit.o(.ARM.Collect$$rtexit$$00000000)
    __rt_exit_ls                             0x0800022d   Thumb Code     0  rtexit2.o(.ARM.Collect$$rtexit$$00000003)
    __rt_exit_prels_1                        0x0800022d   Thumb Code     0  rtexit2.o(.ARM.Collect$$rtexit$$00000002)
    __rt_exit_exit                           0x08000231   Thumb Code     0  rtexit2.o(.ARM.Collect$$rtexit$$00000004)
    Reset_Handler                            0x08000239   Thumb Code     8  startup_stm32f411xe.o(.text)
    NMI_Handler                              0x08000241   Thumb Code     2  startup_stm32f411xe.o(.text)
    HardFault_Handler                        0x08000243   Thumb Code     2  startup_stm32f411xe.o(.text)
    MemManage_Handler                        0x08000245   Thumb Code     2  startup_stm32f411xe.o(.text)
    BusFault_Handler                         0x08000247   Thumb Code     2  startup_stm32f411xe.o(.text)
    UsageFault_Handler                       0x08000249   Thumb Code     2  startup_stm32f411xe.o(.text)
    SVC_Handler                              0x0800024b   Thumb Code     2  startup_stm32f411xe.o(.text)
    DebugMon_Handler                         0x0800024d   Thumb Code     2  startup_stm32f411xe.o(.text)
    PendSV_Handler                           0x0800024f   Thumb Code     2  startup_stm32f411xe.o(.text)
    SysTick_Handler                          0x08000251   Thumb Code     2  startup_stm32f411xe.o(.text)
    ADC_IRQHandler                           0x08000253   Thumb Code     0  startup_stm32f411xe.o(.text)
    DMA1_Stream0_IRQHandler                  0x08000253   Thumb Code     0  startup_stm32f411xe.o(.text)
    DMA1_Stream1_IRQHandler                  0x08000253   Thumb Code     0  startup_stm32f411xe.o(.text)
    DMA1_Stream2_IRQHandler                  0x08000253   Thumb Code     0  startup_stm32f411xe.o(.text)
    DMA1_Stream3_IRQHandler                  0x08000253   Thumb Code     0  startup_stm32f411xe.o(.text)
    DMA1_Stream4_IRQHandler                  0x08000253   Thumb Code     0  startup_stm32f411xe.o(.text)
    DMA1_Stream5_IRQHandler                  0x08000253   Thumb Code     0  startup_stm32f411xe.o(.text)
    DMA1_Stream6_IRQHandler                  0x08000253   Thumb Code     0  startup_stm32f411xe.o(.text)
    DMA1_Stream7_IRQHandler                  0x08000253   Thumb Code     0  startup_stm32f411xe.o(.text)
    DMA2_Stream0_IRQHandler                  0x08000253   Thumb Code     0  startup_stm32f411xe.o(.text)
    DMA2_Stream1_IRQHandler                  0x08000253   Thumb Code     0  startup_stm32f411xe.o(.text)
    DMA2_Stream2_IRQHandler                  0x08000253   Thumb Code     0  startup_stm32f411xe.o(.text)
    DMA2_Stream3_IRQHandler                  0x08000253   Thumb Code     0  startup_stm32f411xe.o(.text)
    DMA2_Stream4_IRQHandler                  0x08000253   Thumb Code     0  startup_stm32f411xe.o(.text)
    DMA2_Stream5_IRQHandler                  0x08000253   Thumb Code     0  startup_stm32f411xe.o(.text)
    DMA2_Stream6_IRQHandler                  0x08000253   Thumb Code     0  startup_stm32f411xe.o(.text)
    DMA2_Stream7_IRQHandler                  0x08000253   Thumb Code     0  startup_stm32f411xe.o(.text)
    EXTI0_IRQHandler                         0x08000253   Thumb Code     0  startup_stm32f411xe.o(.text)
    EXTI15_10_IRQHandler                     0x08000253   Thumb Code     0  startup_stm32f411xe.o(.text)
    EXTI1_IRQHandler                         0x08000253   Thumb Code     0  startup_stm32f411xe.o(.text)
    EXTI2_IRQHandler                         0x08000253   Thumb Code     0  startup_stm32f411xe.o(.text)
    EXTI3_IRQHandler                         0x08000253   Thumb Code     0  startup_stm32f411xe.o(.text)
    EXTI4_IRQHandler                         0x08000253   Thumb Code     0  startup_stm32f411xe.o(.text)
    EXTI9_5_IRQHandler                       0x08000253   Thumb Code     0  startup_stm32f411xe.o(.text)
    FLASH_IRQHandler                         0x08000253   Thumb Code     0  startup_stm32f411xe.o(.text)
    FPU_IRQHandler                           0x08000253   Thumb Code     0  startup_stm32f411xe.o(.text)
    I2C1_ER_IRQHandler                       0x08000253   Thumb Code     0  startup_stm32f411xe.o(.text)
    I2C1_EV_IRQHandler                       0x08000253   Thumb Code     0  startup_stm32f411xe.o(.text)
    I2C2_ER_IRQHandler                       0x08000253   Thumb Code     0  startup_stm32f411xe.o(.text)
    I2C2_EV_IRQHandler                       0x08000253   Thumb Code     0  startup_stm32f411xe.o(.text)
    I2C3_ER_IRQHandler                       0x08000253   Thumb Code     0  startup_stm32f411xe.o(.text)
    I2C3_EV_IRQHandler                       0x08000253   Thumb Code     0  startup_stm32f411xe.o(.text)
    OTG_FS_IRQHandler                        0x08000253   Thumb Code     0  startup_stm32f411xe.o(.text)
    OTG_FS_WKUP_IRQHandler                   0x08000253   Thumb Code     0  startup_stm32f411xe.o(.text)
    PVD_IRQHandler                           0x08000253   Thumb Code     0  startup_stm32f411xe.o(.text)
    RCC_IRQHandler                           0x08000253   Thumb Code     0  startup_stm32f411xe.o(.text)
    RTC_Alarm_IRQHandler                     0x08000253   Thumb Code     0  startup_stm32f411xe.o(.text)
    RTC_WKUP_IRQHandler                      0x08000253   Thumb Code     0  startup_stm32f411xe.o(.text)
    SDIO_IRQHandler                          0x08000253   Thumb Code     0  startup_stm32f411xe.o(.text)
    SPI1_IRQHandler                          0x08000253   Thumb Code     0  startup_stm32f411xe.o(.text)
    SPI2_IRQHandler                          0x08000253   Thumb Code     0  startup_stm32f411xe.o(.text)
    SPI3_IRQHandler                          0x08000253   Thumb Code     0  startup_stm32f411xe.o(.text)
    SPI4_IRQHandler                          0x08000253   Thumb Code     0  startup_stm32f411xe.o(.text)
    SPI5_IRQHandler                          0x08000253   Thumb Code     0  startup_stm32f411xe.o(.text)
    TAMP_STAMP_IRQHandler                    0x08000253   Thumb Code     0  startup_stm32f411xe.o(.text)
    TIM1_BRK_TIM9_IRQHandler                 0x08000253   Thumb Code     0  startup_stm32f411xe.o(.text)
    TIM1_CC_IRQHandler                       0x08000253   Thumb Code     0  startup_stm32f411xe.o(.text)
    TIM1_TRG_COM_TIM11_IRQHandler            0x08000253   Thumb Code     0  startup_stm32f411xe.o(.text)
    TIM1_UP_TIM10_IRQHandler                 0x08000253   Thumb Code     0  startup_stm32f411xe.o(.text)
    TIM2_IRQHandler                          0x08000253   Thumb Code     0  startup_stm32f411xe.o(.text)
    TIM3_IRQHandler                          0x08000253   Thumb Code     0  startup_stm32f411xe.o(.text)
    TIM4_IRQHandler                          0x08000253   Thumb Code     0  startup_stm32f411xe.o(.text)
    TIM5_IRQHandler                          0x08000253   Thumb Code     0  startup_stm32f411xe.o(.text)
    USART1_IRQHandler                        0x08000253   Thumb Code     0  startup_stm32f411xe.o(.text)
    USART2_IRQHandler                        0x08000253   Thumb Code     0  startup_stm32f411xe.o(.text)
    USART6_IRQHandler                        0x08000253   Thumb Code     0  startup_stm32f411xe.o(.text)
    WWDG_IRQHandler                          0x08000253   Thumb Code     0  startup_stm32f411xe.o(.text)
    __user_initial_stackheap                 0x08000255   Thumb Code     0  startup_stm32f411xe.o(.text)
    __use_two_region_memory                  0x08000279   Thumb Code     2  heapauxi.o(.text)
    __rt_heap_escrow$2region                 0x0800027b   Thumb Code     2  heapauxi.o(.text)
    __rt_heap_expand$2region                 0x0800027d   Thumb Code     2  heapauxi.o(.text)
    __user_setup_stackheap                   0x0800027f   Thumb Code    74  sys_stackheap_outer.o(.text)
    exit                                     0x080002c9   Thumb Code    18  exit.o(.text)
    __user_libspace                          0x080002dd   Thumb Code     8  libspace.o(.text)
    __user_perproc_libspace                  0x080002dd   Thumb Code     0  libspace.o(.text)
    __user_perthread_libspace                0x080002dd   Thumb Code     0  libspace.o(.text)
    _sys_exit                                0x080002e5   Thumb Code     8  sys_exit.o(.text)
    __I$use$semihosting                      0x080002f1   Thumb Code     0  use_no_semi.o(.text)
    __use_no_semihosting_swi                 0x080002f1   Thumb Code     2  use_no_semi.o(.text)
    __semihosting_library_function           0x080002f3   Thumb Code     0  indicate_semi.o(.text)
    DelayMs                                  0x080002f5   Thumb Code   156  time.o(.text.DelayMs)
    PinOutputSet                             0x08000391   Thumb Code   164  gpio.o(.text.PinOutputSet)
    SystemInit                               0x08000435   Thumb Code    86  system_stm32f4xx.o(.text.SystemInit)
    main                                     0x0800048d   Thumb Code   360  main.o(.text.main)
    _fp_init                                 0x080005f5   Thumb Code    26  fpinit.o(x$fpl$fpinit)
    __fplib_config_fpu_vfp                   0x0800060d   Thumb Code     0  fpinit.o(x$fpl$fpinit)
    __fplib_config_pureend_doubles           0x0800060d   Thumb Code     0  fpinit.o(x$fpl$fpinit)
    Region$$Table$$Base                      0x08000610   Number         0  anon$$obj.o(Region$$Table)
    Region$$Table$$Limit                     0x08000630   Number         0  anon$$obj.o(Region$$Table)
    APB1_clock_speed_div                     0x20000000   Data           2  clock.o(.data.APB1_clock_speed_div)
    APB1_timers                              0x20000002   Data           7  time.o(.data.APB1_timers)
    clock_speed                              0x2000000a   Data           2  clock.o(.data.clock_speed)
    __libspace_start                         0x20000010   Data          96  libspace.o(.bss)
    MyDesiredBitConfig                       0x20000070   Data           1  main.o(.bss.MyDesiredBitConfig)
    __temporary_stack_top$libspace           0x20000070   Data           0  libspace.o(.bss)
    MySuperImportantBitPosition              0x20000071   Data           1  main.o(.bss.MySuperImportantBitPosition)
    i                                        0x20000074   Data           4  main.o(.bss.i)
    j                                        0x20000078   Data           4  main.o(.bss.j)
    myRegisterValue                          0x2000007c   Data           4  main.o(.bss.myRegisterValue)



==============================================================================

Memory Map of the image

  Image Entry point : 0x08000239

  Load Region LR_1 (Base: 0x08000000, Size: 0x0000063c, Max: 0xffffffff, ABSOLUTE)

    Execution Region ER_RO (Exec base: 0x08000000, Load base: 0x08000000, Size: 0x00000630, Max: 0xffffffff, ABSOLUTE)

    Exec Addr    Load Addr    Size         Type   Attr      Idx    E Section Name        Object

    0x08000000   0x08000000   0x00000198   Data   RO          187    RESET               startup_stm32f411xe.o
    0x08000198   0x08000198   0x00000008   Code   RO          213  * !!!main             c_w.l(__main.o)
    0x080001a0   0x080001a0   0x00000034   Code   RO          378    !!!scatter          c_w.l(__scatter.o)
    0x080001d4   0x080001d4   0x0000001a   Code   RO          380    !!handler_copy      c_w.l(__scatter_copy.o)
    0x080001ee   0x080001ee   0x00000002   PAD
    0x080001f0   0x080001f0   0x0000001c   Code   RO          382    !!handler_zi        c_w.l(__scatter_zi.o)
    0x0800020c   0x0800020c   0x00000002   Code   RO          240    .ARM.Collect$$libinit$$00000000  c_w.l(libinit.o)
    0x0800020e   0x0800020e   0x00000004   Code   RO          246    .ARM.Collect$$libinit$$00000001  c_w.l(libinit2.o)
    0x08000212   0x08000212   0x00000000   Code   RO          249    .ARM.Collect$$libinit$$00000004  c_w.l(libinit2.o)
    0x08000212   0x08000212   0x00000000   Code   RO          251    .ARM.Collect$$libinit$$00000006  c_w.l(libinit2.o)
    0x08000212   0x08000212   0x00000000   Code   RO          254    .ARM.Collect$$libinit$$0000000C  c_w.l(libinit2.o)
    0x08000212   0x08000212   0x00000000   Code   RO          256    .ARM.Collect$$libinit$$0000000E  c_w.l(libinit2.o)
    0x08000212   0x08000212   0x00000000   Code   RO          258    .ARM.Collect$$libinit$$00000010  c_w.l(libinit2.o)
    0x08000212   0x08000212   0x00000000   Code   RO          261    .ARM.Collect$$libinit$$00000013  c_w.l(libinit2.o)
    0x08000212   0x08000212   0x00000000   Code   RO          263    .ARM.Collect$$libinit$$00000015  c_w.l(libinit2.o)
    0x08000212   0x08000212   0x00000000   Code   RO          265    .ARM.Collect$$libinit$$00000017  c_w.l(libinit2.o)
    0x08000212   0x08000212   0x00000000   Code   RO          267    .ARM.Collect$$libinit$$00000019  c_w.l(libinit2.o)
    0x08000212   0x08000212   0x00000000   Code   RO          269    .ARM.Collect$$libinit$$0000001B  c_w.l(libinit2.o)
    0x08000212   0x08000212   0x00000000   Code   RO          271    .ARM.Collect$$libinit$$0000001D  c_w.l(libinit2.o)
    0x08000212   0x08000212   0x00000000   Code   RO          273    .ARM.Collect$$libinit$$0000001F  c_w.l(libinit2.o)
    0x08000212   0x08000212   0x00000000   Code   RO          275    .ARM.Collect$$libinit$$00000021  c_w.l(libinit2.o)
    0x08000212   0x08000212   0x00000000   Code   RO          277    .ARM.Collect$$libinit$$00000023  c_w.l(libinit2.o)
    0x08000212   0x08000212   0x00000000   Code   RO          279    .ARM.Collect$$libinit$$00000025  c_w.l(libinit2.o)
    0x08000212   0x08000212   0x00000000   Code   RO          281    .ARM.Collect$$libinit$$00000027  c_w.l(libinit2.o)
    0x08000212   0x08000212   0x00000000   Code   RO          285    .ARM.Collect$$libinit$$0000002E  c_w.l(libinit2.o)
    0x08000212   0x08000212   0x00000000   Code   RO          287    .ARM.Collect$$libinit$$00000030  c_w.l(libinit2.o)
    0x08000212   0x08000212   0x00000000   Code   RO          289    .ARM.Collect$$libinit$$00000032  c_w.l(libinit2.o)
    0x08000212   0x08000212   0x00000000   Code   RO          291    .ARM.Collect$$libinit$$00000034  c_w.l(libinit2.o)
    0x08000212   0x08000212   0x00000002   Code   RO          292    .ARM.Collect$$libinit$$00000035  c_w.l(libinit2.o)
    0x08000214   0x08000214   0x00000002   Code   RO          314    .ARM.Collect$$libshutdown$$00000000  c_w.l(libshutdown.o)
    0x08000216   0x08000216   0x00000000   Code   RO          329    .ARM.Collect$$libshutdown$$00000002  c_w.l(libshutdown2.o)
    0x08000216   0x08000216   0x00000000   Code   RO          331    .ARM.Collect$$libshutdown$$00000004  c_w.l(libshutdown2.o)
    0x08000216   0x08000216   0x00000000   Code   RO          334    .ARM.Collect$$libshutdown$$00000007  c_w.l(libshutdown2.o)
    0x08000216   0x08000216   0x00000000   Code   RO          337    .ARM.Collect$$libshutdown$$0000000A  c_w.l(libshutdown2.o)
    0x08000216   0x08000216   0x00000000   Code   RO          339    .ARM.Collect$$libshutdown$$0000000C  c_w.l(libshutdown2.o)
    0x08000216   0x08000216   0x00000000   Code   RO          342    .ARM.Collect$$libshutdown$$0000000F  c_w.l(libshutdown2.o)
    0x08000216   0x08000216   0x00000002   Code   RO          343    .ARM.Collect$$libshutdown$$00000010  c_w.l(libshutdown2.o)
    0x08000218   0x08000218   0x00000000   Code   RO          215    .ARM.Collect$$rtentry$$00000000  c_w.l(__rtentry.o)
    0x08000218   0x08000218   0x00000000   Code   RO          217    .ARM.Collect$$rtentry$$00000002  c_w.l(__rtentry2.o)
    0x08000218   0x08000218   0x00000006   Code   RO          229    .ARM.Collect$$rtentry$$00000004  c_w.l(__rtentry4.o)
    0x0800021e   0x0800021e   0x00000000   Code   RO          219    .ARM.Collect$$rtentry$$00000009  c_w.l(__rtentry2.o)
    0x0800021e   0x0800021e   0x00000004   Code   RO          220    .ARM.Collect$$rtentry$$0000000A  c_w.l(__rtentry2.o)
    0x08000222   0x08000222   0x00000000   Code   RO          222    .ARM.Collect$$rtentry$$0000000C  c_w.l(__rtentry2.o)
    0x08000222   0x08000222   0x00000008   Code   RO          223    .ARM.Collect$$rtentry$$0000000D  c_w.l(__rtentry2.o)
    0x0800022a   0x0800022a   0x00000002   Code   RO          244    .ARM.Collect$$rtexit$$00000000  c_w.l(rtexit.o)
    0x0800022c   0x0800022c   0x00000000   Code   RO          294    .ARM.Collect$$rtexit$$00000002  c_w.l(rtexit2.o)
    0x0800022c   0x0800022c   0x00000004   Code   RO          295    .ARM.Collect$$rtexit$$00000003  c_w.l(rtexit2.o)
    0x08000230   0x08000230   0x00000006   Code   RO          296    .ARM.Collect$$rtexit$$00000004  c_w.l(rtexit2.o)
    0x08000236   0x08000236   0x00000002   PAD
    0x08000238   0x08000238   0x00000040   Code   RO          188  * .text               startup_stm32f411xe.o
    0x08000278   0x08000278   0x00000006   Code   RO          211    .text               c_w.l(heapauxi.o)
    0x0800027e   0x0800027e   0x0000004a   Code   RO          231    .text               c_w.l(sys_stackheap_outer.o)
    0x080002c8   0x080002c8   0x00000012   Code   RO          233    .text               c_w.l(exit.o)
    0x080002da   0x080002da   0x00000002   PAD
    0x080002dc   0x080002dc   0x00000008   Code   RO          241    .text               c_w.l(libspace.o)
    0x080002e4   0x080002e4   0x0000000c   Code   RO          304    .text               c_w.l(sys_exit.o)
    0x080002f0   0x080002f0   0x00000002   Code   RO          319    .text               c_w.l(use_no_semi.o)
    0x080002f2   0x080002f2   0x00000000   Code   RO          321    .text               c_w.l(indicate_semi.o)
    0x080002f2   0x080002f2   0x00000002   PAD
    0x080002f4   0x080002f4   0x0000009c   Code   RO          146    .text.DelayMs       time.o
    0x08000390   0x08000390   0x000000a4   Code   RO           48    .text.PinOutputSet  gpio.o
    0x08000434   0x08000434   0x00000056   Code   RO          195    .text.SystemInit    system_stm32f4xx.o
    0x0800048a   0x0800048a   0x00000002   PAD
    0x0800048c   0x0800048c   0x00000168   Code   RO            2    .text.main          main.o
    0x080005f4   0x080005f4   0x0000001a   Code   RO          302    x$fpl$fpinit        fz_wm.l(fpinit.o)
    0x0800060e   0x0800060e   0x00000002   PAD
    0x08000610   0x08000610   0x00000020   Data   RO          377    Region$$Table       anon$$obj.o


    Execution Region ER_RW (Exec base: 0x20000000, Load base: 0x08000630, Size: 0x0000000c, Max: 0xffffffff, ABSOLUTE)

    Exec Addr    Load Addr    Size         Type   Attr      Idx    E Section Name        Object

    0x20000000   0x08000630   0x00000002   Data   RW           29    .data.APB1_clock_speed_div  clock.o
    0x20000002   0x08000632   0x00000007   Data   RW          176    .data.APB1_timers   time.o
    0x20000009   0x08000639   0x00000001   PAD
    0x2000000a   0x0800063a   0x00000002   Data   RW           28    .data.clock_speed   clock.o


    Execution Region ER_ZI (Exec base: 0x20000010, Load base: 0x0800063c, Size: 0x00000670, Max: 0xffffffff, ABSOLUTE)

    Exec Addr    Load Addr    Size         Type   Attr      Idx    E Section Name        Object

    0x20000010        -       0x00000060   Zero   RW          242    .bss                c_w.l(libspace.o)
    0x20000070        -       0x00000001   Zero   RW            8    .bss.MyDesiredBitConfig  main.o
    0x20000071        -       0x00000001   Zero   RW            7    .bss.MySuperImportantBitPosition  main.o
    0x20000072   0x0800063c   0x00000002   PAD
    0x20000074        -       0x00000004   Zero   RW            9    .bss.i              main.o
    0x20000078        -       0x00000004   Zero   RW           10    .bss.j              main.o
    0x2000007c        -       0x00000004   Zero   RW            6    .bss.myRegisterValue  main.o
    0x20000080        -       0x00000200   Zero   RW          186    HEAP                startup_stm32f411xe.o
    0x20000280        -       0x00000400   Zero   RW          185    STACK               startup_stm32f411xe.o


==============================================================================

Image component sizes


      Code (inc. data)   RO Data    RW Data    ZI Data      Debug   Object Name

         0          0          0          4          0       2798   clock.o
       164          8          0          0          0      21043   gpio.o
       360          0          0          0         14       2076   main.o
        64         26        408          0       1536        884   startup_stm32f411xe.o
        86          0          0          0          0       2795   system_stm32f4xx.o
       156          0          0          7          0      25931   time.o

    ----------------------------------------------------------------------
       832         34        440         12       1552      55527   Object Totals
         0          0         32          0          0          0   (incl. Generated)
         2          0          0          1          2          0   (incl. Padding)

    ----------------------------------------------------------------------

      Code (inc. data)   RO Data    RW Data    ZI Data      Debug   Library Member Name

         8          0          0          0          0         68   __main.o
         0          0          0          0          0          0   __rtentry.o
        12          0          0          0          0          0   __rtentry2.o
         6          0          0          0          0          0   __rtentry4.o
        52          8          0          0          0          0   __scatter.o
        26          0          0          0          0          0   __scatter_copy.o
        28          0          0          0          0          0   __scatter_zi.o
        18          0          0          0          0         80   exit.o
         6          0          0          0          0        152   heapauxi.o
         0          0          0          0          0          0   indicate_semi.o
         2          0          0          0          0          0   libinit.o
         6          0          0          0          0          0   libinit2.o
         2          0          0          0          0          0   libshutdown.o
         2          0          0          0          0          0   libshutdown2.o
         8          4          0          0         96         68   libspace.o
         2          0          0          0          0          0   rtexit.o
        10          0          0          0          0          0   rtexit2.o
        12          4          0          0          0         68   sys_exit.o
        74          0          0          0          0         80   sys_stackheap_outer.o
         2          0          0          0          0         68   use_no_semi.o
        26          0          0          0          0        116   fpinit.o

    ----------------------------------------------------------------------
       312         16          0          0         96        700   Library Totals
        10          0          0          0          0          0   (incl. Padding)

    ----------------------------------------------------------------------

      Code (inc. data)   RO Data    RW Data    ZI Data      Debug   Library Name

       276         16          0          0         96        584   c_w.l
        26          0          0          0          0        116   fz_wm.l

    ----------------------------------------------------------------------
       312         16          0          0         96        700   Library Totals

    ----------------------------------------------------------------------

==============================================================================


      Code (inc. data)   RO Data    RW Data    ZI Data      Debug   

      1144         50        440         12       1648      56011   Grand Totals
      1144         50        440         12       1648      56011   ELF Image Totals
      1144         50        440         12          0          0   ROM Totals

==============================================================================

    Total RO  Size (Code + RO Data)                 1584 (   1.55kB)
    Total RW  Size (RW Data + ZI Data)              1660 (   1.62kB)
    Total ROM Size (Code + RO Data + RW Data)       1596 (   1.56kB)

==============================================================================

