Component: Arm Compiler for Embedded 6.18 Tool: armlink [5e4cc100]

==============================================================================

Section Cross References

    main.o(.text.main) refers to clock.o(.text.Clk_STM32F411_100Mhz) for Clk_STM32F411_100Mhz
    main.o(.text.main) refers to clock.o(.text.ClockMCO1) for ClockMCO1
    main.o(.text.main) refers to clock.o(.text.ClockPll) for ClockPll
    main.o(.text.main) refers to main.o(.bss.pll_value) for pll_value
    main.o(.text.main) refers to clock.o(.text.ClockSysSpeed) for ClockSysSpeed
    main.o(.text.main) refers to main.o(.bss.SysCLK) for SysCLK
    main.o(.text.main) refers to clock.o(.text.AHBClokSpeed) for AHBClokSpeed
    main.o(.text.main) refers to main.o(.bss.AHB) for AHB
    main.o(.text.main) refers to clock.o(.text.APB1ClockSpeed) for APB1ClockSpeed
    main.o(.text.main) refers to main.o(.bss.APB1) for APB1
    main.o(.text.main) refers to clock.o(.text.APB2ClockSpeed) for APB2ClockSpeed
    main.o(.text.main) refers to main.o(.bss.APB2) for APB2
    main.o(.ARM.exidx.text.main) refers to main.o(.text.main) for [Anonymous Symbol]
    gpio.o(.ARM.exidx.text.GPIOPortInit) refers to gpio.o(.text.GPIOPortInit) for [Anonymous Symbol]
    gpio.o(.ARM.exidx.text.get_GPIO) refers to gpio.o(.text.get_GPIO) for [Anonymous Symbol]
    gpio.o(.text.PinModeSet) refers to gpio.o(.text.get_GPIO) for get_GPIO
    gpio.o(.ARM.exidx.text.PinModeSet) refers to gpio.o(.text.PinModeSet) for [Anonymous Symbol]
    gpio.o(.text.PinModeOut) refers to gpio.o(.text.PinModeSet) for PinModeSet
    gpio.o(.ARM.exidx.text.PinModeOut) refers to gpio.o(.text.PinModeOut) for [Anonymous Symbol]
    gpio.o(.text.PinModeIn) refers to gpio.o(.text.PinModeSet) for PinModeSet
    gpio.o(.ARM.exidx.text.PinModeIn) refers to gpio.o(.text.PinModeIn) for [Anonymous Symbol]
    gpio.o(.text.PinModeAF) refers to gpio.o(.text.PinModeSet) for PinModeSet
    gpio.o(.ARM.exidx.text.PinModeAF) refers to gpio.o(.text.PinModeAF) for [Anonymous Symbol]
    gpio.o(.text.PinOutputSet) refers to gpio.o(.text.get_GPIO) for get_GPIO
    gpio.o(.text.PinOutputSet) refers to gpio.o(.text.GPIOPortInit) for GPIOPortInit
    gpio.o(.text.PinOutputSet) refers to gpio.o(.text.PinModeOut) for PinModeOut
    gpio.o(.ARM.exidx.text.PinOutputSet) refers to gpio.o(.text.PinOutputSet) for [Anonymous Symbol]
    gpio.o(.text.PinInputSet) refers to gpio.o(.text.get_GPIO) for get_GPIO
    gpio.o(.text.PinInputSet) refers to gpio.o(.text.GPIOPortInit) for GPIOPortInit
    gpio.o(.text.PinInputSet) refers to gpio.o(.text.PinModeIn) for PinModeIn
    gpio.o(.ARM.exidx.text.PinInputSet) refers to gpio.o(.text.PinInputSet) for [Anonymous Symbol]
    gpio.o(.text.PinW) refers to gpio.o(.text.get_GPIO) for get_GPIO
    gpio.o(.ARM.exidx.text.PinW) refers to gpio.o(.text.PinW) for [Anonymous Symbol]
    gpio.o(.text.PinR) refers to gpio.o(.text.get_GPIO) for get_GPIO
    gpio.o(.ARM.exidx.text.PinR) refers to gpio.o(.text.PinR) for [Anonymous Symbol]
    gpio.o(.text.PinToggle) refers to gpio.o(.text.get_GPIO) for get_GPIO
    gpio.o(.text.PinToggle) refers to gpio.o(.text.PinR) for PinR
    gpio.o(.text.PinToggle) refers to gpio.o(.text.PinW) for PinW
    gpio.o(.ARM.exidx.text.PinToggle) refers to gpio.o(.text.PinToggle) for [Anonymous Symbol]
    gpio.o(.text.PinsSet) refers to gpio.o(.text.PinInputSet) for PinInputSet
    gpio.o(.text.PinsSet) refers to gpio.o(.text.PinOutputSet) for PinOutputSet
    gpio.o(.ARM.exidx.text.PinsSet) refers to gpio.o(.text.PinsSet) for [Anonymous Symbol]
    gpio.o(.text.PinsInputSet) refers to gpio.o(.text.PinsSet) for PinsSet
    gpio.o(.ARM.exidx.text.PinsInputSet) refers to gpio.o(.text.PinsInputSet) for [Anonymous Symbol]
    gpio.o(.text.PinsOutputSet) refers to gpio.o(.text.PinsSet) for PinsSet
    gpio.o(.ARM.exidx.text.PinsOutputSet) refers to gpio.o(.text.PinsOutputSet) for [Anonymous Symbol]
    gpio.o(.text.PinIrqStart) refers to gpio.o(.text.PinInputSet) for PinInputSet
    gpio.o(.text.PinIrqStart) refers to gpio.o(.text.__NVIC_EnableIRQ) for __NVIC_EnableIRQ
    gpio.o(.ARM.exidx.text.PinIrqStart) refers to gpio.o(.text.PinIrqStart) for [Anonymous Symbol]
    gpio.o(.ARM.exidx.text.__NVIC_EnableIRQ) refers to gpio.o(.text.__NVIC_EnableIRQ) for [Anonymous Symbol]
    gpio.o(.text.IrqEStart) refers to gpio.o(.text.PinIrqStart) for PinIrqStart
    gpio.o(.ARM.exidx.text.IrqEStart) refers to gpio.o(.text.IrqEStart) for [Anonymous Symbol]
    gpio.o(.text.PinIrqRE) refers to gpio.o(.text.IrqEStart) for IrqEStart
    gpio.o(.ARM.exidx.text.PinIrqRE) refers to gpio.o(.text.PinIrqRE) for [Anonymous Symbol]
    gpio.o(.text.PinIrqFE) refers to gpio.o(.text.IrqEStart) for IrqEStart
    gpio.o(.ARM.exidx.text.PinIrqFE) refers to gpio.o(.text.PinIrqFE) for [Anonymous Symbol]
    gpio.o(.text.PinIrqRFE) refers to gpio.o(.text.IrqEStart) for IrqEStart
    gpio.o(.ARM.exidx.text.PinIrqRFE) refers to gpio.o(.text.PinIrqRFE) for [Anonymous Symbol]
    gpio.o(.ARM.exidx.text.IrqEStop) refers to gpio.o(.text.IrqEStop) for [Anonymous Symbol]
    gpio.o(.text.PinIrqFeStop) refers to gpio.o(.text.IrqEStop) for IrqEStop
    gpio.o(.ARM.exidx.text.PinIrqFeStop) refers to gpio.o(.text.PinIrqFeStop) for [Anonymous Symbol]
    gpio.o(.text.PinIrqReStop) refers to gpio.o(.text.IrqEStop) for IrqEStop
    gpio.o(.ARM.exidx.text.PinIrqReStop) refers to gpio.o(.text.PinIrqReStop) for [Anonymous Symbol]
    gpio.o(.text.PinIrqFReStop) refers to gpio.o(.text.IrqEStop) for IrqEStop
    gpio.o(.ARM.exidx.text.PinIrqFReStop) refers to gpio.o(.text.PinIrqFReStop) for [Anonymous Symbol]
    gpio.o(.text.PinIrqStop) refers to gpio.o(.text.PinIrqFReStop) for PinIrqFReStop
    gpio.o(.text.PinIrqStop) refers to gpio.o(.text.__NVIC_DisableIRQ) for __NVIC_DisableIRQ
    gpio.o(.ARM.exidx.text.PinIrqStop) refers to gpio.o(.text.PinIrqStop) for [Anonymous Symbol]
    gpio.o(.ARM.exidx.text.__NVIC_DisableIRQ) refers to gpio.o(.text.__NVIC_DisableIRQ) for [Anonymous Symbol]
    clock.o(.ARM.exidx.text.ClockHseOn) refers to clock.o(.text.ClockHseOn) for [Anonymous Symbol]
    clock.o(.ARM.exidx.text.ClockHseOff) refers to clock.o(.text.ClockHseOff) for [Anonymous Symbol]
    clock.o(.ARM.exidx.text.ClockPllOn) refers to clock.o(.text.ClockPllOn) for [Anonymous Symbol]
    clock.o(.ARM.exidx.text.ClockPllOff) refers to clock.o(.text.ClockPllOff) for [Anonymous Symbol]
    clock.o(.text.ClockMCO1) refers to gpio.o(.text.PinOutputSet) for PinOutputSet
    clock.o(.text.ClockMCO1) refers to gpio.o(.text.PinModeAF) for PinModeAF
    clock.o(.ARM.exidx.text.ClockMCO1) refers to clock.o(.text.ClockMCO1) for [Anonymous Symbol]
    clock.o(.text.ClockMCO2) refers to gpio.o(.text.PinOutputSet) for PinOutputSet
    clock.o(.text.ClockMCO2) refers to gpio.o(.text.PinModeAF) for PinModeAF
    clock.o(.ARM.exidx.text.ClockMCO2) refers to clock.o(.text.ClockMCO2) for [Anonymous Symbol]
    clock.o(.ARM.exidx.text.ClockPll) refers to clock.o(.text.ClockPll) for [Anonymous Symbol]
    clock.o(.text.ClockSysSpeed) refers to clock.o(.text.ClockPll) for ClockPll
    clock.o(.ARM.exidx.text.ClockSysSpeed) refers to clock.o(.text.ClockSysSpeed) for [Anonymous Symbol]
    clock.o(.text.AHBClokSpeed) refers to clock.o(.text.ClockSysSpeed) for ClockSysSpeed
    clock.o(.ARM.exidx.text.AHBClokSpeed) refers to clock.o(.text.AHBClokSpeed) for [Anonymous Symbol]
    clock.o(.text.APB1ClockSpeed) refers to clock.o(.text.ClockSysSpeed) for ClockSysSpeed
    clock.o(.ARM.exidx.text.APB1ClockSpeed) refers to clock.o(.text.APB1ClockSpeed) for [Anonymous Symbol]
    clock.o(.text.APB2ClockSpeed) refers to clock.o(.text.ClockSysSpeed) for ClockSysSpeed
    clock.o(.ARM.exidx.text.APB2ClockSpeed) refers to clock.o(.text.APB2ClockSpeed) for [Anonymous Symbol]
    clock.o(.text.ClockSpeedSetHSE) refers to clock.o(.text.ClockHseOn) for ClockHseOn
    clock.o(.text.ClockSpeedSetHSE) refers to clock.o(.text.ClockPllOn) for ClockPllOn
    clock.o(.ARM.exidx.text.ClockSpeedSetHSE) refers to clock.o(.text.ClockSpeedSetHSE) for [Anonymous Symbol]
    clock.o(.text.Clk_STM32F407_168Mhz) refers to clock.o(.text.ClockSpeedSetHSE) for ClockSpeedSetHSE
    clock.o(.ARM.exidx.text.Clk_STM32F407_168Mhz) refers to clock.o(.text.Clk_STM32F407_168Mhz) for [Anonymous Symbol]
    clock.o(.text.Clk_STM32F411_100Mhz) refers to clock.o(.text.ClockSpeedSetHSE) for ClockSpeedSetHSE
    clock.o(.ARM.exidx.text.Clk_STM32F411_100Mhz) refers to clock.o(.text.Clk_STM32F411_100Mhz) for [Anonymous Symbol]
    startup_stm32f411xe.o(STACK) refers (Special) to heapauxi.o(.text) for __use_two_region_memory
    startup_stm32f411xe.o(HEAP) refers (Special) to heapauxi.o(.text) for __use_two_region_memory
    startup_stm32f411xe.o(RESET) refers (Special) to heapauxi.o(.text) for __use_two_region_memory
    startup_stm32f411xe.o(RESET) refers to startup_stm32f411xe.o(STACK) for __initial_sp
    startup_stm32f411xe.o(RESET) refers to startup_stm32f411xe.o(.text) for Reset_Handler
    startup_stm32f411xe.o(.text) refers (Special) to heapauxi.o(.text) for __use_two_region_memory
    startup_stm32f411xe.o(.text) refers to system_stm32f4xx.o(.text.SystemInit) for SystemInit
    startup_stm32f411xe.o(.text) refers to __main.o(!!!main) for __main
    startup_stm32f411xe.o(.text) refers to startup_stm32f411xe.o(HEAP) for Heap_Mem
    startup_stm32f411xe.o(.text) refers to startup_stm32f411xe.o(STACK) for Stack_Mem
    system_stm32f4xx.o(.ARM.exidx.text.SystemInit) refers to system_stm32f4xx.o(.text.SystemInit) for [Anonymous Symbol]
    system_stm32f4xx.o(.text.SystemCoreClockUpdate) refers to system_stm32f4xx.o(.data.SystemCoreClock) for SystemCoreClock
    system_stm32f4xx.o(.text.SystemCoreClockUpdate) refers to system_stm32f4xx.o(.rodata.AHBPrescTable) for AHBPrescTable
    system_stm32f4xx.o(.ARM.exidx.text.SystemCoreClockUpdate) refers to system_stm32f4xx.o(.text.SystemCoreClockUpdate) for [Anonymous Symbol]
    __main.o(!!!main) refers to __rtentry.o(.ARM.Collect$$rtentry$$00000000) for __rt_entry
    __rtentry.o(.ARM.Collect$$rtentry$$00000000) refers (Special) to __rtentry2.o(.ARM.Collect$$rtentry$$0000000A) for __rt_entry_li
    __rtentry.o(.ARM.Collect$$rtentry$$00000000) refers (Special) to __rtentry2.o(.ARM.Collect$$rtentry$$0000000D) for __rt_entry_main
    __rtentry.o(.ARM.Collect$$rtentry$$00000000) refers (Special) to __rtentry2.o(.ARM.Collect$$rtentry$$0000000C) for __rt_entry_postli_1
    __rtentry.o(.ARM.Collect$$rtentry$$00000000) refers (Special) to __rtentry2.o(.ARM.Collect$$rtentry$$00000009) for __rt_entry_postsh_1
    __rtentry.o(.ARM.Collect$$rtentry$$00000000) refers (Special) to __rtentry2.o(.ARM.Collect$$rtentry$$00000002) for __rt_entry_presh_1
    __rtentry.o(.ARM.Collect$$rtentry$$00000000) refers (Special) to __rtentry4.o(.ARM.Collect$$rtentry$$00000004) for __rt_entry_sh
    __rtentry2.o(.ARM.Collect$$rtentry$$00000008) refers to boardinit2.o(.text) for _platform_post_stackheap_init
    __rtentry2.o(.ARM.Collect$$rtentry$$0000000A) refers to libinit.o(.ARM.Collect$$libinit$$00000000) for __rt_lib_init
    __rtentry2.o(.ARM.Collect$$rtentry$$0000000B) refers to boardinit3.o(.text) for _platform_post_lib_init
    __rtentry2.o(.ARM.Collect$$rtentry$$0000000D) refers to main.o(.text.main) for main
    __rtentry2.o(.ARM.Collect$$rtentry$$0000000D) refers to exit.o(.text) for exit
    __rtentry2.o(.ARM.exidx) refers to __rtentry2.o(.ARM.Collect$$rtentry$$00000001) for .ARM.Collect$$rtentry$$00000001
    __rtentry2.o(.ARM.exidx) refers to __rtentry2.o(.ARM.Collect$$rtentry$$00000008) for .ARM.Collect$$rtentry$$00000008
    __rtentry2.o(.ARM.exidx) refers to __rtentry2.o(.ARM.Collect$$rtentry$$0000000A) for .ARM.Collect$$rtentry$$0000000A
    __rtentry2.o(.ARM.exidx) refers to __rtentry2.o(.ARM.Collect$$rtentry$$0000000B) for .ARM.Collect$$rtentry$$0000000B
    __rtentry2.o(.ARM.exidx) refers to __rtentry2.o(.ARM.Collect$$rtentry$$0000000D) for .ARM.Collect$$rtentry$$0000000D
    __rtentry4.o(.ARM.Collect$$rtentry$$00000004) refers to sys_stackheap_outer.o(.text) for __user_setup_stackheap
    __rtentry4.o(.ARM.exidx) refers to __rtentry4.o(.ARM.Collect$$rtentry$$00000004) for .ARM.Collect$$rtentry$$00000004
    sys_stackheap_outer.o(.text) refers to libspace.o(.text) for __user_perproc_libspace
    sys_stackheap_outer.o(.text) refers to startup_stm32f411xe.o(.text) for __user_initial_stackheap
    exit.o(.text) refers to rtexit.o(.ARM.Collect$$rtexit$$00000000) for __rt_exit
    libinit.o(.ARM.Collect$$libinit$$00000000) refers (Special) to libinit2.o(.ARM.Collect$$libinit$$00000030) for __rt_lib_init_alloca_1
    libinit.o(.ARM.Collect$$libinit$$00000000) refers (Special) to libinit2.o(.ARM.Collect$$libinit$$0000002E) for __rt_lib_init_argv_1
    libinit.o(.ARM.Collect$$libinit$$00000000) refers (Special) to libinit2.o(.ARM.Collect$$libinit$$0000001D) for __rt_lib_init_atexit_1
    libinit.o(.ARM.Collect$$libinit$$00000000) refers (Special) to libinit2.o(.ARM.Collect$$libinit$$00000023) for __rt_lib_init_clock_1
    libinit.o(.ARM.Collect$$libinit$$00000000) refers (Special) to libinit2.o(.ARM.Collect$$libinit$$00000034) for __rt_lib_init_cpp_1
    libinit.o(.ARM.Collect$$libinit$$00000000) refers (Special) to libinit2.o(.ARM.Collect$$libinit$$00000032) for __rt_lib_init_exceptions_1
    libinit.o(.ARM.Collect$$libinit$$00000000) refers (Special) to libinit2.o(.ARM.Collect$$libinit$$00000001) for __rt_lib_init_fp_1
    libinit.o(.ARM.Collect$$libinit$$00000000) refers (Special) to libinit2.o(.ARM.Collect$$libinit$$00000021) for __rt_lib_init_fp_trap_1
    libinit.o(.ARM.Collect$$libinit$$00000000) refers (Special) to libinit2.o(.ARM.Collect$$libinit$$00000025) for __rt_lib_init_getenv_1
    libinit.o(.ARM.Collect$$libinit$$00000000) refers (Special) to libinit2.o(.ARM.Collect$$libinit$$0000000C) for __rt_lib_init_heap_1
    libinit.o(.ARM.Collect$$libinit$$00000000) refers (Special) to libinit2.o(.ARM.Collect$$libinit$$00000013) for __rt_lib_init_lc_collate_1
    libinit.o(.ARM.Collect$$libinit$$00000000) refers (Special) to libinit2.o(.ARM.Collect$$libinit$$00000015) for __rt_lib_init_lc_ctype_1
    libinit.o(.ARM.Collect$$libinit$$00000000) refers (Special) to libinit2.o(.ARM.Collect$$libinit$$00000017) for __rt_lib_init_lc_monetary_1
    libinit.o(.ARM.Collect$$libinit$$00000000) refers (Special) to libinit2.o(.ARM.Collect$$libinit$$00000019) for __rt_lib_init_lc_numeric_1
    libinit.o(.ARM.Collect$$libinit$$00000000) refers (Special) to libinit2.o(.ARM.Collect$$libinit$$0000001B) for __rt_lib_init_lc_time_1
    libinit.o(.ARM.Collect$$libinit$$00000000) refers (Special) to libinit2.o(.ARM.Collect$$libinit$$00000006) for __rt_lib_init_preinit_1
    libinit.o(.ARM.Collect$$libinit$$00000000) refers (Special) to libinit2.o(.ARM.Collect$$libinit$$00000010) for __rt_lib_init_rand_1
    libinit.o(.ARM.Collect$$libinit$$00000000) refers (Special) to libinit2.o(.ARM.Collect$$libinit$$00000004) for __rt_lib_init_relocate_pie_1
    libinit.o(.ARM.Collect$$libinit$$00000000) refers (Special) to libinit2.o(.ARM.Collect$$libinit$$00000035) for __rt_lib_init_return
    libinit.o(.ARM.Collect$$libinit$$00000000) refers (Special) to libinit2.o(.ARM.Collect$$libinit$$0000001F) for __rt_lib_init_signal_1
    libinit.o(.ARM.Collect$$libinit$$00000000) refers (Special) to libinit2.o(.ARM.Collect$$libinit$$00000027) for __rt_lib_init_stdio_1
    libinit.o(.ARM.Collect$$libinit$$00000000) refers (Special) to libinit2.o(.ARM.Collect$$libinit$$0000000E) for __rt_lib_init_user_alloc_1
    libspace.o(.text) refers to libspace.o(.bss) for __libspace_start
    rtexit.o(.ARM.Collect$$rtexit$$00000000) refers (Special) to rtexit2.o(.ARM.Collect$$rtexit$$00000004) for __rt_exit_exit
    rtexit.o(.ARM.Collect$$rtexit$$00000000) refers (Special) to rtexit2.o(.ARM.Collect$$rtexit$$00000003) for __rt_exit_ls
    rtexit.o(.ARM.Collect$$rtexit$$00000000) refers (Special) to rtexit2.o(.ARM.Collect$$rtexit$$00000002) for __rt_exit_prels_1
    rtexit.o(.ARM.exidx) refers (Special) to rtexit2.o(.ARM.Collect$$rtexit$$00000004) for __rt_exit_exit
    rtexit.o(.ARM.exidx) refers (Special) to rtexit2.o(.ARM.Collect$$rtexit$$00000003) for __rt_exit_ls
    rtexit.o(.ARM.exidx) refers (Special) to rtexit2.o(.ARM.Collect$$rtexit$$00000002) for __rt_exit_prels_1
    rtexit.o(.ARM.exidx) refers to rtexit.o(.ARM.Collect$$rtexit$$00000000) for .ARM.Collect$$rtexit$$00000000
    libinit2.o(.ARM.Collect$$libinit$$00000001) refers to fpinit.o(x$fpl$fpinit) for _fp_init
    libinit2.o(.ARM.Collect$$libinit$$00000012) refers to libinit2.o(.ARM.Collect$$libinit$$00000011) for .ARM.Collect$$libinit$$00000011
    libinit2.o(.ARM.Collect$$libinit$$00000014) refers to libinit2.o(.ARM.Collect$$libinit$$00000011) for .ARM.Collect$$libinit$$00000011
    libinit2.o(.ARM.Collect$$libinit$$00000016) refers to libinit2.o(.ARM.Collect$$libinit$$00000011) for .ARM.Collect$$libinit$$00000011
    libinit2.o(.ARM.Collect$$libinit$$00000018) refers to libinit2.o(.ARM.Collect$$libinit$$00000011) for .ARM.Collect$$libinit$$00000011
    libinit2.o(.ARM.Collect$$libinit$$0000001A) refers to libinit2.o(.ARM.Collect$$libinit$$00000011) for .ARM.Collect$$libinit$$00000011
    libinit2.o(.ARM.Collect$$libinit$$00000028) refers to argv_veneer.o(.emb_text) for __ARM_argv_veneer
    libinit2.o(.ARM.Collect$$libinit$$00000029) refers to argv_veneer.o(.emb_text) for __ARM_argv_veneer
    rtexit2.o(.ARM.Collect$$rtexit$$00000003) refers to libshutdown.o(.ARM.Collect$$libshutdown$$00000000) for __rt_lib_shutdown
    rtexit2.o(.ARM.Collect$$rtexit$$00000004) refers to sys_exit.o(.text) for _sys_exit
    rtexit2.o(.ARM.exidx) refers to rtexit2.o(.ARM.Collect$$rtexit$$00000001) for .ARM.Collect$$rtexit$$00000001
    rtexit2.o(.ARM.exidx) refers to rtexit2.o(.ARM.Collect$$rtexit$$00000003) for .ARM.Collect$$rtexit$$00000003
    rtexit2.o(.ARM.exidx) refers to rtexit2.o(.ARM.Collect$$rtexit$$00000004) for .ARM.Collect$$rtexit$$00000004
    argv_veneer.o(.emb_text) refers to no_argv.o(.text) for __ARM_get_argv
    sys_exit.o(.text) refers (Special) to use_no_semi.o(.text) for __I$use$semihosting
    sys_exit.o(.text) refers (Special) to indicate_semi.o(.text) for __semihosting_library_function
    sys_exit_hlt.o(.text) refers (Special) to use_no_semi.o(.text) for __I$use$semihosting
    sys_exit_hlt.o(.text) refers (Special) to indicate_semi.o(.text) for __semihosting_library_function
    _get_argv_nomalloc.o(.text) refers (Special) to hrguard.o(.text) for __heap_region$guard
    _get_argv_nomalloc.o(.text) refers to defsig_rtmem_outer.o(.text) for __rt_SIGRTMEM
    _get_argv_nomalloc.o(.text) refers to sys_command.o(.text) for _sys_command_string
    libshutdown.o(.ARM.Collect$$libshutdown$$00000000) refers (Special) to libshutdown2.o(.ARM.Collect$$libshutdown$$00000002) for __rt_lib_shutdown_cpp_1
    libshutdown.o(.ARM.Collect$$libshutdown$$00000000) refers (Special) to libshutdown2.o(.ARM.Collect$$libshutdown$$00000007) for __rt_lib_shutdown_fp_trap_1
    libshutdown.o(.ARM.Collect$$libshutdown$$00000000) refers (Special) to libshutdown2.o(.ARM.Collect$$libshutdown$$0000000F) for __rt_lib_shutdown_heap_1
    libshutdown.o(.ARM.Collect$$libshutdown$$00000000) refers (Special) to libshutdown2.o(.ARM.Collect$$libshutdown$$00000010) for __rt_lib_shutdown_return
    libshutdown.o(.ARM.Collect$$libshutdown$$00000000) refers (Special) to libshutdown2.o(.ARM.Collect$$libshutdown$$0000000A) for __rt_lib_shutdown_signal_1
    libshutdown.o(.ARM.Collect$$libshutdown$$00000000) refers (Special) to libshutdown2.o(.ARM.Collect$$libshutdown$$00000004) for __rt_lib_shutdown_stdio_1
    libshutdown.o(.ARM.Collect$$libshutdown$$00000000) refers (Special) to libshutdown2.o(.ARM.Collect$$libshutdown$$0000000C) for __rt_lib_shutdown_user_alloc_1
    sys_command.o(.text) refers (Special) to use_no_semi.o(.text) for __I$use$semihosting
    sys_command.o(.text) refers (Special) to indicate_semi.o(.text) for __semihosting_library_function
    sys_command_hlt.o(.text) refers (Special) to use_no_semi.o(.text) for __I$use$semihosting
    sys_command_hlt.o(.text) refers (Special) to indicate_semi.o(.text) for __semihosting_library_function
    defsig_rtmem_outer.o(.text) refers to defsig_rtmem_inner.o(.text) for __rt_SIGRTMEM_inner
    defsig_rtmem_outer.o(.text) refers to defsig_exit.o(.text) for __sig_exit
    defsig_rtmem_formal.o(.text) refers to rt_raise.o(.text) for __rt_raise
    rt_raise.o(.text) refers to __raise.o(.text) for __raise
    rt_raise.o(.text) refers to sys_exit.o(.text) for _sys_exit
    defsig_exit.o(.text) refers to sys_exit.o(.text) for _sys_exit
    defsig_rtmem_inner.o(.text) refers to defsig_general.o(.text) for __default_signal_display
    __raise.o(.text) refers to defsig.o(CL$$defsig) for __default_signal_handler
    defsig_general.o(.text) refers to sys_wrch.o(.text) for _ttywrch
    sys_wrch.o(.text) refers (Special) to use_no_semi.o(.text) for __I$use$semihosting
    sys_wrch.o(.text) refers (Special) to indicate_semi.o(.text) for __semihosting_library_function
    sys_wrch_hlt.o(.text) refers (Special) to use_no_semi.o(.text) for __I$use$semihosting
    sys_wrch_hlt.o(.text) refers (Special) to indicate_semi.o(.text) for __semihosting_library_function
    defsig.o(CL$$defsig) refers to defsig_rtmem_inner.o(.text) for __rt_SIGRTMEM_inner
    defsig_abrt_inner.o(.text) refers to defsig_general.o(.text) for __default_signal_display
    defsig_fpe_inner.o(.text) refers to defsig_general.o(.text) for __default_signal_display
    defsig_rtred_inner.o(.text) refers to defsig_general.o(.text) for __default_signal_display
    defsig_stak_inner.o(.text) refers to defsig_general.o(.text) for __default_signal_display
    defsig_pvfn_inner.o(.text) refers to defsig_general.o(.text) for __default_signal_display
    defsig_cppl_inner.o(.text) refers to defsig_general.o(.text) for __default_signal_display
    defsig_segv_inner.o(.text) refers to defsig_general.o(.text) for __default_signal_display
    defsig_other.o(.text) refers to defsig_general.o(.text) for __default_signal_display


==============================================================================

Removing Unused input sections from the image.

    Removing main.o(.text), (0 bytes).
    Removing main.o(.ARM.exidx.text.main), (8 bytes).
    Removing main.o(.ARM.use_no_argv), (4 bytes).
    Removing gpio.o(.text), (0 bytes).
    Removing gpio.o(.ARM.exidx.text.GPIOPortInit), (8 bytes).
    Removing gpio.o(.ARM.exidx.text.get_GPIO), (8 bytes).
    Removing gpio.o(.ARM.exidx.text.PinModeSet), (8 bytes).
    Removing gpio.o(.ARM.exidx.text.PinModeOut), (8 bytes).
    Removing gpio.o(.text.PinModeIn), (18 bytes).
    Removing gpio.o(.ARM.exidx.text.PinModeIn), (8 bytes).
    Removing gpio.o(.ARM.exidx.text.PinModeAF), (8 bytes).
    Removing gpio.o(.ARM.exidx.text.PinOutputSet), (8 bytes).
    Removing gpio.o(.text.PinInputSet), (124 bytes).
    Removing gpio.o(.ARM.exidx.text.PinInputSet), (8 bytes).
    Removing gpio.o(.text.PinW), (104 bytes).
    Removing gpio.o(.ARM.exidx.text.PinW), (8 bytes).
    Removing gpio.o(.text.PinR), (88 bytes).
    Removing gpio.o(.ARM.exidx.text.PinR), (8 bytes).
    Removing gpio.o(.text.PinToggle), (82 bytes).
    Removing gpio.o(.ARM.exidx.text.PinToggle), (8 bytes).
    Removing gpio.o(.text.PinsSet), (94 bytes).
    Removing gpio.o(.ARM.exidx.text.PinsSet), (8 bytes).
    Removing gpio.o(.text.PinsInputSet), (26 bytes).
    Removing gpio.o(.ARM.exidx.text.PinsInputSet), (8 bytes).
    Removing gpio.o(.text.PinsOutputSet), (26 bytes).
    Removing gpio.o(.ARM.exidx.text.PinsOutputSet), (8 bytes).
    Removing gpio.o(.text.PinIrqStart), (300 bytes).
    Removing gpio.o(.ARM.exidx.text.PinIrqStart), (8 bytes).
    Removing gpio.o(.text.__NVIC_EnableIRQ), (48 bytes).
    Removing gpio.o(.ARM.exidx.text.__NVIC_EnableIRQ), (8 bytes).
    Removing gpio.o(.text.IrqEStart), (98 bytes).
    Removing gpio.o(.ARM.exidx.text.IrqEStart), (8 bytes).
    Removing gpio.o(.text.PinIrqRE), (18 bytes).
    Removing gpio.o(.ARM.exidx.text.PinIrqRE), (8 bytes).
    Removing gpio.o(.text.PinIrqFE), (18 bytes).
    Removing gpio.o(.ARM.exidx.text.PinIrqFE), (8 bytes).
    Removing gpio.o(.text.PinIrqRFE), (26 bytes).
    Removing gpio.o(.ARM.exidx.text.PinIrqRFE), (8 bytes).
    Removing gpio.o(.text.IrqEStop), (90 bytes).
    Removing gpio.o(.ARM.exidx.text.IrqEStop), (8 bytes).
    Removing gpio.o(.text.PinIrqFeStop), (18 bytes).
    Removing gpio.o(.ARM.exidx.text.PinIrqFeStop), (8 bytes).
    Removing gpio.o(.text.PinIrqReStop), (18 bytes).
    Removing gpio.o(.ARM.exidx.text.PinIrqReStop), (8 bytes).
    Removing gpio.o(.text.PinIrqFReStop), (26 bytes).
    Removing gpio.o(.ARM.exidx.text.PinIrqFReStop), (8 bytes).
    Removing gpio.o(.text.PinIrqStop), (256 bytes).
    Removing gpio.o(.ARM.exidx.text.PinIrqStop), (8 bytes).
    Removing gpio.o(.text.__NVIC_DisableIRQ), (56 bytes).
    Removing gpio.o(.ARM.exidx.text.__NVIC_DisableIRQ), (8 bytes).
    Removing clock.o(.text), (0 bytes).
    Removing clock.o(.ARM.exidx.text.ClockHseOn), (8 bytes).
    Removing clock.o(.text.ClockHseOff), (18 bytes).
    Removing clock.o(.ARM.exidx.text.ClockHseOff), (8 bytes).
    Removing clock.o(.ARM.exidx.text.ClockPllOn), (8 bytes).
    Removing clock.o(.text.ClockPllOff), (18 bytes).
    Removing clock.o(.ARM.exidx.text.ClockPllOff), (8 bytes).
    Removing clock.o(.ARM.exidx.text.ClockMCO1), (8 bytes).
    Removing clock.o(.text.ClockMCO2), (78 bytes).
    Removing clock.o(.ARM.exidx.text.ClockMCO2), (8 bytes).
    Removing clock.o(.ARM.exidx.text.ClockPll), (8 bytes).
    Removing clock.o(.ARM.exidx.text.ClockSysSpeed), (8 bytes).
    Removing clock.o(.ARM.exidx.text.AHBClokSpeed), (8 bytes).
    Removing clock.o(.ARM.exidx.text.APB1ClockSpeed), (8 bytes).
    Removing clock.o(.ARM.exidx.text.APB2ClockSpeed), (8 bytes).
    Removing clock.o(.ARM.exidx.text.ClockSpeedSetHSE), (8 bytes).
    Removing clock.o(.text.Clk_STM32F407_168Mhz), (64 bytes).
    Removing clock.o(.ARM.exidx.text.Clk_STM32F407_168Mhz), (8 bytes).
    Removing clock.o(.ARM.exidx.text.Clk_STM32F411_100Mhz), (8 bytes).
    Removing system_stm32f4xx.o(.text), (0 bytes).
    Removing system_stm32f4xx.o(.ARM.exidx.text.SystemInit), (8 bytes).
    Removing system_stm32f4xx.o(.text.SystemCoreClockUpdate), (302 bytes).
    Removing system_stm32f4xx.o(.ARM.exidx.text.SystemCoreClockUpdate), (8 bytes).
    Removing system_stm32f4xx.o(.data.SystemCoreClock), (4 bytes).
    Removing system_stm32f4xx.o(.rodata.AHBPrescTable), (16 bytes).
    Removing system_stm32f4xx.o(.rodata.APBPrescTable), (8 bytes).

76 unused section(s) (total 2390 bytes) removed from the image.

==============================================================================

Image Symbol Table

    Local Symbols

    Symbol Name                              Value     Ov Type        Size  Object(Section)

    ../clib/angel/boardlib.s                 0x00000000   Number         0  boardinit1.o ABSOLUTE
    ../clib/angel/boardlib.s                 0x00000000   Number         0  boardinit2.o ABSOLUTE
    ../clib/angel/boardlib.s                 0x00000000   Number         0  boardinit3.o ABSOLUTE
    ../clib/angel/boardlib.s                 0x00000000   Number         0  boardshut.o ABSOLUTE
    ../clib/angel/handlers.s                 0x00000000   Number         0  __scatter_zi.o ABSOLUTE
    ../clib/angel/kernel.s                   0x00000000   Number         0  __rtentry.o ABSOLUTE
    ../clib/angel/kernel.s                   0x00000000   Number         0  __rtentry2.o ABSOLUTE
    ../clib/angel/kernel.s                   0x00000000   Number         0  __rtentry4.o ABSOLUTE
    ../clib/angel/kernel.s                   0x00000000   Number         0  rtexit.o ABSOLUTE
    ../clib/angel/kernel.s                   0x00000000   Number         0  rtexit2.o ABSOLUTE
    ../clib/angel/rt.s                       0x00000000   Number         0  rt_raise.o ABSOLUTE
    ../clib/angel/scatter.s                  0x00000000   Number         0  __scatter.o ABSOLUTE
    ../clib/angel/startup.s                  0x00000000   Number         0  __main.o ABSOLUTE
    ../clib/angel/sys.s                      0x00000000   Number         0  sys_stackheap_outer.o ABSOLUTE
    ../clib/angel/sys.s                      0x00000000   Number         0  libspace.o ABSOLUTE
    ../clib/angel/sys.s                      0x00000000   Number         0  use_no_semi.o ABSOLUTE
    ../clib/angel/sys.s                      0x00000000   Number         0  indicate_semi.o ABSOLUTE
    ../clib/angel/sysapp.c                   0x00000000   Number         0  sys_exit.o ABSOLUTE
    ../clib/angel/sysapp.c                   0x00000000   Number         0  sys_exit_hlt.o ABSOLUTE
    ../clib/angel/sysapp.c                   0x00000000   Number         0  sys_command.o ABSOLUTE
    ../clib/angel/sysapp.c                   0x00000000   Number         0  sys_command_hlt.o ABSOLUTE
    ../clib/angel/sysapp.c                   0x00000000   Number         0  sys_wrch.o ABSOLUTE
    ../clib/angel/sysapp.c                   0x00000000   Number         0  sys_wrch_hlt.o ABSOLUTE
    ../clib/armsys.c                         0x00000000   Number         0  argv_veneer.o ABSOLUTE
    ../clib/armsys.c                         0x00000000   Number         0  argv_veneer.o ABSOLUTE
    ../clib/armsys.c                         0x00000000   Number         0  _get_argv_nomalloc.o ABSOLUTE
    ../clib/armsys.c                         0x00000000   Number         0  no_argv.o ABSOLUTE
    ../clib/heapalloc.c                      0x00000000   Number         0  hrguard.o ABSOLUTE
    ../clib/heapaux.c                        0x00000000   Number         0  heapauxi.o ABSOLUTE
    ../clib/libinit.s                        0x00000000   Number         0  libinit.o ABSOLUTE
    ../clib/libinit.s                        0x00000000   Number         0  libinit2.o ABSOLUTE
    ../clib/libinit.s                        0x00000000   Number         0  libshutdown.o ABSOLUTE
    ../clib/libinit.s                        0x00000000   Number         0  libshutdown2.o ABSOLUTE
    ../clib/signal.c                         0x00000000   Number         0  defsig_rtmem_outer.o ABSOLUTE
    ../clib/signal.c                         0x00000000   Number         0  defsig_rtmem_formal.o ABSOLUTE
    ../clib/signal.c                         0x00000000   Number         0  defsig_exit.o ABSOLUTE
    ../clib/signal.c                         0x00000000   Number         0  defsig_rtmem_inner.o ABSOLUTE
    ../clib/signal.c                         0x00000000   Number         0  __raise.o ABSOLUTE
    ../clib/signal.c                         0x00000000   Number         0  defsig_general.o ABSOLUTE
    ../clib/signal.c                         0x00000000   Number         0  defsig_abrt_inner.o ABSOLUTE
    ../clib/signal.c                         0x00000000   Number         0  defsig_fpe_inner.o ABSOLUTE
    ../clib/signal.c                         0x00000000   Number         0  defsig_rtred_inner.o ABSOLUTE
    ../clib/signal.c                         0x00000000   Number         0  defsig_stak_inner.o ABSOLUTE
    ../clib/signal.c                         0x00000000   Number         0  defsig_pvfn_inner.o ABSOLUTE
    ../clib/signal.c                         0x00000000   Number         0  defsig_cppl_inner.o ABSOLUTE
    ../clib/signal.c                         0x00000000   Number         0  defsig_segv_inner.o ABSOLUTE
    ../clib/signal.c                         0x00000000   Number         0  defsig_other.o ABSOLUTE
    ../clib/signal.s                         0x00000000   Number         0  defsig.o ABSOLUTE
    ../clib/stdlib.c                         0x00000000   Number         0  exit.o ABSOLUTE
    ../fplib/fpinit.s                        0x00000000   Number         0  fpinit.o ABSOLUTE
    RTE/Device/STM32F411CEUx/startup_stm32f411xe.s 0x00000000   Number         0  startup_stm32f411xe.o ABSOLUTE
    clock.c                                  0x00000000   Number         0  clock.o ABSOLUTE
    dc.s                                     0x00000000   Number         0  dc.o ABSOLUTE
    gpio.c                                   0x00000000   Number         0  gpio.o ABSOLUTE
    main.c                                   0x00000000   Number         0  main.o ABSOLUTE
    system_stm32f4xx.c                       0x00000000   Number         0  system_stm32f4xx.o ABSOLUTE
    RESET                                    0x08000000   Section      408  startup_stm32f411xe.o(RESET)
    !!!main                                  0x08000198   Section        8  __main.o(!!!main)
    !!!scatter                               0x080001a0   Section       52  __scatter.o(!!!scatter)
    !!handler_zi                             0x080001d4   Section       28  __scatter_zi.o(!!handler_zi)
    .ARM.Collect$$libinit$$00000000          0x080001f0   Section        2  libinit.o(.ARM.Collect$$libinit$$00000000)
    .ARM.Collect$$libinit$$00000001          0x080001f2   Section        4  libinit2.o(.ARM.Collect$$libinit$$00000001)
    .ARM.Collect$$libinit$$00000004          0x080001f6   Section        0  libinit2.o(.ARM.Collect$$libinit$$00000004)
    .ARM.Collect$$libinit$$00000006          0x080001f6   Section        0  libinit2.o(.ARM.Collect$$libinit$$00000006)
    .ARM.Collect$$libinit$$0000000C          0x080001f6   Section        0  libinit2.o(.ARM.Collect$$libinit$$0000000C)
    .ARM.Collect$$libinit$$0000000E          0x080001f6   Section        0  libinit2.o(.ARM.Collect$$libinit$$0000000E)
    .ARM.Collect$$libinit$$00000010          0x080001f6   Section        0  libinit2.o(.ARM.Collect$$libinit$$00000010)
    .ARM.Collect$$libinit$$00000013          0x080001f6   Section        0  libinit2.o(.ARM.Collect$$libinit$$00000013)
    .ARM.Collect$$libinit$$00000015          0x080001f6   Section        0  libinit2.o(.ARM.Collect$$libinit$$00000015)
    .ARM.Collect$$libinit$$00000017          0x080001f6   Section        0  libinit2.o(.ARM.Collect$$libinit$$00000017)
    .ARM.Collect$$libinit$$00000019          0x080001f6   Section        0  libinit2.o(.ARM.Collect$$libinit$$00000019)
    .ARM.Collect$$libinit$$0000001B          0x080001f6   Section        0  libinit2.o(.ARM.Collect$$libinit$$0000001B)
    .ARM.Collect$$libinit$$0000001D          0x080001f6   Section        0  libinit2.o(.ARM.Collect$$libinit$$0000001D)
    .ARM.Collect$$libinit$$0000001F          0x080001f6   Section        0  libinit2.o(.ARM.Collect$$libinit$$0000001F)
    .ARM.Collect$$libinit$$00000021          0x080001f6   Section        0  libinit2.o(.ARM.Collect$$libinit$$00000021)
    .ARM.Collect$$libinit$$00000023          0x080001f6   Section        0  libinit2.o(.ARM.Collect$$libinit$$00000023)
    .ARM.Collect$$libinit$$00000025          0x080001f6   Section        0  libinit2.o(.ARM.Collect$$libinit$$00000025)
    .ARM.Collect$$libinit$$00000027          0x080001f6   Section        0  libinit2.o(.ARM.Collect$$libinit$$00000027)
    .ARM.Collect$$libinit$$0000002E          0x080001f6   Section        0  libinit2.o(.ARM.Collect$$libinit$$0000002E)
    .ARM.Collect$$libinit$$00000030          0x080001f6   Section        0  libinit2.o(.ARM.Collect$$libinit$$00000030)
    .ARM.Collect$$libinit$$00000032          0x080001f6   Section        0  libinit2.o(.ARM.Collect$$libinit$$00000032)
    .ARM.Collect$$libinit$$00000034          0x080001f6   Section        0  libinit2.o(.ARM.Collect$$libinit$$00000034)
    .ARM.Collect$$libinit$$00000035          0x080001f6   Section        2  libinit2.o(.ARM.Collect$$libinit$$00000035)
    .ARM.Collect$$libshutdown$$00000000      0x080001f8   Section        2  libshutdown.o(.ARM.Collect$$libshutdown$$00000000)
    .ARM.Collect$$libshutdown$$00000002      0x080001fa   Section        0  libshutdown2.o(.ARM.Collect$$libshutdown$$00000002)
    .ARM.Collect$$libshutdown$$00000004      0x080001fa   Section        0  libshutdown2.o(.ARM.Collect$$libshutdown$$00000004)
    .ARM.Collect$$libshutdown$$00000007      0x080001fa   Section        0  libshutdown2.o(.ARM.Collect$$libshutdown$$00000007)
    .ARM.Collect$$libshutdown$$0000000A      0x080001fa   Section        0  libshutdown2.o(.ARM.Collect$$libshutdown$$0000000A)
    .ARM.Collect$$libshutdown$$0000000C      0x080001fa   Section        0  libshutdown2.o(.ARM.Collect$$libshutdown$$0000000C)
    .ARM.Collect$$libshutdown$$0000000F      0x080001fa   Section        0  libshutdown2.o(.ARM.Collect$$libshutdown$$0000000F)
    .ARM.Collect$$libshutdown$$00000010      0x080001fa   Section        2  libshutdown2.o(.ARM.Collect$$libshutdown$$00000010)
    .ARM.Collect$$rtentry$$00000000          0x080001fc   Section        0  __rtentry.o(.ARM.Collect$$rtentry$$00000000)
    .ARM.Collect$$rtentry$$00000002          0x080001fc   Section        0  __rtentry2.o(.ARM.Collect$$rtentry$$00000002)
    .ARM.Collect$$rtentry$$00000004          0x080001fc   Section        6  __rtentry4.o(.ARM.Collect$$rtentry$$00000004)
    .ARM.Collect$$rtentry$$00000009          0x08000202   Section        0  __rtentry2.o(.ARM.Collect$$rtentry$$00000009)
    .ARM.Collect$$rtentry$$0000000A          0x08000202   Section        4  __rtentry2.o(.ARM.Collect$$rtentry$$0000000A)
    .ARM.Collect$$rtentry$$0000000C          0x08000206   Section        0  __rtentry2.o(.ARM.Collect$$rtentry$$0000000C)
    .ARM.Collect$$rtentry$$0000000D          0x08000206   Section        8  __rtentry2.o(.ARM.Collect$$rtentry$$0000000D)
    .ARM.Collect$$rtexit$$00000000           0x0800020e   Section        2  rtexit.o(.ARM.Collect$$rtexit$$00000000)
    .ARM.Collect$$rtexit$$00000002           0x08000210   Section        0  rtexit2.o(.ARM.Collect$$rtexit$$00000002)
    .ARM.Collect$$rtexit$$00000003           0x08000210   Section        4  rtexit2.o(.ARM.Collect$$rtexit$$00000003)
    .ARM.Collect$$rtexit$$00000004           0x08000214   Section        6  rtexit2.o(.ARM.Collect$$rtexit$$00000004)
    $v0                                      0x0800021c   Number         0  startup_stm32f411xe.o(.text)
    .text                                    0x0800021c   Section       64  startup_stm32f411xe.o(.text)
    .text                                    0x0800025c   Section        0  heapauxi.o(.text)
    .text                                    0x08000262   Section       74  sys_stackheap_outer.o(.text)
    .text                                    0x080002ac   Section        0  exit.o(.text)
    .text                                    0x080002c0   Section        8  libspace.o(.text)
    .text                                    0x080002c8   Section        0  sys_exit.o(.text)
    .text                                    0x080002d4   Section        2  use_no_semi.o(.text)
    .text                                    0x080002d6   Section        0  indicate_semi.o(.text)
    [Anonymous Symbol]                       0x080002d8   Section        0  clock.o(.text.AHBClokSpeed)
    [Anonymous Symbol]                       0x08000334   Section        0  clock.o(.text.APB1ClockSpeed)
    [Anonymous Symbol]                       0x08000390   Section        0  clock.o(.text.APB2ClockSpeed)
    [Anonymous Symbol]                       0x080003ec   Section        0  clock.o(.text.Clk_STM32F411_100Mhz)
    [Anonymous Symbol]                       0x08000430   Section        0  clock.o(.text.ClockHseOn)
    [Anonymous Symbol]                       0x08000458   Section        0  clock.o(.text.ClockMCO1)
    [Anonymous Symbol]                       0x080004a8   Section        0  clock.o(.text.ClockPll)
    [Anonymous Symbol]                       0x0800053c   Section        0  clock.o(.text.ClockPllOn)
    [Anonymous Symbol]                       0x08000564   Section        0  clock.o(.text.ClockSpeedSetHSE)
    [Anonymous Symbol]                       0x08000738   Section        0  clock.o(.text.ClockSysSpeed)
    [Anonymous Symbol]                       0x0800078c   Section        0  gpio.o(.text.GPIOPortInit)
    [Anonymous Symbol]                       0x080007b0   Section        0  gpio.o(.text.PinModeAF)
    [Anonymous Symbol]                       0x080007c4   Section        0  gpio.o(.text.PinModeOut)
    [Anonymous Symbol]                       0x080007d8   Section        0  gpio.o(.text.PinModeSet)
    [Anonymous Symbol]                       0x0800083c   Section        0  gpio.o(.text.PinOutputSet)
    [Anonymous Symbol]                       0x080008b8   Section        0  system_stm32f4xx.o(.text.SystemInit)
    [Anonymous Symbol]                       0x08000928   Section        0  gpio.o(.text.get_GPIO)
    [Anonymous Symbol]                       0x08000994   Section        0  main.o(.text.main)
    $v0                                      0x080009f4   Number         0  fpinit.o(x$fpl$fpinit)
    x$fpl$fpinit                             0x080009f4   Section       26  fpinit.o(x$fpl$fpinit)
    .bss                                     0x20000000   Section       96  libspace.o(.bss)
    Heap_Mem                                 0x20000078   Data         512  startup_stm32f411xe.o(HEAP)
    HEAP                                     0x20000078   Section      512  startup_stm32f411xe.o(HEAP)
    Stack_Mem                                0x20000278   Data        1024  startup_stm32f411xe.o(STACK)
    STACK                                    0x20000278   Section     1024  startup_stm32f411xe.o(STACK)
    __initial_sp                             0x20000678   Data           0  startup_stm32f411xe.o(STACK)

    Global Symbols

    Symbol Name                              Value     Ov Type        Size  Object(Section)

    BuildAttributes$$THM_ISAv4$E$P$D$K$B$S$7EM$VFPi3$EXTD16$VFPS$VFMA$PE$A:L22UL41UL21$X:L11$S22US41US21$IEEE1$IW$~IW$USESV6$~STKCKD$USESV7$~SHL$OSPACE$ROPI$EBA8$UX$STANDARDLIB$REQ8$PRES8$EABIv2 0x00000000   Number         0  anon$$obj.o ABSOLUTE
    __ARM_exceptions_init                     - Undefined Weak Reference
    __alloca_initialize                       - Undefined Weak Reference
    __arm_preinit_                            - Undefined Weak Reference
    __arm_relocate_pie_                       - Undefined Weak Reference
    __cpp_initialize__aeabi_                  - Undefined Weak Reference
    __cxa_finalize                            - Undefined Weak Reference
    __rt_locale                               - Undefined Weak Reference
    __sigvec_lookup                           - Undefined Weak Reference
    _atexit_init                              - Undefined Weak Reference
    _call_atexit_fns                          - Undefined Weak Reference
    _clock_init                               - Undefined Weak Reference
    _fp_trap_init                             - Undefined Weak Reference
    _fp_trap_shutdown                         - Undefined Weak Reference
    _get_lc_collate                           - Undefined Weak Reference
    _get_lc_ctype                             - Undefined Weak Reference
    _get_lc_monetary                          - Undefined Weak Reference
    _get_lc_numeric                           - Undefined Weak Reference
    _get_lc_time                              - Undefined Weak Reference
    _getenv_init                              - Undefined Weak Reference
    _handle_redirection                       - Undefined Weak Reference
    _init_alloc                               - Undefined Weak Reference
    _init_user_alloc                          - Undefined Weak Reference
    _initio                                   - Undefined Weak Reference
    _rand_init                                - Undefined Weak Reference
    _signal_finish                            - Undefined Weak Reference
    _signal_init                              - Undefined Weak Reference
    _terminate_alloc                          - Undefined Weak Reference
    _terminate_user_alloc                     - Undefined Weak Reference
    _terminateio                              - Undefined Weak Reference
    __Vectors_Size                           0x00000198   Number         0  startup_stm32f411xe.o ABSOLUTE
    __Vectors                                0x08000000   Data           4  startup_stm32f411xe.o(RESET)
    __Vectors_End                            0x08000198   Data           0  startup_stm32f411xe.o(RESET)
    __main                                   0x08000199   Thumb Code     8  __main.o(!!!main)
    __scatterload                            0x080001a1   Thumb Code     0  __scatter.o(!!!scatter)
    __scatterload_rt2                        0x080001a1   Thumb Code    44  __scatter.o(!!!scatter)
    __scatterload_rt2_thumb_only             0x080001a1   Thumb Code     0  __scatter.o(!!!scatter)
    __scatterload_null                       0x080001af   Thumb Code     0  __scatter.o(!!!scatter)
    __scatterload_zeroinit                   0x080001d5   Thumb Code    28  __scatter_zi.o(!!handler_zi)
    __rt_lib_init                            0x080001f1   Thumb Code     0  libinit.o(.ARM.Collect$$libinit$$00000000)
    __rt_lib_init_fp_1                       0x080001f3   Thumb Code     0  libinit2.o(.ARM.Collect$$libinit$$00000001)
    __rt_lib_init_alloca_1                   0x080001f7   Thumb Code     0  libinit2.o(.ARM.Collect$$libinit$$00000030)
    __rt_lib_init_argv_1                     0x080001f7   Thumb Code     0  libinit2.o(.ARM.Collect$$libinit$$0000002E)
    __rt_lib_init_atexit_1                   0x080001f7   Thumb Code     0  libinit2.o(.ARM.Collect$$libinit$$0000001D)
    __rt_lib_init_clock_1                    0x080001f7   Thumb Code     0  libinit2.o(.ARM.Collect$$libinit$$00000023)
    __rt_lib_init_cpp_1                      0x080001f7   Thumb Code     0  libinit2.o(.ARM.Collect$$libinit$$00000034)
    __rt_lib_init_exceptions_1               0x080001f7   Thumb Code     0  libinit2.o(.ARM.Collect$$libinit$$00000032)
    __rt_lib_init_fp_trap_1                  0x080001f7   Thumb Code     0  libinit2.o(.ARM.Collect$$libinit$$00000021)
    __rt_lib_init_getenv_1                   0x080001f7   Thumb Code     0  libinit2.o(.ARM.Collect$$libinit$$00000025)
    __rt_lib_init_heap_1                     0x080001f7   Thumb Code     0  libinit2.o(.ARM.Collect$$libinit$$0000000C)
    __rt_lib_init_lc_collate_1               0x080001f7   Thumb Code     0  libinit2.o(.ARM.Collect$$libinit$$00000013)
    __rt_lib_init_lc_ctype_1                 0x080001f7   Thumb Code     0  libinit2.o(.ARM.Collect$$libinit$$00000015)
    __rt_lib_init_lc_monetary_1              0x080001f7   Thumb Code     0  libinit2.o(.ARM.Collect$$libinit$$00000017)
    __rt_lib_init_lc_numeric_1               0x080001f7   Thumb Code     0  libinit2.o(.ARM.Collect$$libinit$$00000019)
    __rt_lib_init_lc_time_1                  0x080001f7   Thumb Code     0  libinit2.o(.ARM.Collect$$libinit$$0000001B)
    __rt_lib_init_preinit_1                  0x080001f7   Thumb Code     0  libinit2.o(.ARM.Collect$$libinit$$00000006)
    __rt_lib_init_rand_1                     0x080001f7   Thumb Code     0  libinit2.o(.ARM.Collect$$libinit$$00000010)
    __rt_lib_init_relocate_pie_1             0x080001f7   Thumb Code     0  libinit2.o(.ARM.Collect$$libinit$$00000004)
    __rt_lib_init_return                     0x080001f7   Thumb Code     0  libinit2.o(.ARM.Collect$$libinit$$00000035)
    __rt_lib_init_signal_1                   0x080001f7   Thumb Code     0  libinit2.o(.ARM.Collect$$libinit$$0000001F)
    __rt_lib_init_stdio_1                    0x080001f7   Thumb Code     0  libinit2.o(.ARM.Collect$$libinit$$00000027)
    __rt_lib_init_user_alloc_1               0x080001f7   Thumb Code     0  libinit2.o(.ARM.Collect$$libinit$$0000000E)
    __rt_lib_shutdown                        0x080001f9   Thumb Code     0  libshutdown.o(.ARM.Collect$$libshutdown$$00000000)
    __rt_lib_shutdown_cpp_1                  0x080001fb   Thumb Code     0  libshutdown2.o(.ARM.Collect$$libshutdown$$00000002)
    __rt_lib_shutdown_fp_trap_1              0x080001fb   Thumb Code     0  libshutdown2.o(.ARM.Collect$$libshutdown$$00000007)
    __rt_lib_shutdown_heap_1                 0x080001fb   Thumb Code     0  libshutdown2.o(.ARM.Collect$$libshutdown$$0000000F)
    __rt_lib_shutdown_return                 0x080001fb   Thumb Code     0  libshutdown2.o(.ARM.Collect$$libshutdown$$00000010)
    __rt_lib_shutdown_signal_1               0x080001fb   Thumb Code     0  libshutdown2.o(.ARM.Collect$$libshutdown$$0000000A)
    __rt_lib_shutdown_stdio_1                0x080001fb   Thumb Code     0  libshutdown2.o(.ARM.Collect$$libshutdown$$00000004)
    __rt_lib_shutdown_user_alloc_1           0x080001fb   Thumb Code     0  libshutdown2.o(.ARM.Collect$$libshutdown$$0000000C)
    __rt_entry                               0x080001fd   Thumb Code     0  __rtentry.o(.ARM.Collect$$rtentry$$00000000)
    __rt_entry_presh_1                       0x080001fd   Thumb Code     0  __rtentry2.o(.ARM.Collect$$rtentry$$00000002)
    __rt_entry_sh                            0x080001fd   Thumb Code     0  __rtentry4.o(.ARM.Collect$$rtentry$$00000004)
    __rt_entry_li                            0x08000203   Thumb Code     0  __rtentry2.o(.ARM.Collect$$rtentry$$0000000A)
    __rt_entry_postsh_1                      0x08000203   Thumb Code     0  __rtentry2.o(.ARM.Collect$$rtentry$$00000009)
    __rt_entry_main                          0x08000207   Thumb Code     0  __rtentry2.o(.ARM.Collect$$rtentry$$0000000D)
    __rt_entry_postli_1                      0x08000207   Thumb Code     0  __rtentry2.o(.ARM.Collect$$rtentry$$0000000C)
    __rt_exit                                0x0800020f   Thumb Code     0  rtexit.o(.ARM.Collect$$rtexit$$00000000)
    __rt_exit_ls                             0x08000211   Thumb Code     0  rtexit2.o(.ARM.Collect$$rtexit$$00000003)
    __rt_exit_prels_1                        0x08000211   Thumb Code     0  rtexit2.o(.ARM.Collect$$rtexit$$00000002)
    __rt_exit_exit                           0x08000215   Thumb Code     0  rtexit2.o(.ARM.Collect$$rtexit$$00000004)
    Reset_Handler                            0x0800021d   Thumb Code     8  startup_stm32f411xe.o(.text)
    NMI_Handler                              0x08000225   Thumb Code     2  startup_stm32f411xe.o(.text)
    HardFault_Handler                        0x08000227   Thumb Code     2  startup_stm32f411xe.o(.text)
    MemManage_Handler                        0x08000229   Thumb Code     2  startup_stm32f411xe.o(.text)
    BusFault_Handler                         0x0800022b   Thumb Code     2  startup_stm32f411xe.o(.text)
    UsageFault_Handler                       0x0800022d   Thumb Code     2  startup_stm32f411xe.o(.text)
    SVC_Handler                              0x0800022f   Thumb Code     2  startup_stm32f411xe.o(.text)
    DebugMon_Handler                         0x08000231   Thumb Code     2  startup_stm32f411xe.o(.text)
    PendSV_Handler                           0x08000233   Thumb Code     2  startup_stm32f411xe.o(.text)
    SysTick_Handler                          0x08000235   Thumb Code     2  startup_stm32f411xe.o(.text)
    ADC_IRQHandler                           0x08000237   Thumb Code     0  startup_stm32f411xe.o(.text)
    DMA1_Stream0_IRQHandler                  0x08000237   Thumb Code     0  startup_stm32f411xe.o(.text)
    DMA1_Stream1_IRQHandler                  0x08000237   Thumb Code     0  startup_stm32f411xe.o(.text)
    DMA1_Stream2_IRQHandler                  0x08000237   Thumb Code     0  startup_stm32f411xe.o(.text)
    DMA1_Stream3_IRQHandler                  0x08000237   Thumb Code     0  startup_stm32f411xe.o(.text)
    DMA1_Stream4_IRQHandler                  0x08000237   Thumb Code     0  startup_stm32f411xe.o(.text)
    DMA1_Stream5_IRQHandler                  0x08000237   Thumb Code     0  startup_stm32f411xe.o(.text)
    DMA1_Stream6_IRQHandler                  0x08000237   Thumb Code     0  startup_stm32f411xe.o(.text)
    DMA1_Stream7_IRQHandler                  0x08000237   Thumb Code     0  startup_stm32f411xe.o(.text)
    DMA2_Stream0_IRQHandler                  0x08000237   Thumb Code     0  startup_stm32f411xe.o(.text)
    DMA2_Stream1_IRQHandler                  0x08000237   Thumb Code     0  startup_stm32f411xe.o(.text)
    DMA2_Stream2_IRQHandler                  0x08000237   Thumb Code     0  startup_stm32f411xe.o(.text)
    DMA2_Stream3_IRQHandler                  0x08000237   Thumb Code     0  startup_stm32f411xe.o(.text)
    DMA2_Stream4_IRQHandler                  0x08000237   Thumb Code     0  startup_stm32f411xe.o(.text)
    DMA2_Stream5_IRQHandler                  0x08000237   Thumb Code     0  startup_stm32f411xe.o(.text)
    DMA2_Stream6_IRQHandler                  0x08000237   Thumb Code     0  startup_stm32f411xe.o(.text)
    DMA2_Stream7_IRQHandler                  0x08000237   Thumb Code     0  startup_stm32f411xe.o(.text)
    EXTI0_IRQHandler                         0x08000237   Thumb Code     0  startup_stm32f411xe.o(.text)
    EXTI15_10_IRQHandler                     0x08000237   Thumb Code     0  startup_stm32f411xe.o(.text)
    EXTI1_IRQHandler                         0x08000237   Thumb Code     0  startup_stm32f411xe.o(.text)
    EXTI2_IRQHandler                         0x08000237   Thumb Code     0  startup_stm32f411xe.o(.text)
    EXTI3_IRQHandler                         0x08000237   Thumb Code     0  startup_stm32f411xe.o(.text)
    EXTI4_IRQHandler                         0x08000237   Thumb Code     0  startup_stm32f411xe.o(.text)
    EXTI9_5_IRQHandler                       0x08000237   Thumb Code     0  startup_stm32f411xe.o(.text)
    FLASH_IRQHandler                         0x08000237   Thumb Code     0  startup_stm32f411xe.o(.text)
    FPU_IRQHandler                           0x08000237   Thumb Code     0  startup_stm32f411xe.o(.text)
    I2C1_ER_IRQHandler                       0x08000237   Thumb Code     0  startup_stm32f411xe.o(.text)
    I2C1_EV_IRQHandler                       0x08000237   Thumb Code     0  startup_stm32f411xe.o(.text)
    I2C2_ER_IRQHandler                       0x08000237   Thumb Code     0  startup_stm32f411xe.o(.text)
    I2C2_EV_IRQHandler                       0x08000237   Thumb Code     0  startup_stm32f411xe.o(.text)
    I2C3_ER_IRQHandler                       0x08000237   Thumb Code     0  startup_stm32f411xe.o(.text)
    I2C3_EV_IRQHandler                       0x08000237   Thumb Code     0  startup_stm32f411xe.o(.text)
    OTG_FS_IRQHandler                        0x08000237   Thumb Code     0  startup_stm32f411xe.o(.text)
    OTG_FS_WKUP_IRQHandler                   0x08000237   Thumb Code     0  startup_stm32f411xe.o(.text)
    PVD_IRQHandler                           0x08000237   Thumb Code     0  startup_stm32f411xe.o(.text)
    RCC_IRQHandler                           0x08000237   Thumb Code     0  startup_stm32f411xe.o(.text)
    RTC_Alarm_IRQHandler                     0x08000237   Thumb Code     0  startup_stm32f411xe.o(.text)
    RTC_WKUP_IRQHandler                      0x08000237   Thumb Code     0  startup_stm32f411xe.o(.text)
    SDIO_IRQHandler                          0x08000237   Thumb Code     0  startup_stm32f411xe.o(.text)
    SPI1_IRQHandler                          0x08000237   Thumb Code     0  startup_stm32f411xe.o(.text)
    SPI2_IRQHandler                          0x08000237   Thumb Code     0  startup_stm32f411xe.o(.text)
    SPI3_IRQHandler                          0x08000237   Thumb Code     0  startup_stm32f411xe.o(.text)
    SPI4_IRQHandler                          0x08000237   Thumb Code     0  startup_stm32f411xe.o(.text)
    SPI5_IRQHandler                          0x08000237   Thumb Code     0  startup_stm32f411xe.o(.text)
    TAMP_STAMP_IRQHandler                    0x08000237   Thumb Code     0  startup_stm32f411xe.o(.text)
    TIM1_BRK_TIM9_IRQHandler                 0x08000237   Thumb Code     0  startup_stm32f411xe.o(.text)
    TIM1_CC_IRQHandler                       0x08000237   Thumb Code     0  startup_stm32f411xe.o(.text)
    TIM1_TRG_COM_TIM11_IRQHandler            0x08000237   Thumb Code     0  startup_stm32f411xe.o(.text)
    TIM1_UP_TIM10_IRQHandler                 0x08000237   Thumb Code     0  startup_stm32f411xe.o(.text)
    TIM2_IRQHandler                          0x08000237   Thumb Code     0  startup_stm32f411xe.o(.text)
    TIM3_IRQHandler                          0x08000237   Thumb Code     0  startup_stm32f411xe.o(.text)
    TIM4_IRQHandler                          0x08000237   Thumb Code     0  startup_stm32f411xe.o(.text)
    TIM5_IRQHandler                          0x08000237   Thumb Code     0  startup_stm32f411xe.o(.text)
    USART1_IRQHandler                        0x08000237   Thumb Code     0  startup_stm32f411xe.o(.text)
    USART2_IRQHandler                        0x08000237   Thumb Code     0  startup_stm32f411xe.o(.text)
    USART6_IRQHandler                        0x08000237   Thumb Code     0  startup_stm32f411xe.o(.text)
    WWDG_IRQHandler                          0x08000237   Thumb Code     0  startup_stm32f411xe.o(.text)
    __user_initial_stackheap                 0x08000239   Thumb Code     0  startup_stm32f411xe.o(.text)
    __use_two_region_memory                  0x0800025d   Thumb Code     2  heapauxi.o(.text)
    __rt_heap_escrow$2region                 0x0800025f   Thumb Code     2  heapauxi.o(.text)
    __rt_heap_expand$2region                 0x08000261   Thumb Code     2  heapauxi.o(.text)
    __user_setup_stackheap                   0x08000263   Thumb Code    74  sys_stackheap_outer.o(.text)
    exit                                     0x080002ad   Thumb Code    18  exit.o(.text)
    __user_libspace                          0x080002c1   Thumb Code     8  libspace.o(.text)
    __user_perproc_libspace                  0x080002c1   Thumb Code     0  libspace.o(.text)
    __user_perthread_libspace                0x080002c1   Thumb Code     0  libspace.o(.text)
    _sys_exit                                0x080002c9   Thumb Code     8  sys_exit.o(.text)
    __I$use$semihosting                      0x080002d5   Thumb Code     0  use_no_semi.o(.text)
    __use_no_semihosting_swi                 0x080002d5   Thumb Code     2  use_no_semi.o(.text)
    __semihosting_library_function           0x080002d7   Thumb Code     0  indicate_semi.o(.text)
    AHBClokSpeed                             0x080002d9   Thumb Code    92  clock.o(.text.AHBClokSpeed)
    APB1ClockSpeed                           0x08000335   Thumb Code    92  clock.o(.text.APB1ClockSpeed)
    APB2ClockSpeed                           0x08000391   Thumb Code    92  clock.o(.text.APB2ClockSpeed)
    Clk_STM32F411_100Mhz                     0x080003ed   Thumb Code    66  clock.o(.text.Clk_STM32F411_100Mhz)
    ClockHseOn                               0x08000431   Thumb Code    40  clock.o(.text.ClockHseOn)
    ClockMCO1                                0x08000459   Thumb Code    78  clock.o(.text.ClockMCO1)
    ClockPll                                 0x080004a9   Thumb Code   146  clock.o(.text.ClockPll)
    ClockPllOn                               0x0800053d   Thumb Code    40  clock.o(.text.ClockPllOn)
    ClockSpeedSetHSE                         0x08000565   Thumb Code   466  clock.o(.text.ClockSpeedSetHSE)
    ClockSysSpeed                            0x08000739   Thumb Code    84  clock.o(.text.ClockSysSpeed)
    GPIOPortInit                             0x0800078d   Thumb Code    34  gpio.o(.text.GPIOPortInit)
    PinModeAF                                0x080007b1   Thumb Code    18  gpio.o(.text.PinModeAF)
    PinModeOut                               0x080007c5   Thumb Code    18  gpio.o(.text.PinModeOut)
    PinModeSet                               0x080007d9   Thumb Code    98  gpio.o(.text.PinModeSet)
    PinOutputSet                             0x0800083d   Thumb Code   122  gpio.o(.text.PinOutputSet)
    SystemInit                               0x080008b9   Thumb Code   110  system_stm32f4xx.o(.text.SystemInit)
    get_GPIO                                 0x08000929   Thumb Code   108  gpio.o(.text.get_GPIO)
    main                                     0x08000995   Thumb Code    96  main.o(.text.main)
    _fp_init                                 0x080009f5   Thumb Code    26  fpinit.o(x$fpl$fpinit)
    __fplib_config_fpu_vfp                   0x08000a0d   Thumb Code     0  fpinit.o(x$fpl$fpinit)
    __fplib_config_pureend_doubles           0x08000a0d   Thumb Code     0  fpinit.o(x$fpl$fpinit)
    Region$$Table$$Base                      0x08000a10   Number         0  anon$$obj.o(Region$$Table)
    Region$$Table$$Limit                     0x08000a20   Number         0  anon$$obj.o(Region$$Table)
    __libspace_start                         0x20000000   Data          96  libspace.o(.bss)
    AHB                                      0x20000060   Data           4  main.o(.bss.AHB)
    __temporary_stack_top$libspace           0x20000060   Data           0  libspace.o(.bss)
    APB1                                     0x20000064   Data           4  main.o(.bss.APB1)
    APB2                                     0x20000068   Data           4  main.o(.bss.APB2)
    SysCLK                                   0x2000006c   Data           4  main.o(.bss.SysCLK)
    pll_value                                0x20000070   Data           4  main.o(.bss.pll_value)



==============================================================================

Memory Map of the image

  Image Entry point : 0x0800021d

  Load Region LR_1 (Base: 0x08000000, Size: 0x00000a20, Max: 0xffffffff, ABSOLUTE)

    Execution Region ER_RO (Exec base: 0x08000000, Load base: 0x08000000, Size: 0x00000a20, Max: 0xffffffff, ABSOLUTE)

    Exec Addr    Load Addr    Size         Type   Attr      Idx    E Section Name        Object

    0x08000000   0x08000000   0x00000198   Data   RO          111    RESET               startup_stm32f411xe.o
    0x08000198   0x08000198   0x00000008   Code   RO          136  * !!!main             c_w.l(__main.o)
    0x080001a0   0x080001a0   0x00000034   Code   RO          301    !!!scatter          c_w.l(__scatter.o)
    0x080001d4   0x080001d4   0x0000001c   Code   RO          303    !!handler_zi        c_w.l(__scatter_zi.o)
    0x080001f0   0x080001f0   0x00000002   Code   RO          163    .ARM.Collect$$libinit$$00000000  c_w.l(libinit.o)
    0x080001f2   0x080001f2   0x00000004   Code   RO          169    .ARM.Collect$$libinit$$00000001  c_w.l(libinit2.o)
    0x080001f6   0x080001f6   0x00000000   Code   RO          172    .ARM.Collect$$libinit$$00000004  c_w.l(libinit2.o)
    0x080001f6   0x080001f6   0x00000000   Code   RO          174    .ARM.Collect$$libinit$$00000006  c_w.l(libinit2.o)
    0x080001f6   0x080001f6   0x00000000   Code   RO          177    .ARM.Collect$$libinit$$0000000C  c_w.l(libinit2.o)
    0x080001f6   0x080001f6   0x00000000   Code   RO          179    .ARM.Collect$$libinit$$0000000E  c_w.l(libinit2.o)
    0x080001f6   0x080001f6   0x00000000   Code   RO          181    .ARM.Collect$$libinit$$00000010  c_w.l(libinit2.o)
    0x080001f6   0x080001f6   0x00000000   Code   RO          184    .ARM.Collect$$libinit$$00000013  c_w.l(libinit2.o)
    0x080001f6   0x080001f6   0x00000000   Code   RO          186    .ARM.Collect$$libinit$$00000015  c_w.l(libinit2.o)
    0x080001f6   0x080001f6   0x00000000   Code   RO          188    .ARM.Collect$$libinit$$00000017  c_w.l(libinit2.o)
    0x080001f6   0x080001f6   0x00000000   Code   RO          190    .ARM.Collect$$libinit$$00000019  c_w.l(libinit2.o)
    0x080001f6   0x080001f6   0x00000000   Code   RO          192    .ARM.Collect$$libinit$$0000001B  c_w.l(libinit2.o)
    0x080001f6   0x080001f6   0x00000000   Code   RO          194    .ARM.Collect$$libinit$$0000001D  c_w.l(libinit2.o)
    0x080001f6   0x080001f6   0x00000000   Code   RO          196    .ARM.Collect$$libinit$$0000001F  c_w.l(libinit2.o)
    0x080001f6   0x080001f6   0x00000000   Code   RO          198    .ARM.Collect$$libinit$$00000021  c_w.l(libinit2.o)
    0x080001f6   0x080001f6   0x00000000   Code   RO          200    .ARM.Collect$$libinit$$00000023  c_w.l(libinit2.o)
    0x080001f6   0x080001f6   0x00000000   Code   RO          202    .ARM.Collect$$libinit$$00000025  c_w.l(libinit2.o)
    0x080001f6   0x080001f6   0x00000000   Code   RO          204    .ARM.Collect$$libinit$$00000027  c_w.l(libinit2.o)
    0x080001f6   0x080001f6   0x00000000   Code   RO          208    .ARM.Collect$$libinit$$0000002E  c_w.l(libinit2.o)
    0x080001f6   0x080001f6   0x00000000   Code   RO          210    .ARM.Collect$$libinit$$00000030  c_w.l(libinit2.o)
    0x080001f6   0x080001f6   0x00000000   Code   RO          212    .ARM.Collect$$libinit$$00000032  c_w.l(libinit2.o)
    0x080001f6   0x080001f6   0x00000000   Code   RO          214    .ARM.Collect$$libinit$$00000034  c_w.l(libinit2.o)
    0x080001f6   0x080001f6   0x00000002   Code   RO          215    .ARM.Collect$$libinit$$00000035  c_w.l(libinit2.o)
    0x080001f8   0x080001f8   0x00000002   Code   RO          237    .ARM.Collect$$libshutdown$$00000000  c_w.l(libshutdown.o)
    0x080001fa   0x080001fa   0x00000000   Code   RO          252    .ARM.Collect$$libshutdown$$00000002  c_w.l(libshutdown2.o)
    0x080001fa   0x080001fa   0x00000000   Code   RO          254    .ARM.Collect$$libshutdown$$00000004  c_w.l(libshutdown2.o)
    0x080001fa   0x080001fa   0x00000000   Code   RO          257    .ARM.Collect$$libshutdown$$00000007  c_w.l(libshutdown2.o)
    0x080001fa   0x080001fa   0x00000000   Code   RO          260    .ARM.Collect$$libshutdown$$0000000A  c_w.l(libshutdown2.o)
    0x080001fa   0x080001fa   0x00000000   Code   RO          262    .ARM.Collect$$libshutdown$$0000000C  c_w.l(libshutdown2.o)
    0x080001fa   0x080001fa   0x00000000   Code   RO          265    .ARM.Collect$$libshutdown$$0000000F  c_w.l(libshutdown2.o)
    0x080001fa   0x080001fa   0x00000002   Code   RO          266    .ARM.Collect$$libshutdown$$00000010  c_w.l(libshutdown2.o)
    0x080001fc   0x080001fc   0x00000000   Code   RO          138    .ARM.Collect$$rtentry$$00000000  c_w.l(__rtentry.o)
    0x080001fc   0x080001fc   0x00000000   Code   RO          140    .ARM.Collect$$rtentry$$00000002  c_w.l(__rtentry2.o)
    0x080001fc   0x080001fc   0x00000006   Code   RO          152    .ARM.Collect$$rtentry$$00000004  c_w.l(__rtentry4.o)
    0x08000202   0x08000202   0x00000000   Code   RO          142    .ARM.Collect$$rtentry$$00000009  c_w.l(__rtentry2.o)
    0x08000202   0x08000202   0x00000004   Code   RO          143    .ARM.Collect$$rtentry$$0000000A  c_w.l(__rtentry2.o)
    0x08000206   0x08000206   0x00000000   Code   RO          145    .ARM.Collect$$rtentry$$0000000C  c_w.l(__rtentry2.o)
    0x08000206   0x08000206   0x00000008   Code   RO          146    .ARM.Collect$$rtentry$$0000000D  c_w.l(__rtentry2.o)
    0x0800020e   0x0800020e   0x00000002   Code   RO          167    .ARM.Collect$$rtexit$$00000000  c_w.l(rtexit.o)
    0x08000210   0x08000210   0x00000000   Code   RO          217    .ARM.Collect$$rtexit$$00000002  c_w.l(rtexit2.o)
    0x08000210   0x08000210   0x00000004   Code   RO          218    .ARM.Collect$$rtexit$$00000003  c_w.l(rtexit2.o)
    0x08000214   0x08000214   0x00000006   Code   RO          219    .ARM.Collect$$rtexit$$00000004  c_w.l(rtexit2.o)
    0x0800021a   0x0800021a   0x00000002   PAD
    0x0800021c   0x0800021c   0x00000040   Code   RO          112  * .text               startup_stm32f411xe.o
    0x0800025c   0x0800025c   0x00000006   Code   RO          134    .text               c_w.l(heapauxi.o)
    0x08000262   0x08000262   0x0000004a   Code   RO          154    .text               c_w.l(sys_stackheap_outer.o)
    0x080002ac   0x080002ac   0x00000012   Code   RO          156    .text               c_w.l(exit.o)
    0x080002be   0x080002be   0x00000002   PAD
    0x080002c0   0x080002c0   0x00000008   Code   RO          164    .text               c_w.l(libspace.o)
    0x080002c8   0x080002c8   0x0000000c   Code   RO          227    .text               c_w.l(sys_exit.o)
    0x080002d4   0x080002d4   0x00000002   Code   RO          242    .text               c_w.l(use_no_semi.o)
    0x080002d6   0x080002d6   0x00000000   Code   RO          244    .text               c_w.l(indicate_semi.o)
    0x080002d6   0x080002d6   0x00000002   PAD
    0x080002d8   0x080002d8   0x0000005c   Code   RO           91    .text.AHBClokSpeed  clock.o
    0x08000334   0x08000334   0x0000005c   Code   RO           93    .text.APB1ClockSpeed  clock.o
    0x08000390   0x08000390   0x0000005c   Code   RO           95    .text.APB2ClockSpeed  clock.o
    0x080003ec   0x080003ec   0x00000042   Code   RO          101    .text.Clk_STM32F411_100Mhz  clock.o
    0x0800042e   0x0800042e   0x00000002   PAD
    0x08000430   0x08000430   0x00000028   Code   RO           75    .text.ClockHseOn    clock.o
    0x08000458   0x08000458   0x0000004e   Code   RO           83    .text.ClockMCO1     clock.o
    0x080004a6   0x080004a6   0x00000002   PAD
    0x080004a8   0x080004a8   0x00000092   Code   RO           87    .text.ClockPll      clock.o
    0x0800053a   0x0800053a   0x00000002   PAD
    0x0800053c   0x0800053c   0x00000028   Code   RO           79    .text.ClockPllOn    clock.o
    0x08000564   0x08000564   0x000001d2   Code   RO           97    .text.ClockSpeedSetHSE  clock.o
    0x08000736   0x08000736   0x00000002   PAD
    0x08000738   0x08000738   0x00000054   Code   RO           89    .text.ClockSysSpeed  clock.o
    0x0800078c   0x0800078c   0x00000022   Code   RO           16    .text.GPIOPortInit  gpio.o
    0x080007ae   0x080007ae   0x00000002   PAD
    0x080007b0   0x080007b0   0x00000012   Code   RO           26    .text.PinModeAF     gpio.o
    0x080007c2   0x080007c2   0x00000002   PAD
    0x080007c4   0x080007c4   0x00000012   Code   RO           22    .text.PinModeOut    gpio.o
    0x080007d6   0x080007d6   0x00000002   PAD
    0x080007d8   0x080007d8   0x00000062   Code   RO           20    .text.PinModeSet    gpio.o
    0x0800083a   0x0800083a   0x00000002   PAD
    0x0800083c   0x0800083c   0x0000007a   Code   RO           28    .text.PinOutputSet  gpio.o
    0x080008b6   0x080008b6   0x00000002   PAD
    0x080008b8   0x080008b8   0x0000006e   Code   RO          119    .text.SystemInit    system_stm32f4xx.o
    0x08000926   0x08000926   0x00000002   PAD
    0x08000928   0x08000928   0x0000006c   Code   RO           18    .text.get_GPIO      gpio.o
    0x08000994   0x08000994   0x00000060   Code   RO            2    .text.main          main.o
    0x080009f4   0x080009f4   0x0000001a   Code   RO          225    x$fpl$fpinit        fz_wm.l(fpinit.o)
    0x08000a0e   0x08000a0e   0x00000002   PAD
    0x08000a10   0x08000a10   0x00000010   Data   RO          300    Region$$Table       anon$$obj.o


    Execution Region ER_RW (Exec base: 0x20000000, Load base: 0x08000a20, Size: 0x00000000, Max: 0xffffffff, ABSOLUTE)

    **** No section assigned to this execution region ****


    Execution Region ER_ZI (Exec base: 0x20000000, Load base: 0x08000a20, Size: 0x00000678, Max: 0xffffffff, ABSOLUTE)

    Exec Addr    Load Addr    Size         Type   Attr      Idx    E Section Name        Object

    0x20000000        -       0x00000060   Zero   RW          165    .bss                c_w.l(libspace.o)
    0x20000060        -       0x00000004   Zero   RW            6    .bss.AHB            main.o
    0x20000064        -       0x00000004   Zero   RW            7    .bss.APB1           main.o
    0x20000068        -       0x00000004   Zero   RW            8    .bss.APB2           main.o
    0x2000006c        -       0x00000004   Zero   RW            5    .bss.SysCLK         main.o
    0x20000070        -       0x00000004   Zero   RW            4    .bss.pll_value      main.o
    0x20000074   0x08000a20   0x00000004   PAD
    0x20000078        -       0x00000200   Zero   RW          110    HEAP                startup_stm32f411xe.o
    0x20000278        -       0x00000400   Zero   RW          109    STACK               startup_stm32f411xe.o


==============================================================================

Image component sizes


      Code (inc. data)   RO Data    RW Data    ZI Data      Debug   Object Name

      1196          0          0          0          0       5241   clock.o
       398          8          0          0          0       8748   gpio.o
        96          0          0          0         20        543   main.o
        64         26        408          0       1536        900   startup_stm32f411xe.o
       110          0          0          0          0       2698   system_stm32f4xx.o

    ----------------------------------------------------------------------
      1884         34        424          0       1560      18130   Object Totals
         0          0         16          0          0          0   (incl. Generated)
        20          0          0          0          4          0   (incl. Padding)

    ----------------------------------------------------------------------

      Code (inc. data)   RO Data    RW Data    ZI Data      Debug   Library Member Name

         8          0          0          0          0         68   __main.o
         0          0          0          0          0          0   __rtentry.o
        12          0          0          0          0          0   __rtentry2.o
         6          0          0          0          0          0   __rtentry4.o
        52          8          0          0          0          0   __scatter.o
        28          0          0          0          0          0   __scatter_zi.o
        18          0          0          0          0         80   exit.o
         6          0          0          0          0        152   heapauxi.o
         0          0          0          0          0          0   indicate_semi.o
         2          0          0          0          0          0   libinit.o
         6          0          0          0          0          0   libinit2.o
         2          0          0          0          0          0   libshutdown.o
         2          0          0          0          0          0   libshutdown2.o
         8          4          0          0         96         68   libspace.o
         2          0          0          0          0          0   rtexit.o
        10          0          0          0          0          0   rtexit2.o
        12          4          0          0          0         68   sys_exit.o
        74          0          0          0          0         80   sys_stackheap_outer.o
         2          0          0          0          0         68   use_no_semi.o
        26          0          0          0          0        116   fpinit.o

    ----------------------------------------------------------------------
       284         16          0          0         96        700   Library Totals
         8          0          0          0          0          0   (incl. Padding)

    ----------------------------------------------------------------------

      Code (inc. data)   RO Data    RW Data    ZI Data      Debug   Library Name

       250         16          0          0         96        584   c_w.l
        26          0          0          0          0        116   fz_wm.l

    ----------------------------------------------------------------------
       284         16          0          0         96        700   Library Totals

    ----------------------------------------------------------------------

==============================================================================


      Code (inc. data)   RO Data    RW Data    ZI Data      Debug   

      2168         50        424          0       1656      18546   Grand Totals
      2168         50        424          0       1656      18546   ELF Image Totals
      2168         50        424          0          0          0   ROM Totals

==============================================================================

    Total RO  Size (Code + RO Data)                 2592 (   2.53kB)
    Total RW  Size (RW Data + ZI Data)              1656 (   1.62kB)
    Total ROM Size (Code + RO Data + RW Data)       2592 (   2.53kB)

==============================================================================

